
> build-orchestrating-bot@0.1.0 test
> cross-env NODE_OPTIONS=--experimental-vm-modules jest --reporters=default --no-cache

node.exe : (node:34416) 
ExperimentalWarning: VM 
Modules is an 
experimental feature and 
might change at any time
At line:1 char:1
+ & "C:\Program 
Files\nodejs/node.exe" 
"C:\Program 
Files\nodejs/node_mo ...
+ ~~~~~~~~~~~~~~~~~~~~~~~~
~~~~~~~~~~~~~~~~~~~~~~~~~~
~~~~~~~~~~~~~~~~~~~
    + CategoryInfo        
      : NotSpecified: ((  
  node:34416) Ex...nge    
 at any time:String) [    
], RemoteException
    + FullyQualifiedError 
   Id : NativeCommandErr  
  or
 
(Use `node 
--trace-warnings ...` to 
show where the warning 
was created)
(node:39032) 
ExperimentalWarning: VM 
Modules is an 
experimental feature and 
might change at any time
(Use `node 
--trace-warnings ...` to 
show where the warning 
was created)
PASS tests/validation/sema
ntic-validator.test.js
(node:28652) 
ExperimentalWarning: VM 
Modules is an 
experimental feature and 
might change at any time
(Use `node 
--trace-warnings ...` to 
show where the warning 
was created)
(node:29288) 
ExperimentalWarning: VM 
Modules is an 
experimental feature and 
might change at any time
(Use `node 
--trace-warnings ...` to 
show where the warning 
was created)
(node:37792) 
ExperimentalWarning: VM 
Modules is an 
experimental feature and 
might change at any time
(Use `node 
--trace-warnings ...` to 
show where the warning 
was created)
PASS tests/validation/prof
iles.test.js
(node:43400) 
ExperimentalWarning: VM 
Modules is an 
experimental feature and 
might change at any time
(Use `node 
--trace-warnings ...` to 
show where the warning 
was created)
PASS tests/export/exporter
s.test.js
  ΓùÅ Console

    console.log
      Γ£ô Loaded config 
from: C:\repos\B.O.B\confi
g\bob.config.json

      at 
loadExternalConfig (src/co
nfig/limits.js:36:17)

    console.log
      Γ£ô Exported 
schematic to: test-exports
\test_schematic.schem

      at 
SchematicExporter.export (
src/export/schematic-expor
ter.js:104:17)

    console.log
        Blocks: 9, Size: 
3x1x3

      at 
SchematicExporter.export (
src/export/schematic-expor
ter.js:105:17)

    console.log
      Γ£ô Exported 
function to: test-exports\
test_function.mcfunction

      at 
FunctionExporter.export (s
rc/export/function-exporte
r.js:53:17)

    console.log
        Commands: 1, 
Blocks: 1

      at 
FunctionExporter.export (s
rc/export/function-exporte
r.js:54:17)

    console.log
      Γ£ô Exported 
schematic to: test-exports
\unified_test.schem

      at 
SchematicExporter.export (
src/export/schematic-expor
ter.js:104:17)

    console.log
        Blocks: 1, Size: 
1x1x1

      at 
SchematicExporter.export (
src/export/schematic-expor
ter.js:105:17)

    console.log
      Γ£ô Exported 
function to: test-exports\
unified_func.mcfunction

      at 
FunctionExporter.export (s
rc/export/function-exporte
r.js:53:17)

    console.log
        Commands: 1, 
Blocks: 1

      at 
FunctionExporter.export (s
rc/export/function-exporte
r.js:54:17)

(node:41288) 
ExperimentalWarning: VM 
Modules is an 
experimental feature and 
might change at any time
(Use `node 
--trace-warnings ...` to 
show where the warning 
was created)
PASS tests/operations/spir
al-staircase.test.js
(node:34808) 
ExperimentalWarning: VM 
Modules is an 
experimental feature and 
might change at any time
(Use `node 
--trace-warnings ...` to 
show where the warning 
was created)
PASS tests/bugfixes/pixel-
art-regression.test.js
  ΓùÅ Console

    console.log
      Γ£ô Loaded config 
from: C:\repos\B.O.B\confi
g\bob.config.json

      at 
loadExternalConfig (src/co
nfig/limits.js:36:17)

(node:8056) 
ExperimentalWarning: VM 
Modules is an 
experimental feature and 
might change at any time
(Use `node 
--trace-warnings ...` to 
show where the warning 
was created)
PASS tests/config/build-ty
pes.test.js
(node:40448) 
ExperimentalWarning: VM 
Modules is an 
experimental feature and 
might change at any time
(Use `node 
--trace-warnings ...` to 
show where the warning 
was created)
PASS tests/utils/normalize
r.test.js
(node:43644) 
ExperimentalWarning: VM 
Modules is an 
experimental feature and 
might change at any time
(Use `node 
--trace-warnings ...` to 
show where the warning 
was created)
PASS tests/worldedit/circu
it-breaker.test.js
  ΓùÅ Console

    console.log
      Γ£ô Loaded config 
from: C:\repos\B.O.B\confi
g\bob.config.json

      at 
loadExternalConfig (src/co
nfig/limits.js:36:17)

    console.warn
      [CircuitBreaker] 
Circuit OPEN - 5 
consecutive failures 
(test failure)

    [0m [90m 79 |[39m  
   [36mif[39m ([36mthis
[39m[33m.[39mstate 
[33m===[39m 
[32m'CLOSED'[39m 
[33m&&[39m [36mthis[39
m[33m.[39mconsecutiveFai
lures [33m>=[39m [36mth
is[39m[33m.[39mfailureT
hreshold) {
     [90m 80 |[39m      
 [36mthis[39m[33m.[39m
_transitionTo([32m'OPEN'
[39m)[33m;[39m
    
[31m[1m>[22m[39m[90m 
81 |[39m       console[3
3m.[39mwarn([32m`[Circui
tBreaker] Circuit OPEN - $
{this.consecutiveFailures}
 consecutive failures (${r
eason})`[39m)[33m;[39m
     [90m    |[39m      
         
[31m[1m^[22m[39m
     [90m 82 |[39m     }
     [90m 83 |[39m   }
     [90m 84 |[39m[0m

      at CircuitBreaker.re
cordFailure (src/worldedit
/executor.js:81:15)
      at 
Object.<anonymous> (tests/
worldedit/circuit-breaker.
test.js:46:17)

    console.warn
      [CircuitBreaker] 
Circuit OPEN - 3 
consecutive timeouts

    [0m [90m 102 |[39m 
    [36mif[39m ([36mthi
s[39m[33m.[39mstate 
[33m===[39m 
[32m'CLOSED'[39m 
[33m&&[39m [36mthis[39
m[33m.[39mconsecutiveTim
eouts [33m>=[39m [36mth
is[39m[33m.[39mtimeoutT
hreshold) {
     [90m 103 |[39m     
  [36mthis[39m[33m.[39
m_transitionTo([32m'OPEN'
[39m)[33m;[39m
    
[31m[1m>[22m[39m[90m 
104 |[39m       console[
33m.[39mwarn([32m`[Circu
itBreaker] Circuit OPEN - 
${this.consecutiveTimeouts
} consecutive 
timeouts`[39m)[33m;[39m
     [90m     |[39m     
          
[31m[1m^[22m[39m
     [90m 105 |[39m     
}
     [90m 106 |[39m   }
     [90m 107 |[39m[0m

      at CircuitBreaker.re
cordTimeout (src/worldedit
/executor.js:104:15)
      at 
Object.<anonymous> (tests/
worldedit/circuit-breaker.
test.js:80:17)

    console.warn
      [CircuitBreaker] 
Circuit OPEN - 5 
consecutive failures 
(test)

    [0m [90m 79 |[39m  
   [36mif[39m ([36mthis
[39m[33m.[39mstate 
[33m===[39m 
[32m'CLOSED'[39m 
[33m&&[39m [36mthis[39
m[33m.[39mconsecutiveFai
lures [33m>=[39m [36mth
is[39m[33m.[39mfailureT
hreshold) {
     [90m 80 |[39m      
 [36mthis[39m[33m.[39m
_transitionTo([32m'OPEN'
[39m)[33m;[39m
    
[31m[1m>[22m[39m[90m 
81 |[39m       console[3
3m.[39mwarn([32m`[Circui
tBreaker] Circuit OPEN - $
{this.consecutiveFailures}
 consecutive failures (${r
eason})`[39m)[33m;[39m
     [90m    |[39m      
         
[31m[1m^[22m[39m
     [90m 82 |[39m     }
     [90m 83 |[39m   }
     [90m 84 |[39m[0m

      at CircuitBreaker.re
cordFailure (src/worldedit
/executor.js:81:15)
      at 
Object.<anonymous> (tests/
worldedit/circuit-breaker.
test.js:107:17)

    console.warn
      [CircuitBreaker] 
Circuit OPEN - 5 
consecutive failures 
(test)

    [0m [90m 79 |[39m  
   [36mif[39m ([36mthis
[39m[33m.[39mstate 
[33m===[39m 
[32m'CLOSED'[39m 
[33m&&[39m [36mthis[39
m[33m.[39mconsecutiveFai
lures [33m>=[39m [36mth
is[39m[33m.[39mfailureT
hreshold) {
     [90m 80 |[39m      
 [36mthis[39m[33m.[39m
_transitionTo([32m'OPEN'
[39m)[33m;[39m
    
[31m[1m>[22m[39m[90m 
81 |[39m       console[3
3m.[39mwarn([32m`[Circui
tBreaker] Circuit OPEN - $
{this.consecutiveFailures}
 consecutive failures (${r
eason})`[39m)[33m;[39m
     [90m    |[39m      
         
[31m[1m^[22m[39m
     [90m 82 |[39m     }
     [90m 83 |[39m   }
     [90m 84 |[39m[0m

      at CircuitBreaker.re
cordFailure (src/worldedit
/executor.js:81:15)
      at 
Object.<anonymous> (tests/
worldedit/circuit-breaker.
test.js:107:17)

    console.warn
      [CircuitBreaker] 
Circuit OPEN - 5 
consecutive failures 
(test)

    [0m [90m 79 |[39m  
   [36mif[39m ([36mthis
[39m[33m.[39mstate 
[33m===[39m 
[32m'CLOSED'[39m 
[33m&&[39m [36mthis[39
m[33m.[39mconsecutiveFai
lures [33m>=[39m [36mth
is[39m[33m.[39mfailureT
hreshold) {
     [90m 80 |[39m      
 [36mthis[39m[33m.[39m
_transitionTo([32m'OPEN'
[39m)[33m;[39m
    
[31m[1m>[22m[39m[90m 
81 |[39m       console[3
3m.[39mwarn([32m`[Circui
tBreaker] Circuit OPEN - $
{this.consecutiveFailures}
 consecutive failures (${r
eason})`[39m)[33m;[39m
     [90m    |[39m      
         
[31m[1m^[22m[39m
     [90m 82 |[39m     }
     [90m 83 |[39m   }
     [90m 84 |[39m[0m

      at CircuitBreaker.re
cordFailure (src/worldedit
/executor.js:81:15)
      at 
Object.<anonymous> (tests/
worldedit/circuit-breaker.
test.js:128:17)

    console.log
      [CircuitBreaker] 
Circuit HALF_OPEN - 
testing recovery

      at 
CircuitBreaker.canProceed 
(src/worldedit/executor.js
:124:17)

    console.warn
      [CircuitBreaker] 
Circuit OPEN - 5 
consecutive failures 
(test)

    [0m [90m 79 |[39m  
   [36mif[39m ([36mthis
[39m[33m.[39mstate 
[33m===[39m 
[32m'CLOSED'[39m 
[33m&&[39m [36mthis[39
m[33m.[39mconsecutiveFai
lures [33m>=[39m [36mth
is[39m[33m.[39mfailureT
hreshold) {
     [90m 80 |[39m      
 [36mthis[39m[33m.[39m
_transitionTo([32m'OPEN'
[39m)[33m;[39m
    
[31m[1m>[22m[39m[90m 
81 |[39m       console[3
3m.[39mwarn([32m`[Circui
tBreaker] Circuit OPEN - $
{this.consecutiveFailures}
 consecutive failures (${r
eason})`[39m)[33m;[39m
     [90m    |[39m      
         
[31m[1m^[22m[39m
     [90m 82 |[39m     }
     [90m 83 |[39m   }
     [90m 84 |[39m[0m

      at CircuitBreaker.re
cordFailure (src/worldedit
/executor.js:81:15)
      at 
Object.<anonymous> (tests/
worldedit/circuit-breaker.
test.js:128:17)

    console.warn
      [CircuitBreaker] 
Circuit OPEN - 5 
consecutive failures 
(test)

    [0m [90m 79 |[39m  
   [36mif[39m ([36mthis
[39m[33m.[39mstate 
[33m===[39m 
[32m'CLOSED'[39m 
[33m&&[39m [36mthis[39
m[33m.[39mconsecutiveFai
lures [33m>=[39m [36mth
is[39m[33m.[39mfailureT
hreshold) {
     [90m 80 |[39m      
 [36mthis[39m[33m.[39m
_transitionTo([32m'OPEN'
[39m)[33m;[39m
    
[31m[1m>[22m[39m[90m 
81 |[39m       console[3
3m.[39mwarn([32m`[Circui
tBreaker] Circuit OPEN - $
{this.consecutiveFailures}
 consecutive failures (${r
eason})`[39m)[33m;[39m
     [90m    |[39m      
         
[31m[1m^[22m[39m
     [90m 82 |[39m     }
     [90m 83 |[39m   }
     [90m 84 |[39m[0m

      at CircuitBreaker.re
cordFailure (src/worldedit
/executor.js:81:15)
      at 
Object.<anonymous> (tests/
worldedit/circuit-breaker.
test.js:151:17)

    console.log
      [CircuitBreaker] 
Circuit HALF_OPEN - 
testing recovery

      at 
CircuitBreaker.canProceed 
(src/worldedit/executor.js
:124:17)

    console.warn
      [CircuitBreaker] 
Circuit OPEN - 5 
consecutive failures 
(test)

    [0m [90m 79 |[39m  
   [36mif[39m ([36mthis
[39m[33m.[39mstate 
[33m===[39m 
[32m'CLOSED'[39m 
[33m&&[39m [36mthis[39
m[33m.[39mconsecutiveFai
lures [33m>=[39m [36mth
is[39m[33m.[39mfailureT
hreshold) {
     [90m 80 |[39m      
 [36mthis[39m[33m.[39m
_transitionTo([32m'OPEN'
[39m)[33m;[39m
    
[31m[1m>[22m[39m[90m 
81 |[39m       console[3
3m.[39mwarn([32m`[Circui
tBreaker] Circuit OPEN - $
{this.consecutiveFailures}
 consecutive failures (${r
eason})`[39m)[33m;[39m
     [90m    |[39m      
         
[31m[1m^[22m[39m
     [90m 82 |[39m     }
     [90m 83 |[39m   }
     [90m 84 |[39m[0m

      at CircuitBreaker.re
cordFailure (src/worldedit
/executor.js:81:15)
      at 
Object.<anonymous> (tests/
worldedit/circuit-breaker.
test.js:151:17)

    console.log
      [CircuitBreaker] 
Circuit HALF_OPEN - 
testing recovery

      at 
CircuitBreaker.canProceed 
(src/worldedit/executor.js
:124:17)

    console.log
      [CircuitBreaker] 
Circuit CLOSED - service 
recovered

      at CircuitBreaker.re
cordSuccess (src/worldedit
/executor.js:56:17)

    console.warn
      [CircuitBreaker] 
Circuit OPEN - 5 
consecutive failures 
(test)

    [0m [90m 79 |[39m  
   [36mif[39m ([36mthis
[39m[33m.[39mstate 
[33m===[39m 
[32m'CLOSED'[39m 
[33m&&[39m [36mthis[39
m[33m.[39mconsecutiveFai
lures [33m>=[39m [36mth
is[39m[33m.[39mfailureT
hreshold) {
     [90m 80 |[39m      
 [36mthis[39m[33m.[39m
_transitionTo([32m'OPEN'
[39m)[33m;[39m
    
[31m[1m>[22m[39m[90m 
81 |[39m       console[3
3m.[39mwarn([32m`[Circui
tBreaker] Circuit OPEN - $
{this.consecutiveFailures}
 consecutive failures (${r
eason})`[39m)[33m;[39m
     [90m    |[39m      
         
[31m[1m^[22m[39m
     [90m 82 |[39m     }
     [90m 83 |[39m   }
     [90m 84 |[39m[0m

      at CircuitBreaker.re
cordFailure (src/worldedit
/executor.js:81:15)
      at 
Object.<anonymous> (tests/
worldedit/circuit-breaker.
test.js:151:17)

    console.log
      [CircuitBreaker] 
Circuit HALF_OPEN - 
testing recovery

      at 
CircuitBreaker.canProceed 
(src/worldedit/executor.js
:124:17)

    console.warn
      [CircuitBreaker] 
Circuit OPEN - 5 
consecutive failures 
(test)

    [0m [90m 79 |[39m  
   [36mif[39m ([36mthis
[39m[33m.[39mstate 
[33m===[39m 
[32m'CLOSED'[39m 
[33m&&[39m [36mthis[39
m[33m.[39mconsecutiveFai
lures [33m>=[39m [36mth
is[39m[33m.[39mfailureT
hreshold) {
     [90m 80 |[39m      
 [36mthis[39m[33m.[39m
_transitionTo([32m'OPEN'
[39m)[33m;[39m
    
[31m[1m>[22m[39m[90m 
81 |[39m       console[3
3m.[39mwarn([32m`[Circui
tBreaker] Circuit OPEN - $
{this.consecutiveFailures}
 consecutive failures (${r
eason})`[39m)[33m;[39m
     [90m    |[39m      
         
[31m[1m^[22m[39m
     [90m 82 |[39m     }
     [90m 83 |[39m   }
     [90m 84 |[39m[0m

      at CircuitBreaker.re
cordFailure (src/worldedit
/executor.js:81:15)
      at 
Object.<anonymous> (tests/
worldedit/circuit-breaker.
test.js:151:17)

    console.log
      [CircuitBreaker] 
Circuit HALF_OPEN - 
testing recovery

      at 
CircuitBreaker.canProceed 
(src/worldedit/executor.js
:124:17)

    console.warn
      [CircuitBreaker] 
Circuit re-OPENED - 
failure during recovery 
test: failed during 
half-open

    [0m [90m 73 |[39m  
     [90m// Any failure 
in half-open immediately 
reopens circuit[39m
     [90m 74 |[39m      
 [36mthis[39m[33m.[39m
_transitionTo([32m'OPEN'
[39m)[33m;[39m
    
[31m[1m>[22m[39m[90m 
75 |[39m       console[3
3m.[39mwarn([32m`[Circui
tBreaker] Circuit 
re-OPENED - failure 
during recovery test: ${re
ason}`[39m)[33m;[39m
     [90m    |[39m      
         
[31m[1m^[22m[39m
     [90m 76 |[39m      
 [36mreturn[39m[33m;[3
9m
     [90m 77 |[39m     }
     [90m 78 |[39m[0m

      at CircuitBreaker.re
cordFailure (src/worldedit
/executor.js:75:15)
      at 
Object.<anonymous> (tests/
worldedit/circuit-breaker.
test.js:175:15)

    console.warn
      [CircuitBreaker] 
Circuit OPEN - 3 
consecutive failures 
(test)

    [0m [90m 79 |[39m  
   [36mif[39m ([36mthis
[39m[33m.[39mstate 
[33m===[39m 
[32m'CLOSED'[39m 
[33m&&[39m [36mthis[39
m[33m.[39mconsecutiveFai
lures [33m>=[39m [36mth
is[39m[33m.[39mfailureT
hreshold) {
     [90m 80 |[39m      
 [36mthis[39m[33m.[39m
_transitionTo([32m'OPEN'
[39m)[33m;[39m
    
[31m[1m>[22m[39m[90m 
81 |[39m       console[3
3m.[39mwarn([32m`[Circui
tBreaker] Circuit OPEN - $
{this.consecutiveFailures}
 consecutive failures (${r
eason})`[39m)[33m;[39m
     [90m    |[39m      
         
[31m[1m^[22m[39m
     [90m 82 |[39m     }
     [90m 83 |[39m   }
     [90m 84 |[39m[0m

      at CircuitBreaker.re
cordFailure (src/worldedit
/executor.js:81:15)
      at 
Object.<anonymous> (tests/
worldedit/circuit-breaker.
test.js:189:21)

    console.warn
      [CircuitBreaker] 
Circuit OPEN - 2 
consecutive timeouts

    [0m [90m 102 |[39m 
    [36mif[39m ([36mthi
s[39m[33m.[39mstate 
[33m===[39m 
[32m'CLOSED'[39m 
[33m&&[39m [36mthis[39
m[33m.[39mconsecutiveTim
eouts [33m>=[39m [36mth
is[39m[33m.[39mtimeoutT
hreshold) {
     [90m 103 |[39m     
  [36mthis[39m[33m.[39
m_transitionTo([32m'OPEN'
[39m)[33m;[39m
    
[31m[1m>[22m[39m[90m 
104 |[39m       console[
33m.[39mwarn([32m`[Circu
itBreaker] Circuit OPEN - 
${this.consecutiveTimeouts
} consecutive 
timeouts`[39m)[33m;[39m
     [90m     |[39m     
          
[31m[1m^[22m[39m
     [90m 105 |[39m     
}
     [90m 106 |[39m   }
     [90m 107 |[39m[0m

      at CircuitBreaker.re
cordTimeout (src/worldedit
/executor.js:104:15)
      at 
Object.<anonymous> (tests/
worldedit/circuit-breaker.
test.js:200:21)

    console.warn
      [CircuitBreaker] 
Circuit OPEN - 1 
consecutive failures 
(test)

    [0m [90m 79 |[39m  
   [36mif[39m ([36mthis
[39m[33m.[39mstate 
[33m===[39m 
[32m'CLOSED'[39m 
[33m&&[39m [36mthis[39
m[33m.[39mconsecutiveFai
lures [33m>=[39m [36mth
is[39m[33m.[39mfailureT
hreshold) {
     [90m 80 |[39m      
 [36mthis[39m[33m.[39m
_transitionTo([32m'OPEN'
[39m)[33m;[39m
    
[31m[1m>[22m[39m[90m 
81 |[39m       console[3
3m.[39mwarn([32m`[Circui
tBreaker] Circuit OPEN - $
{this.consecutiveFailures}
 consecutive failures (${r
eason})`[39m)[33m;[39m
     [90m    |[39m      
         
[31m[1m^[22m[39m
     [90m 82 |[39m     }
     [90m 83 |[39m   }
     [90m 84 |[39m[0m

      at CircuitBreaker.re
cordFailure (src/worldedit
/executor.js:81:15)
      at 
Object.<anonymous> (tests/
worldedit/circuit-breaker.
test.js:211:21)

    console.log
      [CircuitBreaker] 
Circuit HALF_OPEN - 
testing recovery

      at 
CircuitBreaker.canProceed 
(src/worldedit/executor.js
:124:17)

    console.warn
      [CircuitBreaker] 
Circuit OPEN - 1 
consecutive failures 
(test)

    [0m [90m 79 |[39m  
   [36mif[39m ([36mthis
[39m[33m.[39mstate 
[33m===[39m 
[32m'CLOSED'[39m 
[33m&&[39m [36mthis[39
m[33m.[39mconsecutiveFai
lures [33m>=[39m [36mth
is[39m[33m.[39mfailureT
hreshold) {
     [90m 80 |[39m      
 [36mthis[39m[33m.[39m
_transitionTo([32m'OPEN'
[39m)[33m;[39m
    
[31m[1m>[22m[39m[90m 
81 |[39m       console[3
3m.[39mwarn([32m`[Circui
tBreaker] Circuit OPEN - $
{this.consecutiveFailures}
 consecutive failures (${r
eason})`[39m)[33m;[39m
     [90m    |[39m      
         
[31m[1m^[22m[39m
     [90m 82 |[39m     }
     [90m 83 |[39m   }
     [90m 84 |[39m[0m

      at CircuitBreaker.re
cordFailure (src/worldedit
/executor.js:81:15)
      at 
Object.<anonymous> (tests/
worldedit/circuit-breaker.
test.js:226:21)

    console.log
      [CircuitBreaker] 
Circuit HALF_OPEN - 
testing recovery

      at 
CircuitBreaker.canProceed 
(src/worldedit/executor.js
:124:17)

    console.log
      [CircuitBreaker] 
Circuit CLOSED - service 
recovered

      at CircuitBreaker.re
cordSuccess (src/worldedit
/executor.js:56:17)

(node:21788) 
ExperimentalWarning: VM 
Modules is an 
experimental feature and 
might change at any time
(Use `node 
--trace-warnings ...` to 
show where the warning 
was created)
(node:9208) 
ExperimentalWarning: VM 
Modules is an 
experimental feature and 
might change at any time
(Use `node 
--trace-warnings ...` to 
show where the warning 
was created)
(node:40824) 
ExperimentalWarning: VM 
Modules is an 
experimental feature and 
might change at any time
(Use `node 
--trace-warnings ...` to 
show where the warning 
was created)
PASS tests/memory/build-me
mory.test.js
  ΓùÅ Console

    console.log
      Γ£ô Loaded config 
from: C:\repos\B.O.B\confi
g\bob.config.json

      at 
loadExternalConfig (src/co
nfig/limits.js:36:17)

    console.log
      Γ£ô Created memory 
storage: ./test-bob-memory

      at BuildMemory.ensur
eStorageDir (src/memory/bu
ild-memory.js:51:21)

    console.log
      Γ£ô Created memory 
storage: ./test-bob-memory

      at BuildMemory.ensur
eStorageDir (src/memory/bu
ild-memory.js:51:21)

    console.log
      Γ£ô Created memory 
storage: ./test-bob-memory

      at BuildMemory.ensur
eStorageDir (src/memory/bu
ild-memory.js:51:21)

    console.log
      Γ£ô Pattern 
recorded: 
house_medieval_small 
(quality: 90%)

      at 
BuildMemory.recordPattern 
(src/memory/build-memory.j
s:141:17)

    console.log
      Γ£ô Created memory 
storage: ./test-bob-memory

      at BuildMemory.ensur
eStorageDir (src/memory/bu
ild-memory.js:51:21)

    console.log
        Pattern not 
saved: quality 50% < 80%

      at 
BuildMemory.recordPattern 
(src/memory/build-memory.j
s:101:21)

    console.log
      Γ£ô Created memory 
storage: ./test-bob-memory

      at BuildMemory.ensur
eStorageDir (src/memory/bu
ild-memory.js:51:21)

    console.log
      Γ£ô Pattern 
recorded: 
house_medieval_small 
(quality: 85%)

      at 
BuildMemory.recordPattern 
(src/memory/build-memory.j
s:141:17)

    console.log
      Γ£ô Pattern 
recorded: 
house_medieval_small 
(quality: 95%)

      at 
BuildMemory.recordPattern 
(src/memory/build-memory.j
s:141:17)

    console.log
      Γ£ô Created memory 
storage: ./test-bob-memory

      at BuildMemory.ensur
eStorageDir (src/memory/bu
ild-memory.js:51:21)

    console.log
      Γ£ô Pattern 
recorded: 
house_medieval_small 
(quality: 85%)

      at 
BuildMemory.recordPattern 
(src/memory/build-memory.j
s:141:17)

    console.log
      Γ£ô Pattern 
recorded: 
house_medieval_small 
(quality: 95%)

      at 
BuildMemory.recordPattern 
(src/memory/build-memory.j
s:141:17)

    console.log
      Γ£ô Created memory 
storage: ./test-bob-memory

      at BuildMemory.ensur
eStorageDir (src/memory/bu
ild-memory.js:51:21)

    console.log
      Γ£ô Created memory 
storage: ./test-bob-memory

      at BuildMemory.ensur
eStorageDir (src/memory/bu
ild-memory.js:51:21)

    console.log
      Γ£ô Created memory 
storage: ./test-bob-memory

      at BuildMemory.ensur
eStorageDir (src/memory/bu
ild-memory.js:51:21)

    console.log
      Γ£ô Created memory 
storage: ./test-bob-memory

      at BuildMemory.ensur
eStorageDir (src/memory/bu
ild-memory.js:51:21)

    console.log
      Γ£ô Pattern 
recorded: 
house_default_small 
(quality: 90%)

      at 
BuildMemory.recordPattern 
(src/memory/build-memory.j
s:141:17)

    console.log
      Γ£ô Pattern 
recorded: 
castle_default_medium 
(quality: 85%)

      at 
BuildMemory.recordPattern 
(src/memory/build-memory.j
s:141:17)

    console.log
      Γ£ô Created memory 
storage: ./test-bob-memory

      at BuildMemory.ensur
eStorageDir (src/memory/bu
ild-memory.js:51:21)

    console.log
      Γ£ô Pattern 
recorded: 
house_medieval_small 
(quality: 85%)

      at 
BuildMemory.recordPattern 
(src/memory/build-memory.j
s:141:17)

    console.log
      Γ£ô Pattern 
recorded: 
house_modern_small 
(quality: 90%)

      at 
BuildMemory.recordPattern 
(src/memory/build-memory.j
s:141:17)

    console.log
      Γ£ô Created memory 
storage: ./test-bob-memory

      at BuildMemory.ensur
eStorageDir (src/memory/bu
ild-memory.js:51:21)

    console.log
      Γ£ô Pattern 
recorded: 
tower_fantasy_medium 
(quality: 95%)

      at 
BuildMemory.recordPattern 
(src/memory/build-memory.j
s:141:17)

    console.log
      Γ£ô Pattern 
recorded: 
tower_medieval_small 
(quality: 88%)

      at 
BuildMemory.recordPattern 
(src/memory/build-memory.j
s:141:17)

    console.log
      Γ£ô Created memory 
storage: ./test-bob-memory

      at BuildMemory.ensur
eStorageDir (src/memory/bu
ild-memory.js:51:21)

    console.log
      Γ£ô Pattern 
recorded: 
house_medieval_small 
(quality: 92%)

      at 
BuildMemory.recordPattern 
(src/memory/build-memory.j
s:141:17)

    console.log
      Γ£ô Created memory 
storage: ./test-bob-memory

      at BuildMemory.ensur
eStorageDir (src/memory/bu
ild-memory.js:51:21)

    console.log
      Γ£ô Created memory 
storage: ./test-bob-memory

      at BuildMemory.ensur
eStorageDir (src/memory/bu
ild-memory.js:51:21)

    console.log
      Γ£ô Pattern 
recorded: 
type0_default_small 
(quality: 80%)

      at 
BuildMemory.recordPattern 
(src/memory/build-memory.j
s:141:17)

    console.log
      Γ£ô Pattern 
recorded: 
type1_default_small 
(quality: 82%)

      at 
BuildMemory.recordPattern 
(src/memory/build-memory.j
s:141:17)

    console.log
      Γ£ô Pattern 
recorded: 
type2_default_small 
(quality: 84%)

      at 
BuildMemory.recordPattern 
(src/memory/build-memory.j
s:141:17)

    console.log
      Γ£ô Pattern 
recorded: 
type3_default_small 
(quality: 86%)

      at 
BuildMemory.recordPattern 
(src/memory/build-memory.j
s:141:17)

    console.log
      Γ£ô Pattern 
recorded: 
type4_default_small 
(quality: 88%)

      at 
BuildMemory.recordPattern 
(src/memory/build-memory.j
s:141:17)

    console.log
        Pruned pattern: 
type0_default_small

      at 
BuildMemory.prunePatterns 
(src/memory/build-memory.j
s:273:21)

    console.log
      Γ£ô Pattern 
recorded: 
type5_default_small 
(quality: 90%)

      at 
BuildMemory.recordPattern 
(src/memory/build-memory.j
s:141:17)

    console.log
      Γ£ô Created memory 
storage: ./test-bob-memory

      at BuildMemory.ensur
eStorageDir (src/memory/bu
ild-memory.js:51:21)

    console.log
      Γ£ô Pattern 
recorded: 
house_persisted_small 
(quality: 90%)

      at 
BuildMemory.recordPattern 
(src/memory/build-memory.j
s:141:17)

    console.log
      Γ£ô Loaded 1 
patterns, 1 corrections

      at BuildMemory.load 
(src/memory/build-memory.j
s:65:25)

    console.log
      Γ£ô Created memory 
storage: ./test-bob-memory

      at BuildMemory.ensur
eStorageDir (src/memory/bu
ild-memory.js:51:21)

    console.log
      Γ£ô Pattern 
recorded: 
house_default_small 
(quality: 85%)

      at 
BuildMemory.recordPattern 
(src/memory/build-memory.j
s:141:17)

    console.log
      Γ£ô Pattern 
recorded: 
castle_default_medium 
(quality: 95%)

      at 
BuildMemory.recordPattern 
(src/memory/build-memory.j
s:141:17)

    console.log
      Γ£ô Created memory 
storage: ./test-bob-memory

      at BuildMemory.ensur
eStorageDir (src/memory/bu
ild-memory.js:51:21)

    console.log
      Γ£ô Pattern 
recorded: 
house_default_small 
(quality: 90%)

      at 
BuildMemory.recordPattern 
(src/memory/build-memory.j
s:141:17)

(node:20152) 
ExperimentalWarning: VM 
Modules is an 
experimental feature and 
might change at any time
(Use `node 
--trace-warnings ...` to 
show where the warning 
was created)
PASS tests/integration/bui
lder-command-gen.test.js
  ΓùÅ Console

    console.log
      Γ£ô Loaded config 
from: C:\repos\B.O.B\confi
g\bob.config.json

      at 
loadExternalConfig (src/co
nfig/limits.js:36:17)

    console.log
      Sanitizing 
blueprint...

      at BlueprintSanitize
r.sanitize (src/utils/blue
print-sanitizer.js:56:17)

    console.log
        [Terrain] 
Scanning build footprint 
for ground level...

      at 
Builder.executeBlueprint (
src/stages/5-builder.js:65
4:15)

    console.log
        ΓÜá No solid 
ground found within 
search depth. Building at 
current position.

      at 
Builder.executeBlueprint (
src/stages/5-builder.js:66
6:17)

    console.log
      Starting build 
execution...

      at 
Builder.executeBlueprint (
src/stages/5-builder.js:67
4:15)

    console.log
        Location: 100, 
64, 100

      at 
Builder.executeBlueprint (
src/stages/5-builder.js:67
5:15)

    console.log
        Total steps: 1

      at 
Builder.executeBlueprint (
src/stages/5-builder.js:67
6:15)

    console.log
        WorldEdit: ENABLED

      at 
Builder.executeBlueprint (
src/stages/5-builder.js:67
7:15)

    console.log
      
      ΓåÆ Validating 
build area...

      at 
Builder.executeBlueprint (
src/stages/5-builder.js:68
0:15)

    console.log
        Chunks: 0/0 loaded

      at 
Builder.executeBlueprint (
src/stages/5-builder.js:69
8:15)

    console.log
      
      ΓåÆ Validating 
materials...

      at 
Builder.executeBlueprint (
src/stages/5-builder.js:70
1:15)

    console.log
      Γ£ô All required 
materials available (0 
types)

      at 
Builder.executeBlueprint (
src/stages/5-builder.js:70
3:15)

    console.log
        [State] Build 
started: 84654825-0dce-49f
7-9aa6-cf3c00d1040e

      at BuildStateManager
.startBuild (src/state/bui
ld-state.js:82:13)

    console.log
        Build ID: 84654825
-0dce-49f7-9aa6-cf3c00d104
0e

      at 
Builder.executeBlueprint (
src/stages/5-builder.js:72
0:15)

    console.log
      
      ΓåÆ Scanning build 
area for obstructions...

      at 
Builder.executeBlueprint (
src/stages/5-builder.js:73
3:15)

    console.log
        Γ£ô Build area is 
clear

      at 
Builder.executeBlueprint (
src/stages/5-builder.js:74
4:17)

    console.log
        Step 1/1: 
we_sphere

      at 
Builder.executeBlueprint (
src/stages/5-builder.js:79
5:17)

    console.log
        [State] Build 
completed: 84654825-0dce-4
9f7-9aa6-cf3c00d1040e

      at BuildStateManager
.completeBuild (src/state/
build-state.js:162:13)

    console.log
        [State] Cleaned 
up 1 old state files

      at BuildStateManager
.cleanupOldStates (src/sta
te/build-state.js:354:17)

    console.log
      Γ£ô Build completed 
in 0.0s

      at 
Builder.executeBlueprint (
src/stages/5-builder.js:89
8:15)

    console.log
        Blocks placed: 0

      at 
Builder.executeBlueprint (
src/stages/5-builder.js:89
9:15)

    console.log
        WorldEdit ops: 1

      at 
Builder.executeBlueprint (
src/stages/5-builder.js:90
6:15)

    console.log
      
      ΓöîΓöÇΓöÇΓöÇΓöÇΓöÇΓö
ÇΓöÇΓöÇΓöÇΓöÇΓöÇΓöÇΓöÇΓöÇΓ
öÇΓöÇΓöÇΓöÇΓöÇΓöÇΓöÇΓöÇΓöÇ
ΓöÇΓöÇΓöÇΓöÇΓöÇΓöÇΓöÇΓöÇΓö
ÇΓöÇΓöÇΓöÇΓöÇΓöÇΓöÇΓöÇΓöÇΓ
öÇΓöÇΓöÇΓöÇΓöÇΓöÇΓöÇΓöÇΓöÇ
ΓöÇΓöÇΓöÇΓöÇΓöÇΓöÇΓöÇΓöÇ

      at PerformanceMetric
s.printSummary (src/utils/
performance-metrics.js:164
:13)

    console.log
      Γöé BUILD METRICS

      at PerformanceMetric
s.printSummary (src/utils/
performance-metrics.js:165
:13)

    console.log
      Γö£ΓöÇΓöÇΓöÇΓöÇΓöÇΓö
ÇΓöÇΓöÇΓöÇΓöÇΓöÇΓöÇΓöÇΓöÇΓ
öÇΓöÇΓöÇΓöÇΓöÇΓöÇΓöÇΓöÇΓöÇ
ΓöÇΓöÇΓöÇΓöÇΓöÇΓöÇΓöÇΓöÇΓö
ÇΓöÇΓöÇΓöÇΓöÇΓöÇΓöÇΓöÇΓöÇΓ
öÇΓöÇΓöÇΓöÇΓöÇΓöÇΓöÇΓöÇΓöÇ
ΓöÇΓöÇΓöÇΓöÇΓöÇΓöÇΓöÇΓöÇ

      at PerformanceMetric
s.printSummary (src/utils/
performance-metrics.js:166
:13)

    console.log
      Γöé Dimensions: 
10x10x10

      at PerformanceMetric
s.printSummary (src/utils/
performance-metrics.js:171
:15)

    console.log
      Γöé Unique Blocks: 
1 (diamond_block)

      at PerformanceMetric
s.printSummary (src/utils/
performance-metrics.js:178
:15)

    console.log
      Γöé Approx Block 
Count: ~1,000

      at PerformanceMetric
s.printSummary (src/utils/
performance-metrics.js:183
:15)

    console.log
      Γöé Total Blocks 
Placed: 0

      at PerformanceMetric
s.printSummary (src/utils/
performance-metrics.js:186
:13)

    console.log
      Γöé Build Time: 0.0s

      at PerformanceMetric
s.printSummary (src/utils/
performance-metrics.js:187
:13)

    console.log
      Γö£ΓöÇΓöÇΓöÇΓöÇΓöÇΓö
ÇΓöÇΓöÇΓöÇΓöÇΓöÇΓöÇΓöÇΓöÇΓ
öÇΓöÇΓöÇΓöÇΓöÇΓöÇΓöÇΓöÇΓöÇ
ΓöÇΓöÇΓöÇΓöÇΓöÇΓöÇΓöÇΓöÇΓö
ÇΓöÇΓöÇΓöÇΓöÇΓöÇΓöÇΓöÇΓöÇΓ
öÇΓöÇΓöÇΓöÇΓöÇΓöÇΓöÇΓöÇΓöÇ
ΓöÇΓöÇΓöÇΓöÇΓöÇΓöÇΓöÇΓöÇ

      at PerformanceMetric
s.printSummary (src/utils/
performance-metrics.js:189
:13)

    console.log
      Γöé Operations:

      at PerformanceMetric
s.printSummary (src/utils/
performance-metrics.js:190
:13)

    console.log
      Γöé   WorldEdit: 1 
ops

      at PerformanceMetric
s.printSummary (src/utils/
performance-metrics.js:191
:13)

    console.log
      Γöé   Vanilla: 0 ops

      at PerformanceMetric
s.printSummary (src/utils/
performance-metrics.js:192
:13)

    console.log
      Γöé   Total: 1 ops

      at PerformanceMetric
s.printSummary (src/utils/
performance-metrics.js:193
:13)

    console.log
      Γö£ΓöÇΓöÇΓöÇΓöÇΓöÇΓö
ÇΓöÇΓöÇΓöÇΓöÇΓöÇΓöÇΓöÇΓöÇΓ
öÇΓöÇΓöÇΓöÇΓöÇΓöÇΓöÇΓöÇΓöÇ
ΓöÇΓöÇΓöÇΓöÇΓöÇΓöÇΓöÇΓöÇΓö
ÇΓöÇΓöÇΓöÇΓöÇΓöÇΓöÇΓöÇΓöÇΓ
öÇΓöÇΓöÇΓöÇΓöÇΓöÇΓöÇΓöÇΓöÇ
ΓöÇΓöÇΓöÇΓöÇΓöÇΓöÇΓöÇΓöÇ

      at PerformanceMetric
s.printSummary (src/utils/
performance-metrics.js:198
:15)

    console.log
      Γöé WorldEdit Usage:

      at PerformanceMetric
s.printSummary (src/utils/
performance-metrics.js:199
:15)

    console.log
      Γöé   Spheres: 1

      at PerformanceMetric
s.printSummary (src/utils/
performance-metrics.js:207
:15)

    console.log
      Γöé   Total WE 
Commands: 1

      at PerformanceMetric
s.printSummary (src/utils/
performance-metrics.js:208
:15)

    console.log
      Γö£ΓöÇΓöÇΓöÇΓöÇΓöÇΓö
ÇΓöÇΓöÇΓöÇΓöÇΓöÇΓöÇΓöÇΓöÇΓ
öÇΓöÇΓöÇΓöÇΓöÇΓöÇΓöÇΓöÇΓöÇ
ΓöÇΓöÇΓöÇΓöÇΓöÇΓöÇΓöÇΓöÇΓö
ÇΓöÇΓöÇΓöÇΓöÇΓöÇΓöÇΓöÇΓöÇΓ
öÇΓöÇΓöÇΓöÇΓöÇΓöÇΓöÇΓöÇΓöÇ
ΓöÇΓöÇΓöÇΓöÇΓöÇΓöÇΓöÇΓöÇ

      at PerformanceMetric
s.printSummary (src/utils/
performance-metrics.js:211
:13)

    console.log
      Γöé Batching 
Optimization:

      at PerformanceMetric
s.printSummary (src/utils/
performance-metrics.js:212
:13)

    console.log
      Γöé   Blocks 
Batched: 0 (0%)

      at PerformanceMetric
s.printSummary (src/utils/
performance-metrics.js:213
:13)

    console.log
      Γöé   Operations 
Saved: 0

      at PerformanceMetric
s.printSummary (src/utils/
performance-metrics.js:214
:13)

    console.log
      ΓööΓöÇΓöÇΓöÇΓöÇΓöÇΓö
ÇΓöÇΓöÇΓöÇΓöÇΓöÇΓöÇΓöÇΓöÇΓ
öÇΓöÇΓöÇΓöÇΓöÇΓöÇΓöÇΓöÇΓöÇ
ΓöÇΓöÇΓöÇΓöÇΓöÇΓöÇΓöÇΓöÇΓö
ÇΓöÇΓöÇΓöÇΓöÇΓöÇΓöÇΓöÇΓöÇΓ
öÇΓöÇΓöÇΓöÇΓöÇΓöÇΓöÇΓöÇΓöÇ
ΓöÇΓöÇΓöÇΓöÇΓöÇΓöÇΓöÇΓöÇ

      at PerformanceMetric
s.printSummary (src/utils/
performance-metrics.js:221
:13)

    console.log
        Warnings: 1

      at 
Builder.executeBlueprint (
src/stages/5-builder.js:91
4:17)

    console.log
          1. Step 
undefined: undefined - 
undefined

      at src/stages/5-buil
der.js:916:19
          at 
Array.forEach 
(<anonymous>)

    console.log
      ΓöîΓöÇΓöÇΓöÇΓöÇΓöÇΓö
ÇΓöÇΓöÇΓöÇΓöÇΓöÇΓöÇΓöÇΓöÇΓ
öÇΓöÇΓöÇΓöÇΓöÇΓöÇΓöÇΓöÇΓöÇ
ΓöÇΓöÇΓöÇΓöÇΓöÇΓöÇΓöÇΓöÇΓö
ÇΓöÇΓöÇΓöÇΓöÇΓöÇΓöÇΓöÇΓöÇΓ
öÇΓöÇΓöÇΓöÇΓöÇΓöÇΓöÇΓöÇΓöÇ
ΓöÇΓöÇΓöÇΓöÇΓöÇΓöÇΓöÇΓöÇ

      at Builder.generateB
uildReport (src/stages/5-b
uilder.js:973:13)

    console.log
      Γöé BUILD REPORT

      at Builder.generateB
uildReport (src/stages/5-b
uilder.js:974:13)

    console.log
      Γö£ΓöÇΓöÇΓöÇΓöÇΓöÇΓö
ÇΓöÇΓöÇΓöÇΓöÇΓöÇΓöÇΓöÇΓöÇΓ
öÇΓöÇΓöÇΓöÇΓöÇΓöÇΓöÇΓöÇΓöÇ
ΓöÇΓöÇΓöÇΓöÇΓöÇΓöÇΓöÇΓöÇΓö
ÇΓöÇΓöÇΓöÇΓöÇΓöÇΓöÇΓöÇΓöÇΓ
öÇΓöÇΓöÇΓöÇΓöÇΓöÇΓöÇΓöÇΓöÇ
ΓöÇΓöÇΓöÇΓöÇΓöÇΓöÇΓöÇΓöÇ

      at Builder.generateB
uildReport (src/stages/5-b
uilder.js:975:13)

    console.log
      Γöé Type: undefined

      at Builder.generateB
uildReport (src/stages/5-b
uilder.js:976:13)

    console.log
      Γöé Size: 10x10x10

      at Builder.generateB
uildReport (src/stages/5-b
uilder.js:977:13)

    console.log
      Γöé Duration: 0s

      at Builder.generateB
uildReport (src/stages/5-b
uilder.js:978:13)

    console.log
      Γöé Blocks: 0 
(0.0/s)

      at Builder.generateB
uildReport (src/stages/5-b
uilder.js:979:13)

    console.log
      Γöé Success: ΓÜá

      at Builder.generateB
uildReport (src/stages/5-b
uilder.js:980:13)

    console.log
      ΓööΓöÇΓöÇΓöÇΓöÇΓöÇΓö
ÇΓöÇΓöÇΓöÇΓöÇΓöÇΓöÇΓöÇΓöÇΓ
öÇΓöÇΓöÇΓöÇΓöÇΓöÇΓöÇΓöÇΓöÇ
ΓöÇΓöÇΓöÇΓöÇΓöÇΓöÇΓöÇΓöÇΓö
ÇΓöÇΓöÇΓöÇΓöÇΓöÇΓöÇΓöÇΓöÇΓ
öÇΓöÇΓöÇΓöÇΓöÇΓöÇΓöÇΓöÇΓöÇ
ΓöÇΓöÇΓöÇΓöÇΓöÇΓöÇΓöÇΓöÇ

      at Builder.generateB
uildReport (src/stages/5-b
uilder.js:981:13)

    console.log
          ΓåÆ Verifying 
build integrity (The 
Eye)...

      at 
Builder.verifyBuild (src/s
tages/5-builder.js:992:13)

    console.log
            (No 
verifiable blocks found 
in blueprint)

      at 
Builder.verifyBuild (src/s
tages/5-builder.js:1047:15
)

    console.log
      Sanitizing 
blueprint...

      at BlueprintSanitize
r.sanitize (src/utils/blue
print-sanitizer.js:56:17)

    console.log
        [Terrain] 
Scanning build footprint 
for ground level...

      at 
Builder.executeBlueprint (
src/stages/5-builder.js:65
4:15)

    console.log
        ΓÜá No solid 
ground found within 
search depth. Building at 
current position.

      at 
Builder.executeBlueprint (
src/stages/5-builder.js:66
6:17)

    console.log
      Starting build 
execution...

      at 
Builder.executeBlueprint (
src/stages/5-builder.js:67
4:15)

    console.log
        Location: 100, 
64, 100

      at 
Builder.executeBlueprint (
src/stages/5-builder.js:67
5:15)

    console.log
        Total steps: 1

      at 
Builder.executeBlueprint (
src/stages/5-builder.js:67
6:15)

    console.log
        WorldEdit: ENABLED

      at 
Builder.executeBlueprint (
src/stages/5-builder.js:67
7:15)

    console.log
      
      ΓåÆ Validating 
build area...

      at 
Builder.executeBlueprint (
src/stages/5-builder.js:68
0:15)

    console.log
        Chunks: 0/0 loaded

      at 
Builder.executeBlueprint (
src/stages/5-builder.js:69
8:15)

    console.log
      
      ΓåÆ Validating 
materials...

      at 
Builder.executeBlueprint (
src/stages/5-builder.js:70
1:15)

    console.log
      Γ£ô All required 
materials available (0 
types)

      at 
Builder.executeBlueprint (
src/stages/5-builder.js:70
3:15)

    console.log
        [State] Build 
started: 57602512-5b2d-4a9
8-ad90-990a421b6066

      at BuildStateManager
.startBuild (src/state/bui
ld-state.js:82:13)

    console.log
        Build ID: 57602512
-5b2d-4a98-ad90-990a421b60
66

      at 
Builder.executeBlueprint (
src/stages/5-builder.js:72
0:15)

    console.log
      
      ΓåÆ Scanning build 
area for obstructions...

      at 
Builder.executeBlueprint (
src/stages/5-builder.js:73
3:15)

    console.log
        Γ£ô Build area is 
clear

      at 
Builder.executeBlueprint (
src/stages/5-builder.js:74
4:17)

    console.log
        Step 1/1: 
we_cylinder

      at 
Builder.executeBlueprint (
src/stages/5-builder.js:79
5:17)

    console.log
        [State] Build 
completed: 57602512-5b2d-4
a98-ad90-990a421b6066

      at BuildStateManager
.completeBuild (src/state/
build-state.js:162:13)

    console.log
        [State] Cleaned 
up 1 old state files

      at BuildStateManager
.cleanupOldStates (src/sta
te/build-state.js:354:17)

    console.log
      Γ£ô Build completed 
in 0.0s

      at 
Builder.executeBlueprint (
src/stages/5-builder.js:89
8:15)

    console.log
        Blocks placed: 0

      at 
Builder.executeBlueprint (
src/stages/5-builder.js:89
9:15)

    console.log
        WorldEdit ops: 1

      at 
Builder.executeBlueprint (
src/stages/5-builder.js:90
6:15)

    console.log
      
      ΓöîΓöÇΓöÇΓöÇΓöÇΓöÇΓö
ÇΓöÇΓöÇΓöÇΓöÇΓöÇΓöÇΓöÇΓöÇΓ
öÇΓöÇΓöÇΓöÇΓöÇΓöÇΓöÇΓöÇΓöÇ
ΓöÇΓöÇΓöÇΓöÇΓöÇΓöÇΓöÇΓöÇΓö
ÇΓöÇΓöÇΓöÇΓöÇΓöÇΓöÇΓöÇΓöÇΓ
öÇΓöÇΓöÇΓöÇΓöÇΓöÇΓöÇΓöÇΓöÇ
ΓöÇΓöÇΓöÇΓöÇΓöÇΓöÇΓöÇΓöÇ

      at PerformanceMetric
s.printSummary (src/utils/
performance-metrics.js:164
:13)

    console.log
      Γöé BUILD METRICS

      at PerformanceMetric
s.printSummary (src/utils/
performance-metrics.js:165
:13)

    console.log
      Γö£ΓöÇΓöÇΓöÇΓöÇΓöÇΓö
ÇΓöÇΓöÇΓöÇΓöÇΓöÇΓöÇΓöÇΓöÇΓ
öÇΓöÇΓöÇΓöÇΓöÇΓöÇΓöÇΓöÇΓöÇ
ΓöÇΓöÇΓöÇΓöÇΓöÇΓöÇΓöÇΓöÇΓö
ÇΓöÇΓöÇΓöÇΓöÇΓöÇΓöÇΓöÇΓöÇΓ
öÇΓöÇΓöÇΓöÇΓöÇΓöÇΓöÇΓöÇΓöÇ
ΓöÇΓöÇΓöÇΓöÇΓöÇΓöÇΓöÇΓöÇ

      at PerformanceMetric
s.printSummary (src/utils/
performance-metrics.js:166
:13)

    console.log
      Γöé Dimensions: 
10x10x10

      at PerformanceMetric
s.printSummary (src/utils/
performance-metrics.js:171
:15)

    console.log
      Γöé Unique Blocks: 
1 (gold_block)

      at PerformanceMetric
s.printSummary (src/utils/
performance-metrics.js:178
:15)

    console.log
      Γöé Approx Block 
Count: ~1,000

      at PerformanceMetric
s.printSummary (src/utils/
performance-metrics.js:183
:15)

    console.log
      Γöé Total Blocks 
Placed: 0

      at PerformanceMetric
s.printSummary (src/utils/
performance-metrics.js:186
:13)

    console.log
      Γöé Build Time: 0.0s

      at PerformanceMetric
s.printSummary (src/utils/
performance-metrics.js:187
:13)

    console.log
      Γö£ΓöÇΓöÇΓöÇΓöÇΓöÇΓö
ÇΓöÇΓöÇΓöÇΓöÇΓöÇΓöÇΓöÇΓöÇΓ
öÇΓöÇΓöÇΓöÇΓöÇΓöÇΓöÇΓöÇΓöÇ
ΓöÇΓöÇΓöÇΓöÇΓöÇΓöÇΓöÇΓöÇΓö
ÇΓöÇΓöÇΓöÇΓöÇΓöÇΓöÇΓöÇΓöÇΓ
öÇΓöÇΓöÇΓöÇΓöÇΓöÇΓöÇΓöÇΓöÇ
ΓöÇΓöÇΓöÇΓöÇΓöÇΓöÇΓöÇΓöÇ

      at PerformanceMetric
s.printSummary (src/utils/
performance-metrics.js:189
:13)

    console.log
      Γöé Operations:

      at PerformanceMetric
s.printSummary (src/utils/
performance-metrics.js:190
:13)

    console.log
      Γöé   WorldEdit: 1 
ops

      at PerformanceMetric
s.printSummary (src/utils/
performance-metrics.js:191
:13)

    console.log
      Γöé   Vanilla: 0 ops

      at PerformanceMetric
s.printSummary (src/utils/
performance-metrics.js:192
:13)

    console.log
      Γöé   Total: 1 ops

      at PerformanceMetric
s.printSummary (src/utils/
performance-metrics.js:193
:13)

    console.log
      Γö£ΓöÇΓöÇΓöÇΓöÇΓöÇΓö
ÇΓöÇΓöÇΓöÇΓöÇΓöÇΓöÇΓöÇΓöÇΓ
öÇΓöÇΓöÇΓöÇΓöÇΓöÇΓöÇΓöÇΓöÇ
ΓöÇΓöÇΓöÇΓöÇΓöÇΓöÇΓöÇΓöÇΓö
ÇΓöÇΓöÇΓöÇΓöÇΓöÇΓöÇΓöÇΓöÇΓ
öÇΓöÇΓöÇΓöÇΓöÇΓöÇΓöÇΓöÇΓöÇ
ΓöÇΓöÇΓöÇΓöÇΓöÇΓöÇΓöÇΓöÇ

      at PerformanceMetric
s.printSummary (src/utils/
performance-metrics.js:198
:15)

    console.log
      Γöé WorldEdit Usage:

      at PerformanceMetric
s.printSummary (src/utils/
performance-metrics.js:199
:15)

    console.log
      Γöé   Cylinders: 1

      at PerformanceMetric
s.printSummary (src/utils/
performance-metrics.js:207
:15)

    console.log
      Γöé   Total WE 
Commands: 1

      at PerformanceMetric
s.printSummary (src/utils/
performance-metrics.js:208
:15)

    console.log
      Γö£ΓöÇΓöÇΓöÇΓöÇΓöÇΓö
ÇΓöÇΓöÇΓöÇΓöÇΓöÇΓöÇΓöÇΓöÇΓ
öÇΓöÇΓöÇΓöÇΓöÇΓöÇΓöÇΓöÇΓöÇ
ΓöÇΓöÇΓöÇΓöÇΓöÇΓöÇΓöÇΓöÇΓö
ÇΓöÇΓöÇΓöÇΓöÇΓöÇΓöÇΓöÇΓöÇΓ
öÇΓöÇΓöÇΓöÇΓöÇΓöÇΓöÇΓöÇΓöÇ
ΓöÇΓöÇΓöÇΓöÇΓöÇΓöÇΓöÇΓöÇ

      at PerformanceMetric
s.printSummary (src/utils/
performance-metrics.js:211
:13)

    console.log
      Γöé Batching 
Optimization:

      at PerformanceMetric
s.printSummary (src/utils/
performance-metrics.js:212
:13)

    console.log
      Γöé   Blocks 
Batched: 0 (0%)

      at PerformanceMetric
s.printSummary (src/utils/
performance-metrics.js:213
:13)

    console.log
      Γöé   Operations 
Saved: 0

      at PerformanceMetric
s.printSummary (src/utils/
performance-metrics.js:214
:13)

    console.log
      ΓööΓöÇΓöÇΓöÇΓöÇΓöÇΓö
ÇΓöÇΓöÇΓöÇΓöÇΓöÇΓöÇΓöÇΓöÇΓ
öÇΓöÇΓöÇΓöÇΓöÇΓöÇΓöÇΓöÇΓöÇ
ΓöÇΓöÇΓöÇΓöÇΓöÇΓöÇΓöÇΓöÇΓö
ÇΓöÇΓöÇΓöÇΓöÇΓöÇΓöÇΓöÇΓöÇΓ
öÇΓöÇΓöÇΓöÇΓöÇΓöÇΓöÇΓöÇΓöÇ
ΓöÇΓöÇΓöÇΓöÇΓöÇΓöÇΓöÇΓöÇ

      at PerformanceMetric
s.printSummary (src/utils/
performance-metrics.js:221
:13)

    console.log
        Warnings: 1

      at 
Builder.executeBlueprint (
src/stages/5-builder.js:91
4:17)

    console.log
          1. Step 
undefined: undefined - 
undefined

      at src/stages/5-buil
der.js:916:19
          at 
Array.forEach 
(<anonymous>)

    console.log
      ΓöîΓöÇΓöÇΓöÇΓöÇΓöÇΓö
ÇΓöÇΓöÇΓöÇΓöÇΓöÇΓöÇΓöÇΓöÇΓ
öÇΓöÇΓöÇΓöÇΓöÇΓöÇΓöÇΓöÇΓöÇ
ΓöÇΓöÇΓöÇΓöÇΓöÇΓöÇΓöÇΓöÇΓö
ÇΓöÇΓöÇΓöÇΓöÇΓöÇΓöÇΓöÇΓöÇΓ
öÇΓöÇΓöÇΓöÇΓöÇΓöÇΓöÇΓöÇΓöÇ
ΓöÇΓöÇΓöÇΓöÇΓöÇΓöÇΓöÇΓöÇ

      at Builder.generateB
uildReport (src/stages/5-b
uilder.js:973:13)

    console.log
      Γöé BUILD REPORT

      at Builder.generateB
uildReport (src/stages/5-b
uilder.js:974:13)

    console.log
      Γö£ΓöÇΓöÇΓöÇΓöÇΓöÇΓö
ÇΓöÇΓöÇΓöÇΓöÇΓöÇΓöÇΓöÇΓöÇΓ
öÇΓöÇΓöÇΓöÇΓöÇΓöÇΓöÇΓöÇΓöÇ
ΓöÇΓöÇΓöÇΓöÇΓöÇΓöÇΓöÇΓöÇΓö
ÇΓöÇΓöÇΓöÇΓöÇΓöÇΓöÇΓöÇΓöÇΓ
öÇΓöÇΓöÇΓöÇΓöÇΓöÇΓöÇΓöÇΓöÇ
ΓöÇΓöÇΓöÇΓöÇΓöÇΓöÇΓöÇΓöÇ

      at Builder.generateB
uildReport (src/stages/5-b
uilder.js:975:13)

    console.log
      Γöé Type: undefined

      at Builder.generateB
uildReport (src/stages/5-b
uilder.js:976:13)

    console.log
      Γöé Size: 10x10x10

      at Builder.generateB
uildReport (src/stages/5-b
uilder.js:977:13)

    console.log
      Γöé Duration: 0s

      at Builder.generateB
uildReport (src/stages/5-b
uilder.js:978:13)

    console.log
      Γöé Blocks: 0 
(0.0/s)

      at Builder.generateB
uildReport (src/stages/5-b
uilder.js:979:13)

    console.log
      Γöé Success: ΓÜá

      at Builder.generateB
uildReport (src/stages/5-b
uilder.js:980:13)

    console.log
      ΓööΓöÇΓöÇΓöÇΓöÇΓöÇΓö
ÇΓöÇΓöÇΓöÇΓöÇΓöÇΓöÇΓöÇΓöÇΓ
öÇΓöÇΓöÇΓöÇΓöÇΓöÇΓöÇΓöÇΓöÇ
ΓöÇΓöÇΓöÇΓöÇΓöÇΓöÇΓöÇΓöÇΓö
ÇΓöÇΓöÇΓöÇΓöÇΓöÇΓöÇΓöÇΓöÇΓ
öÇΓöÇΓöÇΓöÇΓöÇΓöÇΓöÇΓöÇΓöÇ
ΓöÇΓöÇΓöÇΓöÇΓöÇΓöÇΓöÇΓöÇ

      at Builder.generateB
uildReport (src/stages/5-b
uilder.js:981:13)

    console.log
          ΓåÆ Verifying 
build integrity (The 
Eye)...

      at 
Builder.verifyBuild (src/s
tages/5-builder.js:992:13)

    console.log
            (No 
verifiable blocks found 
in blueprint)

      at 
Builder.verifyBuild (src/s
tages/5-builder.js:1047:15
)

    console.log
      Sanitizing 
blueprint...

      at BlueprintSanitize
r.sanitize (src/utils/blue
print-sanitizer.js:56:17)

    console.log
        [Terrain] 
Scanning build footprint 
for ground level...

      at 
Builder.executeBlueprint (
src/stages/5-builder.js:65
4:15)

    console.log
        ΓÜá No solid 
ground found within 
search depth. Building at 
current position.

      at 
Builder.executeBlueprint (
src/stages/5-builder.js:66
6:17)

    console.log
      Starting build 
execution...

      at 
Builder.executeBlueprint (
src/stages/5-builder.js:67
4:15)

    console.log
        Location: 100, 
64, 100

      at 
Builder.executeBlueprint (
src/stages/5-builder.js:67
5:15)

    console.log
        Total steps: 1

      at 
Builder.executeBlueprint (
src/stages/5-builder.js:67
6:15)

    console.log
        WorldEdit: ENABLED

      at 
Builder.executeBlueprint (
src/stages/5-builder.js:67
7:15)

    console.log
      
      ΓåÆ Validating 
build area...

      at 
Builder.executeBlueprint (
src/stages/5-builder.js:68
0:15)

    console.log
        Chunks: 0/0 loaded

      at 
Builder.executeBlueprint (
src/stages/5-builder.js:69
8:15)

    console.log
      
      ΓåÆ Validating 
materials...

      at 
Builder.executeBlueprint (
src/stages/5-builder.js:70
1:15)

    console.log
      Γ£ô All required 
materials available (0 
types)

      at 
Builder.executeBlueprint (
src/stages/5-builder.js:70
3:15)

    console.log
        [State] Build 
started: b550047d-3406-492
f-a78d-81b5ca4a4d9d

      at BuildStateManager
.startBuild (src/state/bui
ld-state.js:82:13)

    console.log
        Build ID: b550047d
-3406-492f-a78d-81b5ca4a4d
9d

      at 
Builder.executeBlueprint (
src/stages/5-builder.js:72
0:15)

    console.log
      
      ΓåÆ Scanning build 
area for obstructions...

      at 
Builder.executeBlueprint (
src/stages/5-builder.js:73
3:15)

    console.log
        Γ£ô Build area is 
clear

      at 
Builder.executeBlueprint (
src/stages/5-builder.js:74
4:17)

    console.log
        Step 1/1: we_fill

      at 
Builder.executeBlueprint (
src/stages/5-builder.js:79
5:17)

    console.log
        [State] Build 
completed: b550047d-3406-4
92f-a78d-81b5ca4a4d9d

      at BuildStateManager
.completeBuild (src/state/
build-state.js:162:13)

    console.log
        [State] Cleaned 
up 1 old state files

      at BuildStateManager
.cleanupOldStates (src/sta
te/build-state.js:354:17)

    console.log
      Γ£ô Build completed 
in 0.0s

      at 
Builder.executeBlueprint (
src/stages/5-builder.js:89
8:15)

    console.log
        Blocks placed: 0

      at 
Builder.executeBlueprint (
src/stages/5-builder.js:89
9:15)

    console.log
        WorldEdit ops: 1

      at 
Builder.executeBlueprint (
src/stages/5-builder.js:90
6:15)

    console.log
      
      ΓöîΓöÇΓöÇΓöÇΓöÇΓöÇΓö
ÇΓöÇΓöÇΓöÇΓöÇΓöÇΓöÇΓöÇΓöÇΓ
öÇΓöÇΓöÇΓöÇΓöÇΓöÇΓöÇΓöÇΓöÇ
ΓöÇΓöÇΓöÇΓöÇΓöÇΓöÇΓöÇΓöÇΓö
ÇΓöÇΓöÇΓöÇΓöÇΓöÇΓöÇΓöÇΓöÇΓ
öÇΓöÇΓöÇΓöÇΓöÇΓöÇΓöÇΓöÇΓöÇ
ΓöÇΓöÇΓöÇΓöÇΓöÇΓöÇΓöÇΓöÇ

      at PerformanceMetric
s.printSummary (src/utils/
performance-metrics.js:164
:13)

    console.log
      Γöé BUILD METRICS

      at PerformanceMetric
s.printSummary (src/utils/
performance-metrics.js:165
:13)

    console.log
      Γö£ΓöÇΓöÇΓöÇΓöÇΓöÇΓö
ÇΓöÇΓöÇΓöÇΓöÇΓöÇΓöÇΓöÇΓöÇΓ
öÇΓöÇΓöÇΓöÇΓöÇΓöÇΓöÇΓöÇΓöÇ
ΓöÇΓöÇΓöÇΓöÇΓöÇΓöÇΓöÇΓöÇΓö
ÇΓöÇΓöÇΓöÇΓöÇΓöÇΓöÇΓöÇΓöÇΓ
öÇΓöÇΓöÇΓöÇΓöÇΓöÇΓöÇΓöÇΓöÇ
ΓöÇΓöÇΓöÇΓöÇΓöÇΓöÇΓöÇΓöÇ

      at PerformanceMetric
s.printSummary (src/utils/
performance-metrics.js:166
:13)

    console.log
      Γöé Dimensions: 
10x10x10

      at PerformanceMetric
s.printSummary (src/utils/
performance-metrics.js:171
:15)

    console.log
      Γöé Unique Blocks: 
1 (stone)

      at PerformanceMetric
s.printSummary (src/utils/
performance-metrics.js:178
:15)

    console.log
      Γöé Approx Block 
Count: ~1,000

      at PerformanceMetric
s.printSummary (src/utils/
performance-metrics.js:183
:15)

    console.log
      Γöé Total Blocks 
Placed: 0

      at PerformanceMetric
s.printSummary (src/utils/
performance-metrics.js:186
:13)

    console.log
      Γöé Build Time: 0.0s

      at PerformanceMetric
s.printSummary (src/utils/
performance-metrics.js:187
:13)

    console.log
      Γö£ΓöÇΓöÇΓöÇΓöÇΓöÇΓö
ÇΓöÇΓöÇΓöÇΓöÇΓöÇΓöÇΓöÇΓöÇΓ
öÇΓöÇΓöÇΓöÇΓöÇΓöÇΓöÇΓöÇΓöÇ
ΓöÇΓöÇΓöÇΓöÇΓöÇΓöÇΓöÇΓöÇΓö
ÇΓöÇΓöÇΓöÇΓöÇΓöÇΓöÇΓöÇΓöÇΓ
öÇΓöÇΓöÇΓöÇΓöÇΓöÇΓöÇΓöÇΓöÇ
ΓöÇΓöÇΓöÇΓöÇΓöÇΓöÇΓöÇΓöÇ

      at PerformanceMetric
s.printSummary (src/utils/
performance-metrics.js:189
:13)

    console.log
      Γöé Operations:

      at PerformanceMetric
s.printSummary (src/utils/
performance-metrics.js:190
:13)

    console.log
      Γöé   WorldEdit: 1 
ops

      at PerformanceMetric
s.printSummary (src/utils/
performance-metrics.js:191
:13)

    console.log
      Γöé   Vanilla: 0 ops

      at PerformanceMetric
s.printSummary (src/utils/
performance-metrics.js:192
:13)

    console.log
      Γöé   Total: 1 ops

      at PerformanceMetric
s.printSummary (src/utils/
performance-metrics.js:193
:13)

    console.log
      Γö£ΓöÇΓöÇΓöÇΓöÇΓöÇΓö
ÇΓöÇΓöÇΓöÇΓöÇΓöÇΓöÇΓöÇΓöÇΓ
öÇΓöÇΓöÇΓöÇΓöÇΓöÇΓöÇΓöÇΓöÇ
ΓöÇΓöÇΓöÇΓöÇΓöÇΓöÇΓöÇΓöÇΓö
ÇΓöÇΓöÇΓöÇΓöÇΓöÇΓöÇΓöÇΓöÇΓ
öÇΓöÇΓöÇΓöÇΓöÇΓöÇΓöÇΓöÇΓöÇ
ΓöÇΓöÇΓöÇΓöÇΓöÇΓöÇΓöÇΓöÇ

      at PerformanceMetric
s.printSummary (src/utils/
performance-metrics.js:198
:15)

    console.log
      Γöé WorldEdit Usage:

      at PerformanceMetric
s.printSummary (src/utils/
performance-metrics.js:199
:15)

    console.log
      Γöé   Fills: 1

      at PerformanceMetric
s.printSummary (src/utils/
performance-metrics.js:207
:15)

    console.log
      Γöé   Total WE 
Commands: 1

      at PerformanceMetric
s.printSummary (src/utils/
performance-metrics.js:208
:15)

    console.log
      Γö£ΓöÇΓöÇΓöÇΓöÇΓöÇΓö
ÇΓöÇΓöÇΓöÇΓöÇΓöÇΓöÇΓöÇΓöÇΓ
öÇΓöÇΓöÇΓöÇΓöÇΓöÇΓöÇΓöÇΓöÇ
ΓöÇΓöÇΓöÇΓöÇΓöÇΓöÇΓöÇΓöÇΓö
ÇΓöÇΓöÇΓöÇΓöÇΓöÇΓöÇΓöÇΓöÇΓ
öÇΓöÇΓöÇΓöÇΓöÇΓöÇΓöÇΓöÇΓöÇ
ΓöÇΓöÇΓöÇΓöÇΓöÇΓöÇΓöÇΓöÇ

      at PerformanceMetric
s.printSummary (src/utils/
performance-metrics.js:211
:13)

    console.log
      Γöé Batching 
Optimization:

      at PerformanceMetric
s.printSummary (src/utils/
performance-metrics.js:212
:13)

    console.log
      Γöé   Blocks 
Batched: 0 (0%)

      at PerformanceMetric
s.printSummary (src/utils/
performance-metrics.js:213
:13)

    console.log
      Γöé   Operations 
Saved: 0

      at PerformanceMetric
s.printSummary (src/utils/
performance-metrics.js:214
:13)

    console.log
      ΓööΓöÇΓöÇΓöÇΓöÇΓöÇΓö
ÇΓöÇΓöÇΓöÇΓöÇΓöÇΓöÇΓöÇΓöÇΓ
öÇΓöÇΓöÇΓöÇΓöÇΓöÇΓöÇΓöÇΓöÇ
ΓöÇΓöÇΓöÇΓöÇΓöÇΓöÇΓöÇΓöÇΓö
ÇΓöÇΓöÇΓöÇΓöÇΓöÇΓöÇΓöÇΓöÇΓ
öÇΓöÇΓöÇΓöÇΓöÇΓöÇΓöÇΓöÇΓöÇ
ΓöÇΓöÇΓöÇΓöÇΓöÇΓöÇΓöÇΓöÇ

      at PerformanceMetric
s.printSummary (src/utils/
performance-metrics.js:221
:13)

    console.log
        Warnings: 1

      at 
Builder.executeBlueprint (
src/stages/5-builder.js:91
4:17)

    console.log
          1. Step 
undefined: undefined - 
undefined

      at src/stages/5-buil
der.js:916:19
          at 
Array.forEach 
(<anonymous>)

    console.log
      ΓöîΓöÇΓöÇΓöÇΓöÇΓöÇΓö
ÇΓöÇΓöÇΓöÇΓöÇΓöÇΓöÇΓöÇΓöÇΓ
öÇΓöÇΓöÇΓöÇΓöÇΓöÇΓöÇΓöÇΓöÇ
ΓöÇΓöÇΓöÇΓöÇΓöÇΓöÇΓöÇΓöÇΓö
ÇΓöÇΓöÇΓöÇΓöÇΓöÇΓöÇΓöÇΓöÇΓ
öÇΓöÇΓöÇΓöÇΓöÇΓöÇΓöÇΓöÇΓöÇ
ΓöÇΓöÇΓöÇΓöÇΓöÇΓöÇΓöÇΓöÇ

      at Builder.generateB
uildReport (src/stages/5-b
uilder.js:973:13)

    console.log
      Γöé BUILD REPORT

      at Builder.generateB
uildReport (src/stages/5-b
uilder.js:974:13)

    console.log
      Γö£ΓöÇΓöÇΓöÇΓöÇΓöÇΓö
ÇΓöÇΓöÇΓöÇΓöÇΓöÇΓöÇΓöÇΓöÇΓ
öÇΓöÇΓöÇΓöÇΓöÇΓöÇΓöÇΓöÇΓöÇ
ΓöÇΓöÇΓöÇΓöÇΓöÇΓöÇΓöÇΓöÇΓö
ÇΓöÇΓöÇΓöÇΓöÇΓöÇΓöÇΓöÇΓöÇΓ
öÇΓöÇΓöÇΓöÇΓöÇΓöÇΓöÇΓöÇΓöÇ
ΓöÇΓöÇΓöÇΓöÇΓöÇΓöÇΓöÇΓöÇ

      at Builder.generateB
uildReport (src/stages/5-b
uilder.js:975:13)

    console.log
      Γöé Type: undefined

      at Builder.generateB
uildReport (src/stages/5-b
uilder.js:976:13)

    console.log
      Γöé Size: 10x10x10

      at Builder.generateB
uildReport (src/stages/5-b
uilder.js:977:13)

    console.log
      Γöé Duration: 0s

      at Builder.generateB
uildReport (src/stages/5-b
uilder.js:978:13)

    console.log
      Γöé Blocks: 0 
(0.0/s)

      at Builder.generateB
uildReport (src/stages/5-b
uilder.js:979:13)

    console.log
      Γöé Success: ΓÜá

      at Builder.generateB
uildReport (src/stages/5-b
uilder.js:980:13)

    console.log
      ΓööΓöÇΓöÇΓöÇΓöÇΓöÇΓö
ÇΓöÇΓöÇΓöÇΓöÇΓöÇΓöÇΓöÇΓöÇΓ
öÇΓöÇΓöÇΓöÇΓöÇΓöÇΓöÇΓöÇΓöÇ
ΓöÇΓöÇΓöÇΓöÇΓöÇΓöÇΓöÇΓöÇΓö
ÇΓöÇΓöÇΓöÇΓöÇΓöÇΓöÇΓöÇΓöÇΓ
öÇΓöÇΓöÇΓöÇΓöÇΓöÇΓöÇΓöÇΓöÇ
ΓöÇΓöÇΓöÇΓöÇΓöÇΓöÇΓöÇΓöÇ

      at Builder.generateB
uildReport (src/stages/5-b
uilder.js:981:13)

    console.log
          ΓåÆ Verifying 
build integrity (The 
Eye)...

      at 
Builder.verifyBuild (src/s
tages/5-builder.js:992:13)

PASS tests/stages/builder-
comprehensive.test.js
  ΓùÅ Console

    console.log
      Γ£ô Loaded config 
from: C:\repos\B.O.B\confi
g\bob.config.json

      at 
loadExternalConfig (src/co
nfig/limits.js:36:17)

PASS tests/builder_v2/comp
onents.test.js
PASS tests/operations/pixe
l-art.test.js
  ΓùÅ Console

    console.log
        Generated 4 pixel 
art placements

      at pixelArt (src/ope
rations/pixel-art.js:101:1
1)

    console.log
        Generated 4 pixel 
art placements

      at pixelArt (src/ope
rations/pixel-art.js:101:1
1)

    console.log
        Generated 2 pixel 
art placements

      at pixelArt (src/ope
rations/pixel-art.js:101:1
1)

    console.log
        Generated 2 pixel 
art placements

      at pixelArt (src/ope
rations/pixel-art.js:101:1
1)

    console.log
        Generated 2 pixel 
art placements

      at pixelArt (src/ope
rations/pixel-art.js:101:1
1)

    console.log
        Generated 1 pixel 
art placements

      at pixelArt (src/ope
rations/pixel-art.js:101:1
1)

    console.log
        Generated 31 
pixel art placements

      at pixelArt (src/ope
rations/pixel-art.js:101:1
1)

PASS tests/validation/pale
tte-enforcement.test.js
PASS tests/quality-control
.test.js
PASS tests/stages/analyzer
-enhanced.test.js
PASS tests/builder_v2/inte
gration.test.js
  ΓùÅ Console

    console.log
      Γ£ô Loaded config 
from: C:\repos\B.O.B\confi
g\bob.config.json

      at 
loadExternalConfig (src/co
nfig/limits.js:36:17)

    console.log
        [PlanCompiler] 
Compiling scene: 
eiffel_tower

      at compilePlan (src/
builder_v2/plan/compiler.j
s:28:11)

    console.log
        [PlanCompiler] 
Seed: 12345

      at compilePlan (src/
builder_v2/plan/compiler.j
s:29:11)

    console.log
        [PlanCompiler] 
Theme: default, Palette 
keys: primary, secondary, 
accent

      at compilePlan (src/
builder_v2/plan/compiler.j
s:39:11)

    console.log
        [PlanCompiler] 
Expanded 1 components 
into 6 primitives

      at compilePlan (src/
builder_v2/plan/compiler.j
s:56:11)

    console.log
        [PlanCompiler] 
Applied detail pass: 
lighting (+9 primitives)

      at compilePlan (src/
builder_v2/plan/compiler.j
s:64:13)

    console.log
        [PlanCompiler] 
Plan hash: 
2f0386c1e2d2a99a...

      at compilePlan (src/
builder_v2/plan/compiler.j
s:121:11)

    console.log
        [PlanCompiler] 
Stats: 6032 blocks, 5 
types

      at compilePlan (src/
builder_v2/plan/compiler.j
s:122:11)

    console.log
        [PlanCompiler] 
Compiling scene: 
eiffel_tower

      at compilePlan (src/
builder_v2/plan/compiler.j
s:28:11)

    console.log
        [PlanCompiler] 
Seed: 12345

      at compilePlan (src/
builder_v2/plan/compiler.j
s:29:11)

    console.log
        [PlanCompiler] 
Theme: default, Palette 
keys: primary, secondary, 
accent

      at compilePlan (src/
builder_v2/plan/compiler.j
s:39:11)

    console.log
        [PlanCompiler] 
Expanded 1 components 
into 6 primitives

      at compilePlan (src/
builder_v2/plan/compiler.j
s:56:11)

    console.log
        [PlanCompiler] 
Applied detail pass: 
lighting (+9 primitives)

      at compilePlan (src/
builder_v2/plan/compiler.j
s:64:13)

    console.log
        [PlanCompiler] 
Plan hash: 
b57bac125d3cb596...

      at compilePlan (src/
builder_v2/plan/compiler.j
s:121:11)

    console.log
        [PlanCompiler] 
Stats: 6032 blocks, 5 
types

      at compilePlan (src/
builder_v2/plan/compiler.j
s:122:11)

    console.log
        
[PlacementCompiler] 
Compiling placement for 
15 primitives

      at compilePlacement 
(src/builder_v2/compile/pl
acement-compiler.js:27:11)

    console.log
        
[PlacementCompiler] WE 
batches: 3, Vanilla: 13

      at compilePlacement 
(src/builder_v2/compile/pl
acement-compiler.js:106:11
)

    console.log
        
[PlacementCompiler] Est. 
time: 3.2s

      at compilePlacement 
(src/builder_v2/compile/pl
acement-compiler.js:107:11
)

    console.log
        [PlanCompiler] 
Compiling scene: Structure

      at compilePlan (src/
builder_v2/plan/compiler.j
s:28:11)

    console.log
        [PlanCompiler] 
Seed: 54321

      at compilePlan (src/
builder_v2/plan/compiler.j
s:29:11)

    console.log
        [PlanCompiler] 
Theme: default, Palette 
keys: primary, secondary, 
accent

      at compilePlan (src/
builder_v2/plan/compiler.j
s:39:11)

    console.log
        [PlanCompiler] 
Expanded 1 components 
into 6 primitives

      at compilePlan (src/
builder_v2/plan/compiler.j
s:56:11)

    console.log
        [PlanCompiler] 
Applied detail pass: 
lighting (+13 primitives)

      at compilePlan (src/
builder_v2/plan/compiler.j
s:64:13)

    console.log
        [PlanCompiler] 
Plan hash: 
2dd214a1dc821c42...

      at compilePlan (src/
builder_v2/plan/compiler.j
s:121:11)

    console.log
        [PlanCompiler] 
Stats: 6036 blocks, 5 
types

      at compilePlan (src/
builder_v2/plan/compiler.j
s:122:11)

    console.log
        
[PlacementCompiler] 
Compiling placement for 
19 primitives

      at compilePlacement 
(src/builder_v2/compile/pl
acement-compiler.js:27:11)

    console.log
        
[PlacementCompiler] WE 
batches: 3, Vanilla: 17

      at compilePlacement 
(src/builder_v2/compile/pl
acement-compiler.js:106:11
)

    console.log
        
[PlacementCompiler] Est. 
time: 3.2s

      at compilePlacement 
(src/builder_v2/compile/pl
acement-compiler.js:107:11
)

    console.log
        [PlanCompiler] 
Compiling scene: Pikachu 
Statue

      at compilePlan (src/
builder_v2/plan/compiler.j
s:28:11)

    console.log
        [PlanCompiler] 
Seed: 99999

      at compilePlan (src/
builder_v2/plan/compiler.j
s:29:11)

    console.log
        [PlanCompiler] 
Theme: organic, Palette 
keys: primary, secondary, 
accent

      at compilePlan (src/
builder_v2/plan/compiler.j
s:39:11)

    console.log
        [PlanCompiler] 
Expanded 2 components 
into 13 primitives

      at compilePlan (src/
builder_v2/plan/compiler.j
s:56:11)

    console.log
        [PlanCompiler] 
Plan hash: 
a0c3376bb1f5248d...

      at compilePlan (src/
builder_v2/plan/compiler.j
s:121:11)

    console.log
        [PlanCompiler] 
Stats: 1211 blocks, 4 
types

      at compilePlan (src/
builder_v2/plan/compiler.j
s:122:11)

    console.log
        [PlanCompiler] 
Compiling scene: Structure

      at compilePlan (src/
builder_v2/plan/compiler.j
s:28:11)

    console.log
        [PlanCompiler] 
Seed: 11111

      at compilePlan (src/
builder_v2/plan/compiler.j
s:29:11)

    console.log
        [PlanCompiler] 
Theme: default, Palette 
keys: primary, secondary, 
accent

      at compilePlan (src/
builder_v2/plan/compiler.j
s:39:11)

    console.log
        [PlanCompiler] 
Expanded 1 components 
into 6 primitives

      at compilePlan (src/
builder_v2/plan/compiler.j
s:56:11)

    console.log
        [PlanCompiler] 
Applied detail pass: 
lighting (+14 primitives)

      at compilePlan (src/
builder_v2/plan/compiler.j
s:64:13)

    console.log
        [PlanCompiler] 
Plan hash: 
9ef2edee60055120...

      at compilePlan (src/
builder_v2/plan/compiler.j
s:121:11)

    console.log
        [PlanCompiler] 
Stats: 6037 blocks, 5 
types

      at compilePlan (src/
builder_v2/plan/compiler.j
s:122:11)

    console.log
        
[PlacementCompiler] 
Compiling placement for 
20 primitives

      at compilePlacement 
(src/builder_v2/compile/pl
acement-compiler.js:27:11)

    console.log
        
[PlacementCompiler] WE 
batches: 3, Vanilla: 18

      at compilePlacement 
(src/builder_v2/compile/pl
acement-compiler.js:106:11
)

    console.log
        
[PlacementCompiler] Est. 
time: 3.2s

      at compilePlacement 
(src/builder_v2/compile/pl
acement-compiler.js:107:11
)

    console.log
        [PlanCompiler] 
Compiling scene: Structure

      at compilePlan (src/
builder_v2/plan/compiler.j
s:28:11)

    console.log
        [PlanCompiler] 
Seed: 22222

      at compilePlan (src/
builder_v2/plan/compiler.j
s:29:11)

    console.log
        [PlanCompiler] 
Theme: default, Palette 
keys: primary, secondary, 
accent

      at compilePlan (src/
builder_v2/plan/compiler.j
s:39:11)

    console.log
        [PlanCompiler] 
Expanded 1 components 
into 6 primitives

      at compilePlan (src/
builder_v2/plan/compiler.j
s:56:11)

    console.log
        [PlanCompiler] 
Applied detail pass: 
lighting (+15 primitives)

      at compilePlan (src/
builder_v2/plan/compiler.j
s:64:13)

    console.log
        [PlanCompiler] 
Plan hash: 
98590e290c9df0d9...

      at compilePlan (src/
builder_v2/plan/compiler.j
s:121:11)

    console.log
        [PlanCompiler] 
Stats: 6038 blocks, 5 
types

      at compilePlan (src/
builder_v2/plan/compiler.j
s:122:11)

    console.log
        
[PlacementCompiler] 
Compiling placement for 
21 primitives

      at compilePlacement 
(src/builder_v2/compile/pl
acement-compiler.js:27:11)

    console.log
        
[PlacementCompiler] WE 
batches: 3, Vanilla: 19

      at compilePlacement 
(src/builder_v2/compile/pl
acement-compiler.js:106:11
)

    console.log
        
[PlacementCompiler] Est. 
time: 3.2s

      at compilePlacement 
(src/builder_v2/compile/pl
acement-compiler.js:107:11
)

    console.log
        [PlanCompiler] 
Compiling scene: Structure

      at compilePlan (src/
builder_v2/plan/compiler.j
s:28:11)

    console.log
        [PlanCompiler] 
Seed: 33333

      at compilePlan (src/
builder_v2/plan/compiler.j
s:29:11)

    console.log
        [PlanCompiler] 
Theme: default, Palette 
keys: primary, secondary, 
accent

      at compilePlan (src/
builder_v2/plan/compiler.j
s:39:11)

    console.log
        [PlanCompiler] 
Expanded 1 components 
into 6 primitives

      at compilePlan (src/
builder_v2/plan/compiler.j
s:56:11)

    console.log
        [PlanCompiler] 
Applied detail pass: 
lighting (+194 primitives)

      at compilePlan (src/
builder_v2/plan/compiler.j
s:64:13)

    console.log
        [PlanCompiler] 
Plan hash: 
0f26d98e2aefa425...

      at compilePlan (src/
builder_v2/plan/compiler.j
s:121:11)

    console.log
        [PlanCompiler] 
Stats: 154257 blocks, 5 
types

      at compilePlan (src/
builder_v2/plan/compiler.j
s:122:11)

    console.log
        [PlanCompiler] 
Compiling scene: Structure

      at compilePlan (src/
builder_v2/plan/compiler.j
s:28:11)

    console.log
        [PlanCompiler] 
Seed: 44444

      at compilePlan (src/
builder_v2/plan/compiler.j
s:29:11)

    console.log
        [PlanCompiler] 
Theme: default, Palette 
keys: primary, secondary, 
accent

      at compilePlan (src/
builder_v2/plan/compiler.j
s:39:11)

    console.log
        [PlanCompiler] 
Expanded 1 components 
into 6 primitives

      at compilePlan (src/
builder_v2/plan/compiler.j
s:56:11)

    console.log
        [PlanCompiler] 
Applied detail pass: 
lighting (+35 primitives)

      at compilePlan (src/
builder_v2/plan/compiler.j
s:64:13)

    console.log
        [PlanCompiler] 
Plan hash: 
78706155fe86b684...

      at compilePlan (src/
builder_v2/plan/compiler.j
s:121:11)

    console.log
        [PlanCompiler] 
Stats: 21018 blocks, 5 
types

      at compilePlan (src/
builder_v2/plan/compiler.j
s:122:11)

    console.log
        
[PlacementCompiler] 
Compiling placement for 
41 primitives

      at compilePlacement 
(src/builder_v2/compile/pl
acement-compiler.js:27:11)

    console.log
        
[PlacementCompiler] WE 
batches: 3, Vanilla: 39

      at compilePlacement 
(src/builder_v2/compile/pl
acement-compiler.js:106:11
)

    console.log
        
[PlacementCompiler] Est. 
time: 3.3s

      at compilePlacement 
(src/builder_v2/compile/pl
acement-compiler.js:107:11
)

FAIL tests/stages/planner.
test.js
  ΓùÅ Test suite failed 
to run

    Cannot find module '..
/../src/stages/2a-planner.
js' from 'tests/stages/pla
nner.test.js'

    [0m [90m 28 |[39m  
   requiresMultiStepPlanni
ng[33m,[39m
     [90m 29 |[39m     
mergeComponentBlueprints
    
[31m[1m>[22m[39m[90m 
30 |[39m } [33m=[39m 
[36mawait[39m [36mimpor
t[39m([32m'../../src/sta
ges/2a-planner.js'[39m)[
33m;[39m
     [90m    |[39m     
[31m[1m^[22m[39m
     [90m 31 |[39m
     [90m 32 |[39m 
describe([32m'Multi-Step 
Planner'[39m[33m,[39m 
() [33m=>[39m {
     [90m 33 |[39m     d
escribe([32m'requiresMult
iStepPlanning'[39m[33m,
[39m () [33m=>[39m {[0m

      at Resolver._throwMo
dNotFoundError (node_modul
es/jest-resolve/build/reso
lver.js:427:11)
      at tests/stages/plan
ner.test.js:30:5

PASS tests/utils/inventory
-manager.test.js
PASS tests/stages/validato
r.test.js
  ΓùÅ Console

    console.log
      Γ£ô Loaded config 
from: C:\repos\B.O.B\confi
g\bob.config.json

      at 
loadExternalConfig (src/co
nfig/limits.js:36:17)

PASS tests/stages/builder.
test.js (7.519 s)
  ΓùÅ Console

    console.log
      Γ£ô Loaded config 
from: C:\repos\B.O.B\confi
g\bob.config.json

      at 
loadExternalConfig (src/co
nfig/limits.js:36:17)

    console.log
      Sanitizing 
blueprint...

      at BlueprintSanitize
r.sanitize (src/utils/blue
print-sanitizer.js:56:17)

    console.log
        [Terrain] 
Scanning build footprint 
for ground level...

      at 
Builder.executeBlueprint (
src/stages/5-builder.js:65
4:15)

    console.log
        ΓÜá No solid 
ground found within 
search depth. Building at 
current position.

      at 
Builder.executeBlueprint (
src/stages/5-builder.js:66
6:17)

    console.log
      Starting build 
execution...

      at 
Builder.executeBlueprint (
src/stages/5-builder.js:67
4:15)

    console.log
        Location: 0, 64, 0

      at 
Builder.executeBlueprint (
src/stages/5-builder.js:67
5:15)

    console.log
        Total steps: 1

      at 
Builder.executeBlueprint (
src/stages/5-builder.js:67
6:15)

    console.log
        WorldEdit: 
DISABLED

      at 
Builder.executeBlueprint (
src/stages/5-builder.js:67
7:15)

    console.log
      
      ΓåÆ Validating 
build area...

      at 
Builder.executeBlueprint (
src/stages/5-builder.js:68
0:15)

    console.log
        Chunks: 0/0 loaded

      at 
Builder.executeBlueprint (
src/stages/5-builder.js:69
8:15)

    console.log
      
      ΓåÆ Validating 
materials...

      at 
Builder.executeBlueprint (
src/stages/5-builder.js:70
1:15)

    console.log
      Γ£ô Creative mode - 
unlimited materials

      at 
Builder.executeBlueprint (
src/stages/5-builder.js:70
3:15)

    console.log
        [State] Build 
started: e5fbd7a6-7f6e-41c
d-ba7d-713986ad8886

      at BuildStateManager
.startBuild (src/state/bui
ld-state.js:82:13)

    console.log
        Build ID: e5fbd7a6
-7f6e-41cd-ba7d-713986ad88
86

      at 
Builder.executeBlueprint (
src/stages/5-builder.js:72
0:15)

    console.log
      
      ΓåÆ Scanning build 
area for obstructions...

      at 
Builder.executeBlueprint (
src/stages/5-builder.js:73
3:15)

    console.log
        Γ£ô Build area is 
clear

      at 
Builder.executeBlueprint (
src/stages/5-builder.js:74
4:17)

    console.log
        ΓåÆ Auto-clearing 
build site...

      at 
Builder.autoClearArea (src
/stages/5-builder.js:218:1
3)

    console.log
          ΓÜá Auto-clear 
skipped (Vanilla clearing 
too slow)

      at 
Builder.autoClearArea (src
/stages/5-builder.js:253:1
5)

    console.log
        Step 1/1: set

      at 
Builder.executeBlueprint (
src/stages/5-builder.js:79
5:17)

    console.log
        [State] Build 
completed: e5fbd7a6-7f6e-4
1cd-ba7d-713986ad8886

      at BuildStateManager
.completeBuild (src/state/
build-state.js:162:13)
          at async 
Promise.allSettled (index 
0)

    console.log
        [State] Cleaned 
up 2 old state files

      at BuildStateManager
.cleanupOldStates (src/sta
te/build-state.js:354:17)
          at async 
Promise.allSettled (index 
0)

    console.log
      Γ£ô Build completed 
in 0.1s

      at 
Builder.executeBlueprint (
src/stages/5-builder.js:89
8:15)
          at async 
Promise.allSettled (index 
0)

    console.log
        Blocks placed: 1

      at 
Builder.executeBlueprint (
src/stages/5-builder.js:89
9:15)
          at async 
Promise.allSettled (index 
0)

    console.log
        WorldEdit ops: 0

      at 
Builder.executeBlueprint (
src/stages/5-builder.js:90
6:15)
          at async 
Promise.allSettled (index 
0)

    console.log
      
      ΓöîΓöÇΓöÇΓöÇΓöÇΓöÇΓö
ÇΓöÇΓöÇΓöÇΓöÇΓöÇΓöÇΓöÇΓöÇΓ
öÇΓöÇΓöÇΓöÇΓöÇΓöÇΓöÇΓöÇΓöÇ
ΓöÇΓöÇΓöÇΓöÇΓöÇΓöÇΓöÇΓöÇΓö
ÇΓöÇΓöÇΓöÇΓöÇΓöÇΓöÇΓöÇΓöÇΓ
öÇΓöÇΓöÇΓöÇΓöÇΓöÇΓöÇΓöÇΓöÇ
ΓöÇΓöÇΓöÇΓöÇΓöÇΓöÇΓöÇΓöÇ

      at PerformanceMetric
s.printSummary (src/utils/
performance-metrics.js:164
:13)
          at async 
Promise.allSettled (index 
0)

    console.log
      Γöé BUILD METRICS

      at PerformanceMetric
s.printSummary (src/utils/
performance-metrics.js:165
:13)
          at async 
Promise.allSettled (index 
0)

    console.log
      Γö£ΓöÇΓöÇΓöÇΓöÇΓöÇΓö
ÇΓöÇΓöÇΓöÇΓöÇΓöÇΓöÇΓöÇΓöÇΓ
öÇΓöÇΓöÇΓöÇΓöÇΓöÇΓöÇΓöÇΓöÇ
ΓöÇΓöÇΓöÇΓöÇΓöÇΓöÇΓöÇΓöÇΓö
ÇΓöÇΓöÇΓöÇΓöÇΓöÇΓöÇΓöÇΓöÇΓ
öÇΓöÇΓöÇΓöÇΓöÇΓöÇΓöÇΓöÇΓöÇ
ΓöÇΓöÇΓöÇΓöÇΓöÇΓöÇΓöÇΓöÇ

      at PerformanceMetric
s.printSummary (src/utils/
performance-metrics.js:166
:13)
          at async 
Promise.allSettled (index 
0)

    console.log
      Γöé Dimensions: 
2x2x2

      at PerformanceMetric
s.printSummary (src/utils/
performance-metrics.js:171
:15)
          at async 
Promise.allSettled (index 
0)

    console.log
      Γöé Unique Blocks: 
1 (stone)

      at PerformanceMetric
s.printSummary (src/utils/
performance-metrics.js:178
:15)
          at async 
Promise.allSettled (index 
0)

    console.log
      Γöé Approx Block 
Count: ~8

      at PerformanceMetric
s.printSummary (src/utils/
performance-metrics.js:183
:15)
          at async 
Promise.allSettled (index 
0)

    console.log
      Γöé Total Blocks 
Placed: 0

      at PerformanceMetric
s.printSummary (src/utils/
performance-metrics.js:186
:13)
          at async 
Promise.allSettled (index 
0)

    console.log
      Γöé Build Time: 0.1s

      at PerformanceMetric
s.printSummary (src/utils/
performance-metrics.js:187
:13)
          at async 
Promise.allSettled (index 
0)

    console.log
      Γö£ΓöÇΓöÇΓöÇΓöÇΓöÇΓö
ÇΓöÇΓöÇΓöÇΓöÇΓöÇΓöÇΓöÇΓöÇΓ
öÇΓöÇΓöÇΓöÇΓöÇΓöÇΓöÇΓöÇΓöÇ
ΓöÇΓöÇΓöÇΓöÇΓöÇΓöÇΓöÇΓöÇΓö
ÇΓöÇΓöÇΓöÇΓöÇΓöÇΓöÇΓöÇΓöÇΓ
öÇΓöÇΓöÇΓöÇΓöÇΓöÇΓöÇΓöÇΓöÇ
ΓöÇΓöÇΓöÇΓöÇΓöÇΓöÇΓöÇΓöÇ

      at PerformanceMetric
s.printSummary (src/utils/
performance-metrics.js:189
:13)
          at async 
Promise.allSettled (index 
0)

    console.log
      Γöé Operations:

      at PerformanceMetric
s.printSummary (src/utils/
performance-metrics.js:190
:13)
          at async 
Promise.allSettled (index 
0)

    console.log
      Γöé   WorldEdit: 0 
ops

      at PerformanceMetric
s.printSummary (src/utils/
performance-metrics.js:191
:13)
          at async 
Promise.allSettled (index 
0)

    console.log
      Γöé   Vanilla: 1 ops

      at PerformanceMetric
s.printSummary (src/utils/
performance-metrics.js:192
:13)
          at async 
Promise.allSettled (index 
0)

    console.log
      Γöé   Total: 1 ops

      at PerformanceMetric
s.printSummary (src/utils/
performance-metrics.js:193
:13)
          at async 
Promise.allSettled (index 
0)

    console.log
      Γö£ΓöÇΓöÇΓöÇΓöÇΓöÇΓö
ÇΓöÇΓöÇΓöÇΓöÇΓöÇΓöÇΓöÇΓöÇΓ
öÇΓöÇΓöÇΓöÇΓöÇΓöÇΓöÇΓöÇΓöÇ
ΓöÇΓöÇΓöÇΓöÇΓöÇΓöÇΓöÇΓöÇΓö
ÇΓöÇΓöÇΓöÇΓöÇΓöÇΓöÇΓöÇΓöÇΓ
öÇΓöÇΓöÇΓöÇΓöÇΓöÇΓöÇΓöÇΓöÇ
ΓöÇΓöÇΓöÇΓöÇΓöÇΓöÇΓöÇΓöÇ

      at PerformanceMetric
s.printSummary (src/utils/
performance-metrics.js:211
:13)
          at async 
Promise.allSettled (index 
0)

    console.log
      Γöé Batching 
Optimization:

      at PerformanceMetric
s.printSummary (src/utils/
performance-metrics.js:212
:13)
          at async 
Promise.allSettled (index 
0)

    console.log
      Γöé   Blocks 
Batched: 0 (0%)

      at PerformanceMetric
s.printSummary (src/utils/
performance-metrics.js:213
:13)
          at async 
Promise.allSettled (index 
0)

    console.log
      Γöé   Operations 
Saved: 0

      at PerformanceMetric
s.printSummary (src/utils/
performance-metrics.js:214
:13)
          at async 
Promise.allSettled (index 
0)

    console.log
      ΓööΓöÇΓöÇΓöÇΓöÇΓöÇΓö
ÇΓöÇΓöÇΓöÇΓöÇΓöÇΓöÇΓöÇΓöÇΓ
öÇΓöÇΓöÇΓöÇΓöÇΓöÇΓöÇΓöÇΓöÇ
ΓöÇΓöÇΓöÇΓöÇΓöÇΓöÇΓöÇΓöÇΓö
ÇΓöÇΓöÇΓöÇΓöÇΓöÇΓöÇΓöÇΓöÇΓ
öÇΓöÇΓöÇΓöÇΓöÇΓöÇΓöÇΓöÇΓöÇ
ΓöÇΓöÇΓöÇΓöÇΓöÇΓöÇΓöÇΓöÇ

      at PerformanceMetric
s.printSummary (src/utils/
performance-metrics.js:221
:13)
          at async 
Promise.allSettled (index 
0)

    console.log
        Warnings: 1

      at 
Builder.executeBlueprint (
src/stages/5-builder.js:91
4:17)
          at async 
Promise.allSettled (index 
0)

    console.log
          1. Step 
undefined: undefined - 
undefined

      at src/stages/5-buil
der.js:916:19
          at 
Array.forEach 
(<anonymous>)
          at async 
Promise.allSettled (index 
0)

    console.log
      ΓöîΓöÇΓöÇΓöÇΓöÇΓöÇΓö
ÇΓöÇΓöÇΓöÇΓöÇΓöÇΓöÇΓöÇΓöÇΓ
öÇΓöÇΓöÇΓöÇΓöÇΓöÇΓöÇΓöÇΓöÇ
ΓöÇΓöÇΓöÇΓöÇΓöÇΓöÇΓöÇΓöÇΓö
ÇΓöÇΓöÇΓöÇΓöÇΓöÇΓöÇΓöÇΓöÇΓ
öÇΓöÇΓöÇΓöÇΓöÇΓöÇΓöÇΓöÇΓöÇ
ΓöÇΓöÇΓöÇΓöÇΓöÇΓöÇΓöÇΓöÇ

      at Builder.generateB
uildReport (src/stages/5-b
uilder.js:973:13)
          at async 
Promise.allSettled (index 
0)

    console.log
      Γöé BUILD REPORT

      at Builder.generateB
uildReport (src/stages/5-b
uilder.js:974:13)
          at async 
Promise.allSettled (index 
0)

    console.log
      Γö£ΓöÇΓöÇΓöÇΓöÇΓöÇΓö
ÇΓöÇΓöÇΓöÇΓöÇΓöÇΓöÇΓöÇΓöÇΓ
öÇΓöÇΓöÇΓöÇΓöÇΓöÇΓöÇΓöÇΓöÇ
ΓöÇΓöÇΓöÇΓöÇΓöÇΓöÇΓöÇΓöÇΓö
ÇΓöÇΓöÇΓöÇΓöÇΓöÇΓöÇΓöÇΓöÇΓ
öÇΓöÇΓöÇΓöÇΓöÇΓöÇΓöÇΓöÇΓöÇ
ΓöÇΓöÇΓöÇΓöÇΓöÇΓöÇΓöÇΓöÇ

      at Builder.generateB
uildReport (src/stages/5-b
uilder.js:975:13)
          at async 
Promise.allSettled (index 
0)

    console.log
      Γöé Type: undefined

      at Builder.generateB
uildReport (src/stages/5-b
uilder.js:976:13)
          at async 
Promise.allSettled (index 
0)

    console.log
      Γöé Size: 2x2x2

      at Builder.generateB
uildReport (src/stages/5-b
uilder.js:977:13)
          at async 
Promise.allSettled (index 
0)

    console.log
      Γöé Duration: 0.1s

      at Builder.generateB
uildReport (src/stages/5-b
uilder.js:978:13)
          at async 
Promise.allSettled (index 
0)

    console.log
      Γöé Blocks: 1 
(10.0/s)

      at Builder.generateB
uildReport (src/stages/5-b
uilder.js:979:13)
          at async 
Promise.allSettled (index 
0)

    console.log
      Γöé Success: ΓÜá

      at Builder.generateB
uildReport (src/stages/5-b
uilder.js:980:13)
          at async 
Promise.allSettled (index 
0)

    console.log
      ΓööΓöÇΓöÇΓöÇΓöÇΓöÇΓö
ÇΓöÇΓöÇΓöÇΓöÇΓöÇΓöÇΓöÇΓöÇΓ
öÇΓöÇΓöÇΓöÇΓöÇΓöÇΓöÇΓöÇΓöÇ
ΓöÇΓöÇΓöÇΓöÇΓöÇΓöÇΓöÇΓöÇΓö
ÇΓöÇΓöÇΓöÇΓöÇΓöÇΓöÇΓöÇΓöÇΓ
öÇΓöÇΓöÇΓöÇΓöÇΓöÇΓöÇΓöÇΓöÇ
ΓöÇΓöÇΓöÇΓöÇΓöÇΓöÇΓöÇΓöÇ

      at Builder.generateB
uildReport (src/stages/5-b
uilder.js:981:13)
          at async 
Promise.allSettled (index 
0)

    console.log
      Sanitizing 
blueprint...

      at BlueprintSanitize
r.sanitize (src/utils/blue
print-sanitizer.js:56:17)
          at async 
Promise.allSettled (index 
1)

    console.log
        [Terrain] 
Scanning build footprint 
for ground level...

      at 
Builder.executeBlueprint (
src/stages/5-builder.js:65
4:15)
          at async 
Promise.allSettled (index 
1)

    console.log
        ΓÜá No solid 
ground found within 
search depth. Building at 
current position.

      at 
Builder.executeBlueprint (
src/stages/5-builder.js:66
6:17)
          at async 
Promise.allSettled (index 
1)

    console.log
      Starting build 
execution...

      at 
Builder.executeBlueprint (
src/stages/5-builder.js:67
4:15)
          at async 
Promise.allSettled (index 
1)

    console.log
        Location: 10, 64, 
10

      at 
Builder.executeBlueprint (
src/stages/5-builder.js:67
5:15)
          at async 
Promise.allSettled (index 
1)

    console.log
        Total steps: 1

      at 
Builder.executeBlueprint (
src/stages/5-builder.js:67
6:15)
          at async 
Promise.allSettled (index 
1)

    console.log
        WorldEdit: 
DISABLED

      at 
Builder.executeBlueprint (
src/stages/5-builder.js:67
7:15)
          at async 
Promise.allSettled (index 
1)

    console.log
      
      ΓåÆ Validating 
build area...

      at 
Builder.executeBlueprint (
src/stages/5-builder.js:68
0:15)
          at async 
Promise.allSettled (index 
1)

    console.log
        Chunks: 0/0 loaded

      at 
Builder.executeBlueprint (
src/stages/5-builder.js:69
8:15)
          at async 
Promise.allSettled (index 
1)

    console.log
      
      ΓåÆ Validating 
materials...

      at 
Builder.executeBlueprint (
src/stages/5-builder.js:70
1:15)
          at async 
Promise.allSettled (index 
1)

    console.log
      Γ£ô Creative mode - 
unlimited materials

      at 
Builder.executeBlueprint (
src/stages/5-builder.js:70
3:15)
          at async 
Promise.allSettled (index 
1)

    console.log
        [State] Build 
started: 186f0550-8a55-47d
6-b3df-aea14bf0e170

      at BuildStateManager
.startBuild (src/state/bui
ld-state.js:82:13)
          at async 
Promise.allSettled (index 
1)

    console.log
        Build ID: 186f0550
-8a55-47d6-b3df-aea14bf0e1
70

      at 
Builder.executeBlueprint (
src/stages/5-builder.js:72
0:15)
          at async 
Promise.allSettled (index 
1)

    console.log
      
      ΓåÆ Scanning build 
area for obstructions...

      at 
Builder.executeBlueprint (
src/stages/5-builder.js:73
3:15)
          at async 
Promise.allSettled (index 
1)

    console.log
        Γ£ô Build area is 
clear

      at 
Builder.executeBlueprint (
src/stages/5-builder.js:74
4:17)
          at async 
Promise.allSettled (index 
1)

    console.log
        ΓåÆ Auto-clearing 
build site...

      at 
Builder.autoClearArea (src
/stages/5-builder.js:218:1
3)
          at async 
Promise.allSettled (index 
1)

    console.log
          ΓÜá Auto-clear 
skipped (Vanilla clearing 
too slow)

      at 
Builder.autoClearArea (src
/stages/5-builder.js:253:1
5)
          at async 
Promise.allSettled (index 
1)

    console.log
        Step 1/1: set

      at 
Builder.executeBlueprint (
src/stages/5-builder.js:79
5:17)
          at async 
Promise.allSettled (index 
1)

    console.log
        [State] Build 
completed: 186f0550-8a55-4
7d6-b3df-aea14bf0e170

      at BuildStateManager
.completeBuild (src/state/
build-state.js:162:13)
          at async 
Promise.allSettled (index 
1)

    console.log
        [State] Cleaned 
up 1 old state files

      at BuildStateManager
.cleanupOldStates (src/sta
te/build-state.js:354:17)
          at async 
Promise.allSettled (index 
1)

    console.log
      Γ£ô Build completed 
in 0.1s

      at 
Builder.executeBlueprint (
src/stages/5-builder.js:89
8:15)
          at async 
Promise.allSettled (index 
1)

    console.log
        Blocks placed: 1

      at 
Builder.executeBlueprint (
src/stages/5-builder.js:89
9:15)
          at async 
Promise.allSettled (index 
1)

    console.log
        WorldEdit ops: 0

      at 
Builder.executeBlueprint (
src/stages/5-builder.js:90
6:15)
          at async 
Promise.allSettled (index 
1)

    console.log
      
      ΓöîΓöÇΓöÇΓöÇΓöÇΓöÇΓö
ÇΓöÇΓöÇΓöÇΓöÇΓöÇΓöÇΓöÇΓöÇΓ
öÇΓöÇΓöÇΓöÇΓöÇΓöÇΓöÇΓöÇΓöÇ
ΓöÇΓöÇΓöÇΓöÇΓöÇΓöÇΓöÇΓöÇΓö
ÇΓöÇΓöÇΓöÇΓöÇΓöÇΓöÇΓöÇΓöÇΓ
öÇΓöÇΓöÇΓöÇΓöÇΓöÇΓöÇΓöÇΓöÇ
ΓöÇΓöÇΓöÇΓöÇΓöÇΓöÇΓöÇΓöÇ

      at PerformanceMetric
s.printSummary (src/utils/
performance-metrics.js:164
:13)
          at async 
Promise.allSettled (index 
1)

    console.log
      Γöé BUILD METRICS

      at PerformanceMetric
s.printSummary (src/utils/
performance-metrics.js:165
:13)
          at async 
Promise.allSettled (index 
1)

    console.log
      Γö£ΓöÇΓöÇΓöÇΓöÇΓöÇΓö
ÇΓöÇΓöÇΓöÇΓöÇΓöÇΓöÇΓöÇΓöÇΓ
öÇΓöÇΓöÇΓöÇΓöÇΓöÇΓöÇΓöÇΓöÇ
ΓöÇΓöÇΓöÇΓöÇΓöÇΓöÇΓöÇΓöÇΓö
ÇΓöÇΓöÇΓöÇΓöÇΓöÇΓöÇΓöÇΓöÇΓ
öÇΓöÇΓöÇΓöÇΓöÇΓöÇΓöÇΓöÇΓöÇ
ΓöÇΓöÇΓöÇΓöÇΓöÇΓöÇΓöÇΓöÇ

      at PerformanceMetric
s.printSummary (src/utils/
performance-metrics.js:166
:13)
          at async 
Promise.allSettled (index 
1)

    console.log
      Γöé Dimensions: 
2x2x2

      at PerformanceMetric
s.printSummary (src/utils/
performance-metrics.js:171
:15)
          at async 
Promise.allSettled (index 
1)

    console.log
      Γöé Unique Blocks: 
1 (stone)

      at PerformanceMetric
s.printSummary (src/utils/
performance-metrics.js:178
:15)
          at async 
Promise.allSettled (index 
1)

    console.log
      Γöé Approx Block 
Count: ~8

      at PerformanceMetric
s.printSummary (src/utils/
performance-metrics.js:183
:15)
          at async 
Promise.allSettled (index 
1)

    console.log
      Γöé Total Blocks 
Placed: 0

      at PerformanceMetric
s.printSummary (src/utils/
performance-metrics.js:186
:13)
          at async 
Promise.allSettled (index 
1)

    console.log
      Γöé Build Time: 0.0s

      at PerformanceMetric
s.printSummary (src/utils/
performance-metrics.js:187
:13)
          at async 
Promise.allSettled (index 
1)

    console.log
      Γö£ΓöÇΓöÇΓöÇΓöÇΓöÇΓö
ÇΓöÇΓöÇΓöÇΓöÇΓöÇΓöÇΓöÇΓöÇΓ
öÇΓöÇΓöÇΓöÇΓöÇΓöÇΓöÇΓöÇΓöÇ
ΓöÇΓöÇΓöÇΓöÇΓöÇΓöÇΓöÇΓöÇΓö
ÇΓöÇΓöÇΓöÇΓöÇΓöÇΓöÇΓöÇΓöÇΓ
öÇΓöÇΓöÇΓöÇΓöÇΓöÇΓöÇΓöÇΓöÇ
ΓöÇΓöÇΓöÇΓöÇΓöÇΓöÇΓöÇΓöÇ

      at PerformanceMetric
s.printSummary (src/utils/
performance-metrics.js:189
:13)
          at async 
Promise.allSettled (index 
1)

    console.log
      Γöé Operations:

      at PerformanceMetric
s.printSummary (src/utils/
performance-metrics.js:190
:13)
          at async 
Promise.allSettled (index 
1)

    console.log
      Γöé   WorldEdit: 0 
ops

      at PerformanceMetric
s.printSummary (src/utils/
performance-metrics.js:191
:13)
          at async 
Promise.allSettled (index 
1)

    console.log
      Γöé   Vanilla: 1 ops

      at PerformanceMetric
s.printSummary (src/utils/
performance-metrics.js:192
:13)
          at async 
Promise.allSettled (index 
1)

    console.log
      Γöé   Total: 1 ops

      at PerformanceMetric
s.printSummary (src/utils/
performance-metrics.js:193
:13)
          at async 
Promise.allSettled (index 
1)

    console.log
      Γö£ΓöÇΓöÇΓöÇΓöÇΓöÇΓö
ÇΓöÇΓöÇΓöÇΓöÇΓöÇΓöÇΓöÇΓöÇΓ
öÇΓöÇΓöÇΓöÇΓöÇΓöÇΓöÇΓöÇΓöÇ
ΓöÇΓöÇΓöÇΓöÇΓöÇΓöÇΓöÇΓöÇΓö
ÇΓöÇΓöÇΓöÇΓöÇΓöÇΓöÇΓöÇΓöÇΓ
öÇΓöÇΓöÇΓöÇΓöÇΓöÇΓöÇΓöÇΓöÇ
ΓöÇΓöÇΓöÇΓöÇΓöÇΓöÇΓöÇΓöÇ

      at PerformanceMetric
s.printSummary (src/utils/
performance-metrics.js:211
:13)
          at async 
Promise.allSettled (index 
1)

    console.log
      Γöé Batching 
Optimization:

      at PerformanceMetric
s.printSummary (src/utils/
performance-metrics.js:212
:13)
          at async 
Promise.allSettled (index 
1)

    console.log
      Γöé   Blocks 
Batched: 0 (0%)

      at PerformanceMetric
s.printSummary (src/utils/
performance-metrics.js:213
:13)
          at async 
Promise.allSettled (index 
1)

    console.log
      Γöé   Operations 
Saved: 0

      at PerformanceMetric
s.printSummary (src/utils/
performance-metrics.js:214
:13)
          at async 
Promise.allSettled (index 
1)

    console.log
      ΓööΓöÇΓöÇΓöÇΓöÇΓöÇΓö
ÇΓöÇΓöÇΓöÇΓöÇΓöÇΓöÇΓöÇΓöÇΓ
öÇΓöÇΓöÇΓöÇΓöÇΓöÇΓöÇΓöÇΓöÇ
ΓöÇΓöÇΓöÇΓöÇΓöÇΓöÇΓöÇΓöÇΓö
ÇΓöÇΓöÇΓöÇΓöÇΓöÇΓöÇΓöÇΓöÇΓ
öÇΓöÇΓöÇΓöÇΓöÇΓöÇΓöÇΓöÇΓöÇ
ΓöÇΓöÇΓöÇΓöÇΓöÇΓöÇΓöÇΓöÇ

      at PerformanceMetric
s.printSummary (src/utils/
performance-metrics.js:221
:13)
          at async 
Promise.allSettled (index 
1)

    console.log
        Warnings: 1

      at 
Builder.executeBlueprint (
src/stages/5-builder.js:91
4:17)
          at async 
Promise.allSettled (index 
1)

    console.log
          1. Step 
undefined: undefined - 
undefined

      at src/stages/5-buil
der.js:916:19
          at 
Array.forEach 
(<anonymous>)
          at async 
Promise.allSettled (index 
1)

    console.log
      ΓöîΓöÇΓöÇΓöÇΓöÇΓöÇΓö
ÇΓöÇΓöÇΓöÇΓöÇΓöÇΓöÇΓöÇΓöÇΓ
öÇΓöÇΓöÇΓöÇΓöÇΓöÇΓöÇΓöÇΓöÇ
ΓöÇΓöÇΓöÇΓöÇΓöÇΓöÇΓöÇΓöÇΓö
ÇΓöÇΓöÇΓöÇΓöÇΓöÇΓöÇΓöÇΓöÇΓ
öÇΓöÇΓöÇΓöÇΓöÇΓöÇΓöÇΓöÇΓöÇ
ΓöÇΓöÇΓöÇΓöÇΓöÇΓöÇΓöÇΓöÇ

      at Builder.generateB
uildReport (src/stages/5-b
uilder.js:973:13)
          at async 
Promise.allSettled (index 
1)

    console.log
      Γöé BUILD REPORT

      at Builder.generateB
uildReport (src/stages/5-b
uilder.js:974:13)
          at async 
Promise.allSettled (index 
1)

    console.log
      Γö£ΓöÇΓöÇΓöÇΓöÇΓöÇΓö
ÇΓöÇΓöÇΓöÇΓöÇΓöÇΓöÇΓöÇΓöÇΓ
öÇΓöÇΓöÇΓöÇΓöÇΓöÇΓöÇΓöÇΓöÇ
ΓöÇΓöÇΓöÇΓöÇΓöÇΓöÇΓöÇΓöÇΓö
ÇΓöÇΓöÇΓöÇΓöÇΓöÇΓöÇΓöÇΓöÇΓ
öÇΓöÇΓöÇΓöÇΓöÇΓöÇΓöÇΓöÇΓöÇ
ΓöÇΓöÇΓöÇΓöÇΓöÇΓöÇΓöÇΓöÇ

      at Builder.generateB
uildReport (src/stages/5-b
uilder.js:975:13)
          at async 
Promise.allSettled (index 
1)

    console.log
      Γöé Type: undefined

      at Builder.generateB
uildReport (src/stages/5-b
uilder.js:976:13)
          at async 
Promise.allSettled (index 
1)

    console.log
      Γöé Size: 2x2x2

      at Builder.generateB
uildReport (src/stages/5-b
uilder.js:977:13)
          at async 
Promise.allSettled (index 
1)

    console.log
      Γöé Duration: 0.1s

      at Builder.generateB
uildReport (src/stages/5-b
uilder.js:978:13)
          at async 
Promise.allSettled (index 
1)

    console.log
      Γöé Blocks: 1 
(10.0/s)

      at Builder.generateB
uildReport (src/stages/5-b
uilder.js:979:13)
          at async 
Promise.allSettled (index 
1)

    console.log
      Γöé Success: ΓÜá

      at Builder.generateB
uildReport (src/stages/5-b
uilder.js:980:13)
          at async 
Promise.allSettled (index 
1)

    console.log
      ΓööΓöÇΓöÇΓöÇΓöÇΓöÇΓö
ÇΓöÇΓöÇΓöÇΓöÇΓöÇΓöÇΓöÇΓöÇΓ
öÇΓöÇΓöÇΓöÇΓöÇΓöÇΓöÇΓöÇΓöÇ
ΓöÇΓöÇΓöÇΓöÇΓöÇΓöÇΓöÇΓöÇΓö
ÇΓöÇΓöÇΓöÇΓöÇΓöÇΓöÇΓöÇΓöÇΓ
öÇΓöÇΓöÇΓöÇΓöÇΓöÇΓöÇΓöÇΓöÇ
ΓöÇΓöÇΓöÇΓöÇΓöÇΓöÇΓöÇΓöÇ

      at Builder.generateB
uildReport (src/stages/5-b
uilder.js:981:13)
          at async 
Promise.allSettled (index 
1)

    console.error
      Build execution 
failed: Build already in 
progress

    [0m [90m 929 |[39m 
        [36mthis[39m[33
m.[39mstateManager[33m.
[39mfailBuild([32m'Build 
cancelled'[39m)[33m;[39
m
     [90m 930 |[39m     
  } [36melse[39m {
    
[31m[1m>[22m[39m[90m 
931 |[39m         console
[33m.[39merror([32m`Bui
ld execution failed: ${err
or.message}`[39m)[33m;[
39m
     [90m     |[39m     
            
[31m[1m^[22m[39m
     [90m 932 |[39m     
    [90m// Mark build as 
failed in state 
manager[39m
     [90m 933 |[39m     
    [36mthis[39m[33m.[
39mstateManager[33m.[39m
failBuild(error[33m.[39m
message)[33m;[39m
     [90m 934 |[39m     
  }[0m

      at 
Builder.executeBlueprint (
src/stages/5-builder.js:93
1:17)
      at 
Object.<anonymous> (tests/
stages/builder.test.js:321
:7)

    console.log
      Sanitizing 
blueprint...

      at BlueprintSanitize
r.sanitize (src/utils/blue
print-sanitizer.js:56:17)

    console.log
        [Terrain] 
Scanning build footprint 
for ground level...

      at 
Builder.executeBlueprint (
src/stages/5-builder.js:65
4:15)

    console.log
        ΓÜá No solid 
ground found within 
search depth. Building at 
current position.

      at 
Builder.executeBlueprint (
src/stages/5-builder.js:66
6:17)

    console.log
      Starting build 
execution...

      at 
Builder.executeBlueprint (
src/stages/5-builder.js:67
4:15)

    console.log
        Location: 0, 64, 0

      at 
Builder.executeBlueprint (
src/stages/5-builder.js:67
5:15)

    console.log
        Total steps: 0

      at 
Builder.executeBlueprint (
src/stages/5-builder.js:67
6:15)

    console.log
        WorldEdit: 
DISABLED

      at 
Builder.executeBlueprint (
src/stages/5-builder.js:67
7:15)

    console.log
      
      ΓåÆ Validating 
build area...

      at 
Builder.executeBlueprint (
src/stages/5-builder.js:68
0:15)

    console.log
        Chunks: 0/0 loaded

      at 
Builder.executeBlueprint (
src/stages/5-builder.js:69
8:15)

    console.log
      
      ΓåÆ Validating 
materials...

      at 
Builder.executeBlueprint (
src/stages/5-builder.js:70
1:15)

    console.log
      Γ£ô Creative mode - 
unlimited materials

      at 
Builder.executeBlueprint (
src/stages/5-builder.js:70
3:15)

    console.log
        [State] Build 
started: c9a73697-df94-480
5-bbbc-5c2fdc17b746

      at BuildStateManager
.startBuild (src/state/bui
ld-state.js:82:13)

    console.log
        Build ID: c9a73697
-df94-4805-bbbc-5c2fdc17b7
46

      at 
Builder.executeBlueprint (
src/stages/5-builder.js:72
0:15)

    console.log
      
      ΓåÆ Scanning build 
area for obstructions...

      at 
Builder.executeBlueprint (
src/stages/5-builder.js:73
3:15)

    console.log
        Γ£ô Build area is 
clear

      at 
Builder.executeBlueprint (
src/stages/5-builder.js:74
4:17)

    console.log
        ΓåÆ Auto-clearing 
build site...

      at 
Builder.autoClearArea (src
/stages/5-builder.js:218:1
3)

    console.log
          ΓÜá Auto-clear 
skipped (Vanilla clearing 
too slow)

      at 
Builder.autoClearArea (src
/stages/5-builder.js:253:1
5)

    console.log
        [State] Build 
completed: c9a73697-df94-4
805-bbbc-5c2fdc17b746

      at BuildStateManager
.completeBuild (src/state/
build-state.js:162:13)

    console.log
        [State] Cleaned 
up 1 old state files

      at BuildStateManager
.cleanupOldStates (src/sta
te/build-state.js:354:17)

    console.log
      Γ£ô Build completed 
in 0.0s

      at 
Builder.executeBlueprint (
src/stages/5-builder.js:89
8:15)

    console.log
        Blocks placed: 0

      at 
Builder.executeBlueprint (
src/stages/5-builder.js:89
9:15)

    console.log
        WorldEdit ops: 0

      at 
Builder.executeBlueprint (
src/stages/5-builder.js:90
6:15)

    console.log
      
      ΓöîΓöÇΓöÇΓöÇΓöÇΓöÇΓö
ÇΓöÇΓöÇΓöÇΓöÇΓöÇΓöÇΓöÇΓöÇΓ
öÇΓöÇΓöÇΓöÇΓöÇΓöÇΓöÇΓöÇΓöÇ
ΓöÇΓöÇΓöÇΓöÇΓöÇΓöÇΓöÇΓöÇΓö
ÇΓöÇΓöÇΓöÇΓöÇΓöÇΓöÇΓöÇΓöÇΓ
öÇΓöÇΓöÇΓöÇΓöÇΓöÇΓöÇΓöÇΓöÇ
ΓöÇΓöÇΓöÇΓöÇΓöÇΓöÇΓöÇΓöÇ

      at PerformanceMetric
s.printSummary (src/utils/
performance-metrics.js:164
:13)

    console.log
      Γöé BUILD METRICS

      at PerformanceMetric
s.printSummary (src/utils/
performance-metrics.js:165
:13)

    console.log
      Γö£ΓöÇΓöÇΓöÇΓöÇΓöÇΓö
ÇΓöÇΓöÇΓöÇΓöÇΓöÇΓöÇΓöÇΓöÇΓ
öÇΓöÇΓöÇΓöÇΓöÇΓöÇΓöÇΓöÇΓöÇ
ΓöÇΓöÇΓöÇΓöÇΓöÇΓöÇΓöÇΓöÇΓö
ÇΓöÇΓöÇΓöÇΓöÇΓöÇΓöÇΓöÇΓöÇΓ
öÇΓöÇΓöÇΓöÇΓöÇΓöÇΓöÇΓöÇΓöÇ
ΓöÇΓöÇΓöÇΓöÇΓöÇΓöÇΓöÇΓöÇ

      at PerformanceMetric
s.printSummary (src/utils/
performance-metrics.js:166
:13)

    console.log
      Γöé Dimensions: 
2x2x2

      at PerformanceMetric
s.printSummary (src/utils/
performance-metrics.js:171
:15)

    console.log
      Γöé Unique Blocks: 
1 (stone)

      at PerformanceMetric
s.printSummary (src/utils/
performance-metrics.js:178
:15)

    console.log
      Γöé Approx Block 
Count: ~8

      at PerformanceMetric
s.printSummary (src/utils/
performance-metrics.js:183
:15)

    console.log
      Γöé Total Blocks 
Placed: 0

      at PerformanceMetric
s.printSummary (src/utils/
performance-metrics.js:186
:13)

    console.log
      Γöé Build Time: 0.0s

      at PerformanceMetric
s.printSummary (src/utils/
performance-metrics.js:187
:13)

    console.log
      Γö£ΓöÇΓöÇΓöÇΓöÇΓöÇΓö
ÇΓöÇΓöÇΓöÇΓöÇΓöÇΓöÇΓöÇΓöÇΓ
öÇΓöÇΓöÇΓöÇΓöÇΓöÇΓöÇΓöÇΓöÇ
ΓöÇΓöÇΓöÇΓöÇΓöÇΓöÇΓöÇΓöÇΓö
ÇΓöÇΓöÇΓöÇΓöÇΓöÇΓöÇΓöÇΓöÇΓ
öÇΓöÇΓöÇΓöÇΓöÇΓöÇΓöÇΓöÇΓöÇ
ΓöÇΓöÇΓöÇΓöÇΓöÇΓöÇΓöÇΓöÇ

      at PerformanceMetric
s.printSummary (src/utils/
performance-metrics.js:189
:13)

    console.log
      Γöé Operations:

      at PerformanceMetric
s.printSummary (src/utils/
performance-metrics.js:190
:13)

    console.log
      Γöé   WorldEdit: 0 
ops

      at PerformanceMetric
s.printSummary (src/utils/
performance-metrics.js:191
:13)

    console.log
      Γöé   Vanilla: 0 ops

      at PerformanceMetric
s.printSummary (src/utils/
performance-metrics.js:192
:13)

    console.log
      Γöé   Total: 0 ops

      at PerformanceMetric
s.printSummary (src/utils/
performance-metrics.js:193
:13)

    console.log
      Γö£ΓöÇΓöÇΓöÇΓöÇΓöÇΓö
ÇΓöÇΓöÇΓöÇΓöÇΓöÇΓöÇΓöÇΓöÇΓ
öÇΓöÇΓöÇΓöÇΓöÇΓöÇΓöÇΓöÇΓöÇ
ΓöÇΓöÇΓöÇΓöÇΓöÇΓöÇΓöÇΓöÇΓö
ÇΓöÇΓöÇΓöÇΓöÇΓöÇΓöÇΓöÇΓöÇΓ
öÇΓöÇΓöÇΓöÇΓöÇΓöÇΓöÇΓöÇΓöÇ
ΓöÇΓöÇΓöÇΓöÇΓöÇΓöÇΓöÇΓöÇ

      at PerformanceMetric
s.printSummary (src/utils/
performance-metrics.js:211
:13)

    console.log
      Γöé Batching 
Optimization:

      at PerformanceMetric
s.printSummary (src/utils/
performance-metrics.js:212
:13)

    console.log
      Γöé   Blocks 
Batched: 0 (0%)

      at PerformanceMetric
s.printSummary (src/utils/
performance-metrics.js:213
:13)

    console.log
      Γöé   Operations 
Saved: 0

      at PerformanceMetric
s.printSummary (src/utils/
performance-metrics.js:214
:13)

    console.log
      ΓööΓöÇΓöÇΓöÇΓöÇΓöÇΓö
ÇΓöÇΓöÇΓöÇΓöÇΓöÇΓöÇΓöÇΓöÇΓ
öÇΓöÇΓöÇΓöÇΓöÇΓöÇΓöÇΓöÇΓöÇ
ΓöÇΓöÇΓöÇΓöÇΓöÇΓöÇΓöÇΓöÇΓö
ÇΓöÇΓöÇΓöÇΓöÇΓöÇΓöÇΓöÇΓöÇΓ
öÇΓöÇΓöÇΓöÇΓöÇΓöÇΓöÇΓöÇΓöÇ
ΓöÇΓöÇΓöÇΓöÇΓöÇΓöÇΓöÇΓöÇ

      at PerformanceMetric
s.printSummary (src/utils/
performance-metrics.js:221
:13)

    console.log
        Warnings: 1

      at 
Builder.executeBlueprint (
src/stages/5-builder.js:91
4:17)

    console.log
          1. Step 
undefined: undefined - 
undefined

      at src/stages/5-buil
der.js:916:19
          at 
Array.forEach 
(<anonymous>)

    console.log
      ΓöîΓöÇΓöÇΓöÇΓöÇΓöÇΓö
ÇΓöÇΓöÇΓöÇΓöÇΓöÇΓöÇΓöÇΓöÇΓ
öÇΓöÇΓöÇΓöÇΓöÇΓöÇΓöÇΓöÇΓöÇ
ΓöÇΓöÇΓöÇΓöÇΓöÇΓöÇΓöÇΓöÇΓö
ÇΓöÇΓöÇΓöÇΓöÇΓöÇΓöÇΓöÇΓöÇΓ
öÇΓöÇΓöÇΓöÇΓöÇΓöÇΓöÇΓöÇΓöÇ
ΓöÇΓöÇΓöÇΓöÇΓöÇΓöÇΓöÇΓöÇ

      at Builder.generateB
uildReport (src/stages/5-b
uilder.js:973:13)

    console.log
      Γöé BUILD REPORT

      at Builder.generateB
uildReport (src/stages/5-b
uilder.js:974:13)

    console.log
      Γö£ΓöÇΓöÇΓöÇΓöÇΓöÇΓö
ÇΓöÇΓöÇΓöÇΓöÇΓöÇΓöÇΓöÇΓöÇΓ
öÇΓöÇΓöÇΓöÇΓöÇΓöÇΓöÇΓöÇΓöÇ
ΓöÇΓöÇΓöÇΓöÇΓöÇΓöÇΓöÇΓöÇΓö
ÇΓöÇΓöÇΓöÇΓöÇΓöÇΓöÇΓöÇΓöÇΓ
öÇΓöÇΓöÇΓöÇΓöÇΓöÇΓöÇΓöÇΓöÇ
ΓöÇΓöÇΓöÇΓöÇΓöÇΓöÇΓöÇΓöÇ

      at Builder.generateB
uildReport (src/stages/5-b
uilder.js:975:13)

    console.log
      Γöé Type: undefined

      at Builder.generateB
uildReport (src/stages/5-b
uilder.js:976:13)

    console.log
      Γöé Size: 2x2x2

      at Builder.generateB
uildReport (src/stages/5-b
uilder.js:977:13)

    console.log
      Γöé Duration: 0s

      at Builder.generateB
uildReport (src/stages/5-b
uilder.js:978:13)

    console.log
      Γöé Blocks: 0 
(0.0/s)

      at Builder.generateB
uildReport (src/stages/5-b
uilder.js:979:13)

    console.log
      Γöé Success: ΓÜá

      at Builder.generateB
uildReport (src/stages/5-b
uilder.js:980:13)

    console.log
      ΓööΓöÇΓöÇΓöÇΓöÇΓöÇΓö
ÇΓöÇΓöÇΓöÇΓöÇΓöÇΓöÇΓöÇΓöÇΓ
öÇΓöÇΓöÇΓöÇΓöÇΓöÇΓöÇΓöÇΓöÇ
ΓöÇΓöÇΓöÇΓöÇΓöÇΓöÇΓöÇΓöÇΓö
ÇΓöÇΓöÇΓöÇΓöÇΓöÇΓöÇΓöÇΓöÇΓ
öÇΓöÇΓöÇΓöÇΓöÇΓöÇΓöÇΓöÇΓöÇ
ΓöÇΓöÇΓöÇΓöÇΓöÇΓöÇΓöÇΓöÇ

      at Builder.generateB
uildReport (src/stages/5-b
uilder.js:981:13)

    console.log
      Sanitizing 
blueprint...

      at BlueprintSanitize
r.sanitize (src/utils/blue
print-sanitizer.js:56:17)

    console.log
        [Terrain] 
Scanning build footprint 
for ground level...

      at 
Builder.executeBlueprint (
src/stages/5-builder.js:65
4:15)

    console.log
        ΓÜá No solid 
ground found within 
search depth. Building at 
current position.

      at 
Builder.executeBlueprint (
src/stages/5-builder.js:66
6:17)

    console.log
      Starting build 
execution...

      at 
Builder.executeBlueprint (
src/stages/5-builder.js:67
4:15)

    console.log
        Location: 0, 64, 0

      at 
Builder.executeBlueprint (
src/stages/5-builder.js:67
5:15)

    console.log
        Total steps: 1

      at 
Builder.executeBlueprint (
src/stages/5-builder.js:67
6:15)

    console.log
        WorldEdit: 
DISABLED

      at 
Builder.executeBlueprint (
src/stages/5-builder.js:67
7:15)

    console.log
      
      ΓåÆ Validating 
build area...

      at 
Builder.executeBlueprint (
src/stages/5-builder.js:68
0:15)

    console.log
        Chunks: 0/0 loaded

      at 
Builder.executeBlueprint (
src/stages/5-builder.js:69
8:15)

    console.log
      
      ΓåÆ Validating 
materials...

      at 
Builder.executeBlueprint (
src/stages/5-builder.js:70
1:15)

    console.log
      Γ£ô Creative mode - 
unlimited materials

      at 
Builder.executeBlueprint (
src/stages/5-builder.js:70
3:15)

    console.log
        [State] Build 
started: d56d1449-f47a-4dc
7-baaa-d3fb6d4f3060

      at BuildStateManager
.startBuild (src/state/bui
ld-state.js:82:13)

    console.log
        Build ID: d56d1449
-f47a-4dc7-baaa-d3fb6d4f30
60

      at 
Builder.executeBlueprint (
src/stages/5-builder.js:72
0:15)

    console.log
      
      ΓåÆ Scanning build 
area for obstructions...

      at 
Builder.executeBlueprint (
src/stages/5-builder.js:73
3:15)

    console.log
        Γ£ô Build area is 
clear

      at 
Builder.executeBlueprint (
src/stages/5-builder.js:74
4:17)

    console.log
        ΓåÆ Auto-clearing 
build site...

      at 
Builder.autoClearArea (src
/stages/5-builder.js:218:1
3)

    console.log
          ΓÜá Auto-clear 
skipped (Vanilla clearing 
too slow)

      at 
Builder.autoClearArea (src
/stages/5-builder.js:253:1
5)

    console.log
        Step 1/1: 
nonexistent_op

      at 
Builder.executeBlueprint (
src/stages/5-builder.js:79
5:17)

    console.warn
      Warning: Unknown 
operation nonexistent_op

    [0m [90m 859 |[39m 
          }
     [90m 860 |[39m     
    } [36melse[39m {
    
[31m[1m>[22m[39m[90m 
861 |[39m           conso
le[33m.[39mwarn([32m`Wa
rning: Unknown operation $
{step.op}`[39m)[33m;[39
m
     [90m     |[39m     
              
[31m[1m^[22m[39m
     [90m 862 |[39m     
      [36mif[39m ([36mt
his[39m[33m.[39mcurrent
Build) {
     [90m 863 |[39m     
        [36mthis[39m[33
m.[39mcurrentBuild[33m.
[39mblocksSkipped[33m++[
39m[33m;[39m
     [90m 864 |[39m     
      }[0m

      at 
Builder.executeBlueprint (
src/stages/5-builder.js:86
1:19)
      at 
Object.<anonymous> (tests/
stages/builder.test.js:355
:9)

    console.log
        [State] Build 
completed: d56d1449-f47a-4
dc7-baaa-d3fb6d4f3060

      at BuildStateManager
.completeBuild (src/state/
build-state.js:162:13)

    console.log
        [State] Cleaned 
up 1 old state files

      at BuildStateManager
.cleanupOldStates (src/sta
te/build-state.js:354:17)

    console.log
      Γ£ô Build completed 
in 0.0s

      at 
Builder.executeBlueprint (
src/stages/5-builder.js:89
8:15)

    console.log
        Blocks placed: 0

      at 
Builder.executeBlueprint (
src/stages/5-builder.js:89
9:15)

    console.log
        Blocks skipped: 1

      at 
Builder.executeBlueprint (
src/stages/5-builder.js:90
4:17)

    console.log
        WorldEdit ops: 0

      at 
Builder.executeBlueprint (
src/stages/5-builder.js:90
6:15)

    console.log
      
      ΓöîΓöÇΓöÇΓöÇΓöÇΓöÇΓö
ÇΓöÇΓöÇΓöÇΓöÇΓöÇΓöÇΓöÇΓöÇΓ
öÇΓöÇΓöÇΓöÇΓöÇΓöÇΓöÇΓöÇΓöÇ
ΓöÇΓöÇΓöÇΓöÇΓöÇΓöÇΓöÇΓöÇΓö
ÇΓöÇΓöÇΓöÇΓöÇΓöÇΓöÇΓöÇΓöÇΓ
öÇΓöÇΓöÇΓöÇΓöÇΓöÇΓöÇΓöÇΓöÇ
ΓöÇΓöÇΓöÇΓöÇΓöÇΓöÇΓöÇΓöÇ

      at PerformanceMetric
s.printSummary (src/utils/
performance-metrics.js:164
:13)

    console.log
      Γöé BUILD METRICS

      at PerformanceMetric
s.printSummary (src/utils/
performance-metrics.js:165
:13)

    console.log
      Γö£ΓöÇΓöÇΓöÇΓöÇΓöÇΓö
ÇΓöÇΓöÇΓöÇΓöÇΓöÇΓöÇΓöÇΓöÇΓ
öÇΓöÇΓöÇΓöÇΓöÇΓöÇΓöÇΓöÇΓöÇ
ΓöÇΓöÇΓöÇΓöÇΓöÇΓöÇΓöÇΓöÇΓö
ÇΓöÇΓöÇΓöÇΓöÇΓöÇΓöÇΓöÇΓöÇΓ
öÇΓöÇΓöÇΓöÇΓöÇΓöÇΓöÇΓöÇΓöÇ
ΓöÇΓöÇΓöÇΓöÇΓöÇΓöÇΓöÇΓöÇ

      at PerformanceMetric
s.printSummary (src/utils/
performance-metrics.js:166
:13)

    console.log
      Γöé Dimensions: 
2x2x2

      at PerformanceMetric
s.printSummary (src/utils/
performance-metrics.js:171
:15)

    console.log
      Γöé Unique Blocks: 
1 (stone)

      at PerformanceMetric
s.printSummary (src/utils/
performance-metrics.js:178
:15)

    console.log
      Γöé Approx Block 
Count: ~8

      at PerformanceMetric
s.printSummary (src/utils/
performance-metrics.js:183
:15)

    console.log
      Γöé Total Blocks 
Placed: 0

      at PerformanceMetric
s.printSummary (src/utils/
performance-metrics.js:186
:13)

    console.log
      Γöé Build Time: 0.0s

      at PerformanceMetric
s.printSummary (src/utils/
performance-metrics.js:187
:13)

    console.log
      Γö£ΓöÇΓöÇΓöÇΓöÇΓöÇΓö
ÇΓöÇΓöÇΓöÇΓöÇΓöÇΓöÇΓöÇΓöÇΓ
öÇΓöÇΓöÇΓöÇΓöÇΓöÇΓöÇΓöÇΓöÇ
ΓöÇΓöÇΓöÇΓöÇΓöÇΓöÇΓöÇΓöÇΓö
ÇΓöÇΓöÇΓöÇΓöÇΓöÇΓöÇΓöÇΓöÇΓ
öÇΓöÇΓöÇΓöÇΓöÇΓöÇΓöÇΓöÇΓöÇ
ΓöÇΓöÇΓöÇΓöÇΓöÇΓöÇΓöÇΓöÇ

      at PerformanceMetric
s.printSummary (src/utils/
performance-metrics.js:189
:13)

    console.log
      Γöé Operations:

      at PerformanceMetric
s.printSummary (src/utils/
performance-metrics.js:190
:13)

    console.log
      Γöé   WorldEdit: 0 
ops

      at PerformanceMetric
s.printSummary (src/utils/
performance-metrics.js:191
:13)

    console.log
      Γöé   Vanilla: 0 ops

      at PerformanceMetric
s.printSummary (src/utils/
performance-metrics.js:192
:13)

    console.log
      Γöé   Total: 0 ops

      at PerformanceMetric
s.printSummary (src/utils/
performance-metrics.js:193
:13)

    console.log
      Γö£ΓöÇΓöÇΓöÇΓöÇΓöÇΓö
ÇΓöÇΓöÇΓöÇΓöÇΓöÇΓöÇΓöÇΓöÇΓ
öÇΓöÇΓöÇΓöÇΓöÇΓöÇΓöÇΓöÇΓöÇ
ΓöÇΓöÇΓöÇΓöÇΓöÇΓöÇΓöÇΓöÇΓö
ÇΓöÇΓöÇΓöÇΓöÇΓöÇΓöÇΓöÇΓöÇΓ
öÇΓöÇΓöÇΓöÇΓöÇΓöÇΓöÇΓöÇΓöÇ
ΓöÇΓöÇΓöÇΓöÇΓöÇΓöÇΓöÇΓöÇ

      at PerformanceMetric
s.printSummary (src/utils/
performance-metrics.js:211
:13)

    console.log
      Γöé Batching 
Optimization:

      at PerformanceMetric
s.printSummary (src/utils/
performance-metrics.js:212
:13)

    console.log
      Γöé   Blocks 
Batched: 0 (0%)

      at PerformanceMetric
s.printSummary (src/utils/
performance-metrics.js:213
:13)

    console.log
      Γöé   Operations 
Saved: 0

      at PerformanceMetric
s.printSummary (src/utils/
performance-metrics.js:214
:13)

    console.log
      ΓööΓöÇΓöÇΓöÇΓöÇΓöÇΓö
ÇΓöÇΓöÇΓöÇΓöÇΓöÇΓöÇΓöÇΓöÇΓ
öÇΓöÇΓöÇΓöÇΓöÇΓöÇΓöÇΓöÇΓöÇ
ΓöÇΓöÇΓöÇΓöÇΓöÇΓöÇΓöÇΓöÇΓö
ÇΓöÇΓöÇΓöÇΓöÇΓöÇΓöÇΓöÇΓöÇΓ
öÇΓöÇΓöÇΓöÇΓöÇΓöÇΓöÇΓöÇΓöÇ
ΓöÇΓöÇΓöÇΓöÇΓöÇΓöÇΓöÇΓöÇ

      at PerformanceMetric
s.printSummary (src/utils/
performance-metrics.js:221
:13)

    console.log
        Warnings: 1

      at 
Builder.executeBlueprint (
src/stages/5-builder.js:91
4:17)

    console.log
          1. Step 
undefined: undefined - 
undefined

      at src/stages/5-buil
der.js:916:19
          at 
Array.forEach 
(<anonymous>)

    console.log
      ΓöîΓöÇΓöÇΓöÇΓöÇΓöÇΓö
ÇΓöÇΓöÇΓöÇΓöÇΓöÇΓöÇΓöÇΓöÇΓ
öÇΓöÇΓöÇΓöÇΓöÇΓöÇΓöÇΓöÇΓöÇ
ΓöÇΓöÇΓöÇΓöÇΓöÇΓöÇΓöÇΓöÇΓö
ÇΓöÇΓöÇΓöÇΓöÇΓöÇΓöÇΓöÇΓöÇΓ
öÇΓöÇΓöÇΓöÇΓöÇΓöÇΓöÇΓöÇΓöÇ
ΓöÇΓöÇΓöÇΓöÇΓöÇΓöÇΓöÇΓöÇ

      at Builder.generateB
uildReport (src/stages/5-b
uilder.js:973:13)

    console.log
      Γöé BUILD REPORT

      at Builder.generateB
uildReport (src/stages/5-b
uilder.js:974:13)

    console.log
      Γö£ΓöÇΓöÇΓöÇΓöÇΓöÇΓö
ÇΓöÇΓöÇΓöÇΓöÇΓöÇΓöÇΓöÇΓöÇΓ
öÇΓöÇΓöÇΓöÇΓöÇΓöÇΓöÇΓöÇΓöÇ
ΓöÇΓöÇΓöÇΓöÇΓöÇΓöÇΓöÇΓöÇΓö
ÇΓöÇΓöÇΓöÇΓöÇΓöÇΓöÇΓöÇΓöÇΓ
öÇΓöÇΓöÇΓöÇΓöÇΓöÇΓöÇΓöÇΓöÇ
ΓöÇΓöÇΓöÇΓöÇΓöÇΓöÇΓöÇΓöÇ

      at Builder.generateB
uildReport (src/stages/5-b
uilder.js:975:13)

    console.log
      Γöé Type: undefined

      at Builder.generateB
uildReport (src/stages/5-b
uilder.js:976:13)

    console.log
      Γöé Size: 2x2x2

      at Builder.generateB
uildReport (src/stages/5-b
uilder.js:977:13)

    console.log
      Γöé Duration: 0s

      at Builder.generateB
uildReport (src/stages/5-b
uilder.js:978:13)

    console.log
      Γöé Blocks: 0 
(0.0/s)

      at Builder.generateB
uildReport (src/stages/5-b
uilder.js:979:13)

    console.log
      Γöé Success: ΓÜá

      at Builder.generateB
uildReport (src/stages/5-b
uilder.js:980:13)

    console.log
      ΓööΓöÇΓöÇΓöÇΓöÇΓöÇΓö
ÇΓöÇΓöÇΓöÇΓöÇΓöÇΓöÇΓöÇΓöÇΓ
öÇΓöÇΓöÇΓöÇΓöÇΓöÇΓöÇΓöÇΓöÇ
ΓöÇΓöÇΓöÇΓöÇΓöÇΓöÇΓöÇΓöÇΓö
ÇΓöÇΓöÇΓöÇΓöÇΓöÇΓöÇΓöÇΓöÇΓ
öÇΓöÇΓöÇΓöÇΓöÇΓöÇΓöÇΓöÇΓöÇ
ΓöÇΓöÇΓöÇΓöÇΓöÇΓöÇΓöÇΓöÇ

      at Builder.generateB
uildReport (src/stages/5-b
uilder.js:981:13)

    console.log
          ΓåÆ Verifying 
build integrity (The 
Eye)...

      at 
Builder.verifyBuild (src/s
tages/5-builder.js:992:13)

    console.log
            (No 
verifiable blocks found 
in blueprint)

      at 
Builder.verifyBuild (src/s
tages/5-builder.js:1047:15
)

    console.log
          ΓåÆ Teleporting 
to target (distance 141.5)

      at 
Builder.teleportAndVerify 
(src/stages/5-builder.js:1
257:13)

    console.log
          ΓåÆ Teleported 
to 100, 70, 100

      at 
Builder.teleportAndVerify 
(src/stages/5-builder.js:1
277:17)

    console.log
          ΓåÆ Teleporting 
to target (distance 141.5)

      at 
Builder.teleportAndVerify 
(src/stages/5-builder.js:1
257:13)

    console.warn
          ΓÜá Teleport 
may have failed (no 
position change detected)

    [0m [90m 1285 |[39m
     [90m 1286 |[39m    
 [36mif[39m 
([33m![39mmoved) {
    
[31m[1m>[22m[39m[90m 
1287 |[39m       console
[33m.[39mwarn([32m`    
ΓÜá Teleport may have 
failed (no position 
change detected)`[39m)[3
3m;[39m
     [90m      |[39m    
           
[31m[1m^[22m[39m
     [90m 1288 |[39m    
   console[33m.[39mwarn(
[32m`    ΓÜá Expected: 
${targetPos.x}, 
${targetPos.y}, ${targetPo
s.z}`[39m)[33m;[39m
     [90m 1289 |[39m    
   console[33m.[39mwarn(
[32m`    ΓÜá Current: ${c
urrentPos.x.toFixed(1)}, $
{currentPos.y.toFixed(1)},
 ${currentPos.z.toFixed(1)
}`[39m)[33m;[39m
     [90m 1290 |[39m    
   [36mreturn[39m [36mf
alse[39m[33m;[39m[0m

      at 
Builder.teleportAndVerify 
(src/stages/5-builder.js:1
287:15)
      at 
Object.<anonymous> (tests/
stages/builder.test.js:384
:22)

    console.warn
          ΓÜá Expected: 
100, 70, 100

    [0m [90m 1286 
|[39m     [36mif[39m 
([33m![39mmoved) {
     [90m 1287 |[39m    
   console[33m.[39mwarn(
[32m`    ΓÜá Teleport 
may have failed (no 
position change detected)`
[39m)[33m;[39m
    
[31m[1m>[22m[39m[90m 
1288 |[39m       console
[33m.[39mwarn([32m`    
ΓÜá Expected: 
${targetPos.x}, 
${targetPos.y}, ${targetPo
s.z}`[39m)[33m;[39m
     [90m      |[39m    
           
[31m[1m^[22m[39m
     [90m 1289 |[39m    
   console[33m.[39mwarn(
[32m`    ΓÜá Current: ${c
urrentPos.x.toFixed(1)}, $
{currentPos.y.toFixed(1)},
 ${currentPos.z.toFixed(1)
}`[39m)[33m;[39m
     [90m 1290 |[39m    
   [36mreturn[39m 
[36mfalse[39m[33m;[39m
     [90m 1291 |[39m    
 }[0m

      at 
Builder.teleportAndVerify 
(src/stages/5-builder.js:1
288:15)
      at 
Object.<anonymous> (tests/
stages/builder.test.js:384
:22)

    console.warn
          ΓÜá Current: 
0.0, 64.0, 0.0

    [0m [90m 1287 
|[39m       console[33m.
[39mwarn([32m`    ΓÜá 
Teleport may have failed 
(no position change detect
ed)`[39m)[33m;[39m
     [90m 1288 |[39m    
   console[33m.[39mwarn(
[32m`    ΓÜá Expected: 
${targetPos.x}, 
${targetPos.y}, ${targetPo
s.z}`[39m)[33m;[39m
    
[31m[1m>[22m[39m[90m 
1289 |[39m       console
[33m.[39mwarn([32m`    
ΓÜá Current: ${currentPos.
x.toFixed(1)}, ${currentPo
s.y.toFixed(1)}, ${current
Pos.z.toFixed(1)}`[39m)[
33m;[39m
     [90m      |[39m    
           
[31m[1m^[22m[39m
     [90m 1290 |[39m    
   [36mreturn[39m 
[36mfalse[39m[33m;[39m
     [90m 1291 |[39m    
 }
     [90m 1292 |[39m[0m

      at 
Builder.teleportAndVerify 
(src/stages/5-builder.js:1
289:15)
      at 
Object.<anonymous> (tests/
stages/builder.test.js:384
:22)

    console.log
      Sanitizing 
blueprint...

      at BlueprintSanitize
r.sanitize (src/utils/blue
print-sanitizer.js:56:17)

    console.log
        [Terrain] 
Scanning build footprint 
for ground level...

      at 
Builder.executeBlueprint (
src/stages/5-builder.js:65
4:15)

    console.log
        ΓÜá No solid 
ground found within 
search depth. Building at 
current position.

      at 
Builder.executeBlueprint (
src/stages/5-builder.js:66
6:17)

    console.log
      Starting build 
execution...

      at 
Builder.executeBlueprint (
src/stages/5-builder.js:67
4:15)

    console.log
        Location: 0, 64, 0

      at 
Builder.executeBlueprint (
src/stages/5-builder.js:67
5:15)

    console.log
        Total steps: 2

      at 
Builder.executeBlueprint (
src/stages/5-builder.js:67
6:15)

    console.log
        WorldEdit: 
DISABLED

      at 
Builder.executeBlueprint (
src/stages/5-builder.js:67
7:15)

    console.log
      
      ΓåÆ Validating 
build area...

      at 
Builder.executeBlueprint (
src/stages/5-builder.js:68
0:15)

    console.log
        Chunks: 0/0 loaded

      at 
Builder.executeBlueprint (
src/stages/5-builder.js:69
8:15)

    console.log
      
      ΓåÆ Validating 
materials...

      at 
Builder.executeBlueprint (
src/stages/5-builder.js:70
1:15)

    console.log
      Γ£ô Creative mode - 
unlimited materials

      at 
Builder.executeBlueprint (
src/stages/5-builder.js:70
3:15)

    console.log
        [State] Build 
started: 1e04069e-1b3c-4a2
9-bb01-042f8cdb7c7f

      at BuildStateManager
.startBuild (src/state/bui
ld-state.js:82:13)

    console.log
        Build ID: 1e04069e
-1b3c-4a29-bb01-042f8cdb7c
7f

      at 
Builder.executeBlueprint (
src/stages/5-builder.js:72
0:15)

    console.log
      
      ΓåÆ Scanning build 
area for obstructions...

      at 
Builder.executeBlueprint (
src/stages/5-builder.js:73
3:15)

    console.log
        Γ£ô Build area is 
clear

      at 
Builder.executeBlueprint (
src/stages/5-builder.js:74
4:17)

    console.log
      Cancelling build...

      at Builder.cancel (s
rc/stages/5-builder.js:159
3:13)

    console.log
      Build cancelled by 
user

      at 
Builder.executeBlueprint (
src/stages/5-builder.js:77
9:19)

    console.warn
      Build cancelled

    [0m [90m 926 |[39m 
    } [36mcatch[39m 
(error) {
     [90m 927 |[39m     
  [36mif[39m (error 
[33m&&[39m 
error[33m.[39mcode 
[33m===[39m [32m'BUILD_
CANCELLED'[39m) {
    
[31m[1m>[22m[39m[90m 
928 |[39m         console
[33m.[39mwarn([32m'Buil
d cancelled'[39m)[33m;[
39m
     [90m     |[39m     
            
[31m[1m^[22m[39m
     [90m 929 |[39m     
    [36mthis[39m[33m.[
39mstateManager[33m.[39m
failBuild([32m'Build canc
elled'[39m)[33m;[39m
     [90m 930 |[39m     
  } [36melse[39m {
     [90m 931 |[39m     
    console[33m.[39merro
r([32m`Build execution 
failed: ${error.message}`
[39m)[33m;[39m[0m

      at 
Builder.executeBlueprint (
src/stages/5-builder.js:92
8:17)
      at 
Object.<anonymous> (tests/
stages/builder.test.js:424
:7)

    console.log
        [State] Build 
failed: 1e04069e-1b3c-4a29
-bb01-042f8cdb7c7f - 
Build cancelled

      at BuildStateManager
.failBuild (src/state/buil
d-state.js:181:13)

    console.log
      Sanitizing 
blueprint...

      at BlueprintSanitize
r.sanitize (src/utils/blue
print-sanitizer.js:56:17)

    console.log
        [Terrain] 
Scanning build footprint 
for ground level...

      at 
Builder.executeBlueprint (
src/stages/5-builder.js:65
4:15)

    console.log
        ΓÜá No solid 
ground found within 
search depth. Building at 
current position.

      at 
Builder.executeBlueprint (
src/stages/5-builder.js:66
6:17)

    console.log
      Starting build 
execution...

      at 
Builder.executeBlueprint (
src/stages/5-builder.js:67
4:15)

    console.log
        Location: 0, 64, 0

      at 
Builder.executeBlueprint (
src/stages/5-builder.js:67
5:15)

    console.log
        Total steps: 1

      at 
Builder.executeBlueprint (
src/stages/5-builder.js:67
6:15)

    console.log
        WorldEdit: ENABLED

      at 
Builder.executeBlueprint (
src/stages/5-builder.js:67
7:15)

    console.log
      
      ΓåÆ Validating 
build area...

      at 
Builder.executeBlueprint (
src/stages/5-builder.js:68
0:15)

    console.log
        Chunks: 0/0 loaded

      at 
Builder.executeBlueprint (
src/stages/5-builder.js:69
8:15)

    console.log
      
      ΓåÆ Validating 
materials...

      at 
Builder.executeBlueprint (
src/stages/5-builder.js:70
1:15)

    console.log
      Γ£ô Creative mode - 
unlimited materials

      at 
Builder.executeBlueprint (
src/stages/5-builder.js:70
3:15)

    console.log
        [State] Build 
started: 7529a8e0-69d7-4a2
b-a856-b29b60bcb570

      at BuildStateManager
.startBuild (src/state/bui
ld-state.js:82:13)

    console.log
        Build ID: 7529a8e0
-69d7-4a2b-a856-b29b60bcb5
70

      at 
Builder.executeBlueprint (
src/stages/5-builder.js:72
0:15)

    console.log
      
      ΓåÆ Scanning build 
area for obstructions...

      at 
Builder.executeBlueprint (
src/stages/5-builder.js:73
3:15)

    console.log
        Γ£ô Build area is 
clear

      at 
Builder.executeBlueprint (
src/stages/5-builder.js:74
4:17)

    console.log
        ΓåÆ Auto-clearing 
build site...

      at 
Builder.autoClearArea (src
/stages/5-builder.js:218:1
3)

    console.log
          Γ£ô Site 
cleared (WorldEdit)

      at 
Builder.autoClearArea (src
/stages/5-builder.js:248:1
7)

    console.log
        Step 1/1: we_fill

      at 
Builder.executeBlueprint (
src/stages/5-builder.js:79
5:17)

    console.log
        [State] Build 
completed: 7529a8e0-69d7-4
a2b-a856-b29b60bcb570

      at BuildStateManager
.completeBuild (src/state/
build-state.js:162:13)

    console.log
        [State] Cleaned 
up 2 old state files

      at BuildStateManager
.cleanupOldStates (src/sta
te/build-state.js:354:17)

    console.log
      Γ£ô Build completed 
in 0.5s

      at 
Builder.executeBlueprint (
src/stages/5-builder.js:89
8:15)

    console.log
        Blocks placed: 0

      at 
Builder.executeBlueprint (
src/stages/5-builder.js:89
9:15)

    console.log
        WorldEdit ops: 1

      at 
Builder.executeBlueprint (
src/stages/5-builder.js:90
6:15)

    console.log
      
      ΓöîΓöÇΓöÇΓöÇΓöÇΓöÇΓö
ÇΓöÇΓöÇΓöÇΓöÇΓöÇΓöÇΓöÇΓöÇΓ
öÇΓöÇΓöÇΓöÇΓöÇΓöÇΓöÇΓöÇΓöÇ
ΓöÇΓöÇΓöÇΓöÇΓöÇΓöÇΓöÇΓöÇΓö
ÇΓöÇΓöÇΓöÇΓöÇΓöÇΓöÇΓöÇΓöÇΓ
öÇΓöÇΓöÇΓöÇΓöÇΓöÇΓöÇΓöÇΓöÇ
ΓöÇΓöÇΓöÇΓöÇΓöÇΓöÇΓöÇΓöÇ

      at PerformanceMetric
s.printSummary (src/utils/
performance-metrics.js:164
:13)

    console.log
      Γöé BUILD METRICS

      at PerformanceMetric
s.printSummary (src/utils/
performance-metrics.js:165
:13)

    console.log
      Γö£ΓöÇΓöÇΓöÇΓöÇΓöÇΓö
ÇΓöÇΓöÇΓöÇΓöÇΓöÇΓöÇΓöÇΓöÇΓ
öÇΓöÇΓöÇΓöÇΓöÇΓöÇΓöÇΓöÇΓöÇ
ΓöÇΓöÇΓöÇΓöÇΓöÇΓöÇΓöÇΓöÇΓö
ÇΓöÇΓöÇΓöÇΓöÇΓöÇΓöÇΓöÇΓöÇΓ
öÇΓöÇΓöÇΓöÇΓöÇΓöÇΓöÇΓöÇΓöÇ
ΓöÇΓöÇΓöÇΓöÇΓöÇΓöÇΓöÇΓöÇ

      at PerformanceMetric
s.printSummary (src/utils/
performance-metrics.js:166
:13)

    console.log
      Γöé Dimensions: 
5x3x5

      at PerformanceMetric
s.printSummary (src/utils/
performance-metrics.js:171
:15)

    console.log
      Γöé Unique Blocks: 
1 (stone)

      at PerformanceMetric
s.printSummary (src/utils/
performance-metrics.js:178
:15)

    console.log
      Γöé Approx Block 
Count: ~75

      at PerformanceMetric
s.printSummary (src/utils/
performance-metrics.js:183
:15)

    console.log
      Γöé Total Blocks 
Placed: 0

      at PerformanceMetric
s.printSummary (src/utils/
performance-metrics.js:186
:13)

    console.log
      Γöé Build Time: 0.5s

      at PerformanceMetric
s.printSummary (src/utils/
performance-metrics.js:187
:13)

    console.log
      Γö£ΓöÇΓöÇΓöÇΓöÇΓöÇΓö
ÇΓöÇΓöÇΓöÇΓöÇΓöÇΓöÇΓöÇΓöÇΓ
öÇΓöÇΓöÇΓöÇΓöÇΓöÇΓöÇΓöÇΓöÇ
ΓöÇΓöÇΓöÇΓöÇΓöÇΓöÇΓöÇΓöÇΓö
ÇΓöÇΓöÇΓöÇΓöÇΓöÇΓöÇΓöÇΓöÇΓ
öÇΓöÇΓöÇΓöÇΓöÇΓöÇΓöÇΓöÇΓöÇ
ΓöÇΓöÇΓöÇΓöÇΓöÇΓöÇΓöÇΓöÇ

      at PerformanceMetric
s.printSummary (src/utils/
performance-metrics.js:189
:13)

    console.log
      Γöé Operations:

      at PerformanceMetric
s.printSummary (src/utils/
performance-metrics.js:190
:13)

    console.log
      Γöé   WorldEdit: 1 
ops

      at PerformanceMetric
s.printSummary (src/utils/
performance-metrics.js:191
:13)

    console.log
      Γöé   Vanilla: 0 ops

      at PerformanceMetric
s.printSummary (src/utils/
performance-metrics.js:192
:13)

    console.log
      Γöé   Total: 1 ops

      at PerformanceMetric
s.printSummary (src/utils/
performance-metrics.js:193
:13)

    console.log
      Γö£ΓöÇΓöÇΓöÇΓöÇΓöÇΓö
ÇΓöÇΓöÇΓöÇΓöÇΓöÇΓöÇΓöÇΓöÇΓ
öÇΓöÇΓöÇΓöÇΓöÇΓöÇΓöÇΓöÇΓöÇ
ΓöÇΓöÇΓöÇΓöÇΓöÇΓöÇΓöÇΓöÇΓö
ÇΓöÇΓöÇΓöÇΓöÇΓöÇΓöÇΓöÇΓöÇΓ
öÇΓöÇΓöÇΓöÇΓöÇΓöÇΓöÇΓöÇΓöÇ
ΓöÇΓöÇΓöÇΓöÇΓöÇΓöÇΓöÇΓöÇ

      at PerformanceMetric
s.printSummary (src/utils/
performance-metrics.js:198
:15)

    console.log
      Γöé WorldEdit Usage:

      at PerformanceMetric
s.printSummary (src/utils/
performance-metrics.js:199
:15)

    console.log
      Γöé   Fills: 1

      at PerformanceMetric
s.printSummary (src/utils/
performance-metrics.js:207
:15)

    console.log
      Γöé   Total WE 
Commands: 1

      at PerformanceMetric
s.printSummary (src/utils/
performance-metrics.js:208
:15)

    console.log
      Γö£ΓöÇΓöÇΓöÇΓöÇΓöÇΓö
ÇΓöÇΓöÇΓöÇΓöÇΓöÇΓöÇΓöÇΓöÇΓ
öÇΓöÇΓöÇΓöÇΓöÇΓöÇΓöÇΓöÇΓöÇ
ΓöÇΓöÇΓöÇΓöÇΓöÇΓöÇΓöÇΓöÇΓö
ÇΓöÇΓöÇΓöÇΓöÇΓöÇΓöÇΓöÇΓöÇΓ
öÇΓöÇΓöÇΓöÇΓöÇΓöÇΓöÇΓöÇΓöÇ
ΓöÇΓöÇΓöÇΓöÇΓöÇΓöÇΓöÇΓöÇ

      at PerformanceMetric
s.printSummary (src/utils/
performance-metrics.js:211
:13)

    console.log
      Γöé Batching 
Optimization:

      at PerformanceMetric
s.printSummary (src/utils/
performance-metrics.js:212
:13)

    console.log
      Γöé   Blocks 
Batched: 0 (0%)

      at PerformanceMetric
s.printSummary (src/utils/
performance-metrics.js:213
:13)

    console.log
      Γöé   Operations 
Saved: 0

      at PerformanceMetric
s.printSummary (src/utils/
performance-metrics.js:214
:13)

    console.log
      ΓööΓöÇΓöÇΓöÇΓöÇΓöÇΓö
ÇΓöÇΓöÇΓöÇΓöÇΓöÇΓöÇΓöÇΓöÇΓ
öÇΓöÇΓöÇΓöÇΓöÇΓöÇΓöÇΓöÇΓöÇ
ΓöÇΓöÇΓöÇΓöÇΓöÇΓöÇΓöÇΓöÇΓö
ÇΓöÇΓöÇΓöÇΓöÇΓöÇΓöÇΓöÇΓöÇΓ
öÇΓöÇΓöÇΓöÇΓöÇΓöÇΓöÇΓöÇΓöÇ
ΓöÇΓöÇΓöÇΓöÇΓöÇΓöÇΓöÇΓöÇ

      at PerformanceMetric
s.printSummary (src/utils/
performance-metrics.js:221
:13)

    console.log
        Warnings: 1

      at 
Builder.executeBlueprint (
src/stages/5-builder.js:91
4:17)

    console.log
          1. Step 
undefined: undefined - 
undefined

      at src/stages/5-buil
der.js:916:19
          at 
Array.forEach 
(<anonymous>)

    console.log
      ΓöîΓöÇΓöÇΓöÇΓöÇΓöÇΓö
ÇΓöÇΓöÇΓöÇΓöÇΓöÇΓöÇΓöÇΓöÇΓ
öÇΓöÇΓöÇΓöÇΓöÇΓöÇΓöÇΓöÇΓöÇ
ΓöÇΓöÇΓöÇΓöÇΓöÇΓöÇΓöÇΓöÇΓö
ÇΓöÇΓöÇΓöÇΓöÇΓöÇΓöÇΓöÇΓöÇΓ
öÇΓöÇΓöÇΓöÇΓöÇΓöÇΓöÇΓöÇΓöÇ
ΓöÇΓöÇΓöÇΓöÇΓöÇΓöÇΓöÇΓöÇ

      at Builder.generateB
uildReport (src/stages/5-b
uilder.js:973:13)

    console.log
      Γöé BUILD REPORT

      at Builder.generateB
uildReport (src/stages/5-b
uilder.js:974:13)

    console.log
      Γö£ΓöÇΓöÇΓöÇΓöÇΓöÇΓö
ÇΓöÇΓöÇΓöÇΓöÇΓöÇΓöÇΓöÇΓöÇΓ
öÇΓöÇΓöÇΓöÇΓöÇΓöÇΓöÇΓöÇΓöÇ
ΓöÇΓöÇΓöÇΓöÇΓöÇΓöÇΓöÇΓöÇΓö
ÇΓöÇΓöÇΓöÇΓöÇΓöÇΓöÇΓöÇΓöÇΓ
öÇΓöÇΓöÇΓöÇΓöÇΓöÇΓöÇΓöÇΓöÇ
ΓöÇΓöÇΓöÇΓöÇΓöÇΓöÇΓöÇΓöÇ

      at Builder.generateB
uildReport (src/stages/5-b
uilder.js:975:13)

    console.log
      Γöé Type: undefined

      at Builder.generateB
uildReport (src/stages/5-b
uilder.js:976:13)

    console.log
      Γöé Size: 5x3x5

      at Builder.generateB
uildReport (src/stages/5-b
uilder.js:977:13)

    console.log
      Γöé Duration: 0.5s

      at Builder.generateB
uildReport (src/stages/5-b
uilder.js:978:13)

    console.log
      Γöé Blocks: 0 
(0.0/s)

      at Builder.generateB
uildReport (src/stages/5-b
uilder.js:979:13)

    console.log
      Γöé Success: ΓÜá

      at Builder.generateB
uildReport (src/stages/5-b
uilder.js:980:13)

    console.log
      ΓööΓöÇΓöÇΓöÇΓöÇΓöÇΓö
ÇΓöÇΓöÇΓöÇΓöÇΓöÇΓöÇΓöÇΓöÇΓ
öÇΓöÇΓöÇΓöÇΓöÇΓöÇΓöÇΓöÇΓöÇ
ΓöÇΓöÇΓöÇΓöÇΓöÇΓöÇΓöÇΓöÇΓö
ÇΓöÇΓöÇΓöÇΓöÇΓöÇΓöÇΓöÇΓöÇΓ
öÇΓöÇΓöÇΓöÇΓöÇΓöÇΓöÇΓöÇΓöÇ
ΓöÇΓöÇΓöÇΓöÇΓöÇΓöÇΓöÇΓöÇ

      at Builder.generateB
uildReport (src/stages/5-b
uilder.js:981:13)

    console.log
      Sanitizing 
blueprint...

      at BlueprintSanitize
r.sanitize (src/utils/blue
print-sanitizer.js:56:17)

    console.log
        [Terrain] 
Scanning build footprint 
for ground level...

      at 
Builder.executeBlueprint (
src/stages/5-builder.js:65
4:15)

    console.log
        ΓÜá No solid 
ground found within 
search depth. Building at 
current position.

      at 
Builder.executeBlueprint (
src/stages/5-builder.js:66
6:17)

    console.log
      Starting build 
execution...

      at 
Builder.executeBlueprint (
src/stages/5-builder.js:67
4:15)

    console.log
        Location: 0, 64, 0

      at 
Builder.executeBlueprint (
src/stages/5-builder.js:67
5:15)

    console.log
        Total steps: 0

      at 
Builder.executeBlueprint (
src/stages/5-builder.js:67
6:15)

    console.log
        WorldEdit: 
DISABLED

      at 
Builder.executeBlueprint (
src/stages/5-builder.js:67
7:15)

    console.log
      
      ΓåÆ Validating 
build area...

      at 
Builder.executeBlueprint (
src/stages/5-builder.js:68
0:15)

    console.log
        Chunks: 0/0 loaded

      at 
Builder.executeBlueprint (
src/stages/5-builder.js:69
8:15)

    console.log
      
      ΓåÆ Validating 
materials...

      at 
Builder.executeBlueprint (
src/stages/5-builder.js:70
1:15)

    console.log
      Γ£ô Creative mode - 
unlimited materials

      at 
Builder.executeBlueprint (
src/stages/5-builder.js:70
3:15)

    console.log
        [State] Build 
started: e0e826aa-9388-424
8-82a6-7afe8ea4edc4

      at BuildStateManager
.startBuild (src/state/bui
ld-state.js:82:13)

    console.log
        Build ID: e0e826aa
-9388-4248-82a6-7afe8ea4ed
c4

      at 
Builder.executeBlueprint (
src/stages/5-builder.js:72
0:15)

    console.log
      
      ΓåÆ Scanning build 
area for obstructions...

      at 
Builder.executeBlueprint (
src/stages/5-builder.js:73
3:15)

    console.log
        Γ£ô Build area is 
clear

      at 
Builder.executeBlueprint (
src/stages/5-builder.js:74
4:17)

    console.log
        ΓåÆ Auto-clearing 
build site...

      at 
Builder.autoClearArea (src
/stages/5-builder.js:218:1
3)

    console.log
          ΓÜá Auto-clear 
skipped (Vanilla clearing 
too slow)

      at 
Builder.autoClearArea (src
/stages/5-builder.js:253:1
5)

    console.log
        [State] Build 
completed: e0e826aa-9388-4
248-82a6-7afe8ea4edc4

      at BuildStateManager
.completeBuild (src/state/
build-state.js:162:13)

    console.log
        [State] Cleaned 
up 1 old state files

      at BuildStateManager
.cleanupOldStates (src/sta
te/build-state.js:354:17)

    console.log
      Γ£ô Build completed 
in 0.0s

      at 
Builder.executeBlueprint (
src/stages/5-builder.js:89
8:15)

    console.log
        Blocks placed: 0

      at 
Builder.executeBlueprint (
src/stages/5-builder.js:89
9:15)

    console.log
        WorldEdit ops: 0

      at 
Builder.executeBlueprint (
src/stages/5-builder.js:90
6:15)

    console.log
      
      ΓöîΓöÇΓöÇΓöÇΓöÇΓöÇΓö
ÇΓöÇΓöÇΓöÇΓöÇΓöÇΓöÇΓöÇΓöÇΓ
öÇΓöÇΓöÇΓöÇΓöÇΓöÇΓöÇΓöÇΓöÇ
ΓöÇΓöÇΓöÇΓöÇΓöÇΓöÇΓöÇΓöÇΓö
ÇΓöÇΓöÇΓöÇΓöÇΓöÇΓöÇΓöÇΓöÇΓ
öÇΓöÇΓöÇΓöÇΓöÇΓöÇΓöÇΓöÇΓöÇ
ΓöÇΓöÇΓöÇΓöÇΓöÇΓöÇΓöÇΓöÇ

      at PerformanceMetric
s.printSummary (src/utils/
performance-metrics.js:164
:13)

    console.log
      Γöé BUILD METRICS

      at PerformanceMetric
s.printSummary (src/utils/
performance-metrics.js:165
:13)

    console.log
      Γö£ΓöÇΓöÇΓöÇΓöÇΓöÇΓö
ÇΓöÇΓöÇΓöÇΓöÇΓöÇΓöÇΓöÇΓöÇΓ
öÇΓöÇΓöÇΓöÇΓöÇΓöÇΓöÇΓöÇΓöÇ
ΓöÇΓöÇΓöÇΓöÇΓöÇΓöÇΓöÇΓöÇΓö
ÇΓöÇΓöÇΓöÇΓöÇΓöÇΓöÇΓöÇΓöÇΓ
öÇΓöÇΓöÇΓöÇΓöÇΓöÇΓöÇΓöÇΓöÇ
ΓöÇΓöÇΓöÇΓöÇΓöÇΓöÇΓöÇΓöÇ

      at PerformanceMetric
s.printSummary (src/utils/
performance-metrics.js:166
:13)

    console.log
      Γöé Dimensions: 
2x2x2

      at PerformanceMetric
s.printSummary (src/utils/
performance-metrics.js:171
:15)

    console.log
      Γöé Unique Blocks: 
1 (stone)

      at PerformanceMetric
s.printSummary (src/utils/
performance-metrics.js:178
:15)

    console.log
      Γöé Approx Block 
Count: ~8

      at PerformanceMetric
s.printSummary (src/utils/
performance-metrics.js:183
:15)

    console.log
      Γöé Total Blocks 
Placed: 0

      at PerformanceMetric
s.printSummary (src/utils/
performance-metrics.js:186
:13)

    console.log
      Γöé Build Time: 0.0s

      at PerformanceMetric
s.printSummary (src/utils/
performance-metrics.js:187
:13)

    console.log
      Γö£ΓöÇΓöÇΓöÇΓöÇΓöÇΓö
ÇΓöÇΓöÇΓöÇΓöÇΓöÇΓöÇΓöÇΓöÇΓ
öÇΓöÇΓöÇΓöÇΓöÇΓöÇΓöÇΓöÇΓöÇ
ΓöÇΓöÇΓöÇΓöÇΓöÇΓöÇΓöÇΓöÇΓö
ÇΓöÇΓöÇΓöÇΓöÇΓöÇΓöÇΓöÇΓöÇΓ
öÇΓöÇΓöÇΓöÇΓöÇΓöÇΓöÇΓöÇΓöÇ
ΓöÇΓöÇΓöÇΓöÇΓöÇΓöÇΓöÇΓöÇ

      at PerformanceMetric
s.printSummary (src/utils/
performance-metrics.js:189
:13)

    console.log
      Γöé Operations:

      at PerformanceMetric
s.printSummary (src/utils/
performance-metrics.js:190
:13)

    console.log
      Γöé   WorldEdit: 0 
ops

      at PerformanceMetric
s.printSummary (src/utils/
performance-metrics.js:191
:13)

    console.log
      Γöé   Vanilla: 0 ops

      at PerformanceMetric
s.printSummary (src/utils/
performance-metrics.js:192
:13)

    console.log
      Γöé   Total: 0 ops

      at PerformanceMetric
s.printSummary (src/utils/
performance-metrics.js:193
:13)

    console.log
      Γö£ΓöÇΓöÇΓöÇΓöÇΓöÇΓö
ÇΓöÇΓöÇΓöÇΓöÇΓöÇΓöÇΓöÇΓöÇΓ
öÇΓöÇΓöÇΓöÇΓöÇΓöÇΓöÇΓöÇΓöÇ
ΓöÇΓöÇΓöÇΓöÇΓöÇΓöÇΓöÇΓöÇΓö
ÇΓöÇΓöÇΓöÇΓöÇΓöÇΓöÇΓöÇΓöÇΓ
öÇΓöÇΓöÇΓöÇΓöÇΓöÇΓöÇΓöÇΓöÇ
ΓöÇΓöÇΓöÇΓöÇΓöÇΓöÇΓöÇΓöÇ

      at PerformanceMetric
s.printSummary (src/utils/
performance-metrics.js:211
:13)

    console.log
      Γöé Batching 
Optimization:

      at PerformanceMetric
s.printSummary (src/utils/
performance-metrics.js:212
:13)

    console.log
      Γöé   Blocks 
Batched: 0 (0%)

      at PerformanceMetric
s.printSummary (src/utils/
performance-metrics.js:213
:13)

    console.log
      Γöé   Operations 
Saved: 0

      at PerformanceMetric
s.printSummary (src/utils/
performance-metrics.js:214
:13)

    console.log
      ΓööΓöÇΓöÇΓöÇΓöÇΓöÇΓö
ÇΓöÇΓöÇΓöÇΓöÇΓöÇΓöÇΓöÇΓöÇΓ
öÇΓöÇΓöÇΓöÇΓöÇΓöÇΓöÇΓöÇΓöÇ
ΓöÇΓöÇΓöÇΓöÇΓöÇΓöÇΓöÇΓöÇΓö
ÇΓöÇΓöÇΓöÇΓöÇΓöÇΓöÇΓöÇΓöÇΓ
öÇΓöÇΓöÇΓöÇΓöÇΓöÇΓöÇΓöÇΓöÇ
ΓöÇΓöÇΓöÇΓöÇΓöÇΓöÇΓöÇΓöÇ

      at PerformanceMetric
s.printSummary (src/utils/
performance-metrics.js:221
:13)

    console.log
        Warnings: 1

      at 
Builder.executeBlueprint (
src/stages/5-builder.js:91
4:17)

    console.log
          1. Step 
undefined: undefined - 
undefined

      at src/stages/5-buil
der.js:916:19
          at 
Array.forEach 
(<anonymous>)

    console.log
      ΓöîΓöÇΓöÇΓöÇΓöÇΓöÇΓö
ÇΓöÇΓöÇΓöÇΓöÇΓöÇΓöÇΓöÇΓöÇΓ
öÇΓöÇΓöÇΓöÇΓöÇΓöÇΓöÇΓöÇΓöÇ
ΓöÇΓöÇΓöÇΓöÇΓöÇΓöÇΓöÇΓöÇΓö
ÇΓöÇΓöÇΓöÇΓöÇΓöÇΓöÇΓöÇΓöÇΓ
öÇΓöÇΓöÇΓöÇΓöÇΓöÇΓöÇΓöÇΓöÇ
ΓöÇΓöÇΓöÇΓöÇΓöÇΓöÇΓöÇΓöÇ

      at Builder.generateB
uildReport (src/stages/5-b
uilder.js:973:13)

    console.log
      Γöé BUILD REPORT

      at Builder.generateB
uildReport (src/stages/5-b
uilder.js:974:13)

    console.log
      Γö£ΓöÇΓöÇΓöÇΓöÇΓöÇΓö
ÇΓöÇΓöÇΓöÇΓöÇΓöÇΓöÇΓöÇΓöÇΓ
öÇΓöÇΓöÇΓöÇΓöÇΓöÇΓöÇΓöÇΓöÇ
ΓöÇΓöÇΓöÇΓöÇΓöÇΓöÇΓöÇΓöÇΓö
ÇΓöÇΓöÇΓöÇΓöÇΓöÇΓöÇΓöÇΓöÇΓ
öÇΓöÇΓöÇΓöÇΓöÇΓöÇΓöÇΓöÇΓöÇ
ΓöÇΓöÇΓöÇΓöÇΓöÇΓöÇΓöÇΓöÇ

      at Builder.generateB
uildReport (src/stages/5-b
uilder.js:975:13)

    console.log
      Γöé Type: undefined

      at Builder.generateB
uildReport (src/stages/5-b
uilder.js:976:13)

    console.log
      Γöé Size: 2x2x2

      at Builder.generateB
uildReport (src/stages/5-b
uilder.js:977:13)

    console.log
      Γöé Duration: 0s

      at Builder.generateB
uildReport (src/stages/5-b
uilder.js:978:13)

    console.log
      Γöé Blocks: 0 
(0.0/s)

      at Builder.generateB
uildReport (src/stages/5-b
uilder.js:979:13)

    console.log
      Γöé Success: ΓÜá

      at Builder.generateB
uildReport (src/stages/5-b
uilder.js:980:13)

    console.log
      ΓööΓöÇΓöÇΓöÇΓöÇΓöÇΓö
ÇΓöÇΓöÇΓöÇΓöÇΓöÇΓöÇΓöÇΓöÇΓ
öÇΓöÇΓöÇΓöÇΓöÇΓöÇΓöÇΓöÇΓöÇ
ΓöÇΓöÇΓöÇΓöÇΓöÇΓöÇΓöÇΓöÇΓö
ÇΓöÇΓöÇΓöÇΓöÇΓöÇΓöÇΓöÇΓöÇΓ
öÇΓöÇΓöÇΓöÇΓöÇΓöÇΓöÇΓöÇΓöÇ
ΓöÇΓöÇΓöÇΓöÇΓöÇΓöÇΓöÇΓöÇ

      at Builder.generateB
uildReport (src/stages/5-b
uilder.js:981:13)

    console.log
      Undoing 1 WorldEdit 
operations...

      at Builder.undo (src
/stages/5-builder.js:1542:
15)

    console.log
        WorldEdit: 2 
undone, 0 failed

      at Builder.undo (src
/stages/5-builder.js:1546:
17)

    console.log
      Undoing vanilla 
blocks (1 blocks)...

      at Builder.undo (src
/stages/5-builder.js:1558:
15)

    console.log
      Γ£ô Undo completed

      at Builder.undo (src
/stages/5-builder.js:1570:
13)

    console.warn
      Build interrupted: 
bot disconnected

    [0m [90m 180 |[39m 
      [36mthis[39m[33m.
[39mbot[33m.[39mon([32
m'end'[39m[33m,[39m () 
[33m=>[39m {
     [90m 181 |[39m     
    [36mif[39m ([36mthi
s[39m[33m.[39mbuilding)
 {
    
[31m[1m>[22m[39m[90m 
182 |[39m           conso
le[33m.[39mwarn([32m'Bu
ild interrupted: bot disco
nnected'[39m)[33m;[39m
     [90m     |[39m     
              
[31m[1m^[22m[39m
     [90m 183 |[39m     
      [36mthis[39m[33m.
[39mbuilding [33m=[39m 
[36mfalse[39m[33m;[39m
     [90m 184 |[39m     
      [90m// Note: Do 
NOT release mutex here - 
the finally block in 
executeBlueprint handles 
it[39m
     [90m 185 |[39m     
      [90m// Releasing 
here would cause a race 
condition with 
double-release[39m[0m

      at src/stages/5-buil
der.js:182:19
      at tests/stages/buil
der.test.js:213:51
          at 
Array.forEach 
(<anonymous>)
      at Object.emit (test
s/stages/builder.test.js:2
13:32)
      at 
Object.<anonymous> (tests/
stages/builder.test.js:586
:15)

    console.log
      Sanitizing 
blueprint...

      at BlueprintSanitize
r.sanitize (src/utils/blue
print-sanitizer.js:56:17)

    console.log
        [Terrain] 
Scanning build footprint 
for ground level...

      at 
Builder.executeBlueprint (
src/stages/5-builder.js:65
4:15)

    console.log
        ΓÜá No solid 
ground found within 
search depth. Building at 
current position.

      at 
Builder.executeBlueprint (
src/stages/5-builder.js:66
6:17)

    console.log
      Starting build 
execution...

      at 
Builder.executeBlueprint (
src/stages/5-builder.js:67
4:15)

    console.log
        Location: 0, 64, 0

      at 
Builder.executeBlueprint (
src/stages/5-builder.js:67
5:15)

    console.log
        Total steps: 2

      at 
Builder.executeBlueprint (
src/stages/5-builder.js:67
6:15)

    console.log
        WorldEdit: 
DISABLED

      at 
Builder.executeBlueprint (
src/stages/5-builder.js:67
7:15)

    console.log
      
      ΓåÆ Validating 
build area...

      at 
Builder.executeBlueprint (
src/stages/5-builder.js:68
0:15)

    console.log
        Chunks: 0/0 loaded

      at 
Builder.executeBlueprint (
src/stages/5-builder.js:69
8:15)

    console.log
      
      ΓåÆ Validating 
materials...

      at 
Builder.executeBlueprint (
src/stages/5-builder.js:70
1:15)

    console.log
      Γ£ô Creative mode - 
unlimited materials

      at 
Builder.executeBlueprint (
src/stages/5-builder.js:70
3:15)

    console.log
        [State] Build 
started: a8b21163-9a4f-49e
6-9b46-88616eb5e611

      at BuildStateManager
.startBuild (src/state/bui
ld-state.js:82:13)

    console.log
        Build ID: a8b21163
-9a4f-49e6-9b46-88616eb5e6
11

      at 
Builder.executeBlueprint (
src/stages/5-builder.js:72
0:15)

    console.log
      
      ΓåÆ Scanning build 
area for obstructions...

      at 
Builder.executeBlueprint (
src/stages/5-builder.js:73
3:15)

    console.log
        Γ£ô Build area is 
clear

      at 
Builder.executeBlueprint (
src/stages/5-builder.js:74
4:17)

    console.log
        ΓåÆ Auto-clearing 
build site...

      at 
Builder.autoClearArea (src
/stages/5-builder.js:218:1
3)

    console.log
          ΓÜá Auto-clear 
skipped (Vanilla clearing 
too slow)

      at 
Builder.autoClearArea (src
/stages/5-builder.js:253:1
5)

    console.log
        Step 1/2: set

      at 
Builder.executeBlueprint (
src/stages/5-builder.js:79
5:17)

    console.log
        Step 2/2: set

      at 
Builder.executeBlueprint (
src/stages/5-builder.js:79
5:17)

    console.warn
          ΓÜá Bot cannot 
reach position 50, 64, 0

    [0m [90m 593 |[39m 
      [36mconst[39m 
inRange [33m=[39m 
[36mawait[39m [36mthis
[39m[33m.[39mpathfinding
Helper[33m.[39mensureInR
ange(targetPos)[33m;[39m
     [90m 594 |[39m     
  [36mif[39m 
([33m![39minRange) {
    
[31m[1m>[22m[39m[90m 
595 |[39m         console
[33m.[39mwarn([32m`    
ΓÜá Bot cannot reach 
position ${pos.x}, 
${pos.y}, 
${pos.z}`[39m)[33m;[39m
     [90m     |[39m     
            
[31m[1m^[22m[39m
     [90m 596 |[39m     
    [36mreturn[39m 
[36mfalse[39m[33m;[39m
     [90m 597 |[39m     
  }
     [90m 598 |[39m     
}[0m

      at Builder.placeBloc
kWithRetry (src/stages/5-b
uilder.js:595:17)
      at Builder.executeVa
nillaBlocks (src/stages/5-
builder.js:543:19)
      at 
Builder.executeBlueprint (
src/stages/5-builder.js:82
6:15)
      at 
Object.<anonymous> (tests/
stages/builder.test.js:651
:9)

    console.error
      Failed to place 
block at 50,64,0

    [0m [90m 551 |[39m 
      } [36melse[39m {
     [90m 552 |[39m     
    [36mif[39m ([36mthi
s[39m[33m.[39mcurrentBu
ild) [36mthis[39m[33m.
[39mcurrentBuild[33m.[39
mblocksFailed[33m++[39m
[33m;[39m
    
[31m[1m>[22m[39m[90m 
553 |[39m         console
[33m.[39merror([32m`Fai
led to place block at ${wo
rldPos.x},${worldPos.y},${
worldPos.z}`[39m)[33m;[
39m
     [90m     |[39m     
            
[31m[1m^[22m[39m
     [90m 554 |[39m
     [90m 555 |[39m     
    [90m// Abort 
threshold: Stop build if 
too many blocks are 
failing[39m
     [90m 556 |[39m     
    [36mif[39m ([36mthi
s[39m[33m.[39mcurrentBu
ild) {[0m

      at Builder.executeVa
nillaBlocks (src/stages/5-
builder.js:553:17)
      at 
Builder.executeBlueprint (
src/stages/5-builder.js:82
6:15)
      at 
Object.<anonymous> (tests/
stages/builder.test.js:651
:9)

    console.log
        [State] Build 
completed: a8b21163-9a4f-4
9e6-9b46-88616eb5e611

      at BuildStateManager
.completeBuild (src/state/
build-state.js:162:13)

    console.log
        [State] Cleaned 
up 1 old state files

      at BuildStateManager
.cleanupOldStates (src/sta
te/build-state.js:354:17)

    console.log
      Γ£ô Build completed 
in 0.0s

      at 
Builder.executeBlueprint (
src/stages/5-builder.js:89
8:15)

    console.log
        Blocks placed: 1

      at 
Builder.executeBlueprint (
src/stages/5-builder.js:89
9:15)

    console.log
        Blocks failed: 1

      at 
Builder.executeBlueprint (
src/stages/5-builder.js:90
1:17)

    console.log
        WorldEdit ops: 0

      at 
Builder.executeBlueprint (
src/stages/5-builder.js:90
6:15)

    console.log
      
      ΓöîΓöÇΓöÇΓöÇΓöÇΓöÇΓö
ÇΓöÇΓöÇΓöÇΓöÇΓöÇΓöÇΓöÇΓöÇΓ
öÇΓöÇΓöÇΓöÇΓöÇΓöÇΓöÇΓöÇΓöÇ
ΓöÇΓöÇΓöÇΓöÇΓöÇΓöÇΓöÇΓöÇΓö
ÇΓöÇΓöÇΓöÇΓöÇΓöÇΓöÇΓöÇΓöÇΓ
öÇΓöÇΓöÇΓöÇΓöÇΓöÇΓöÇΓöÇΓöÇ
ΓöÇΓöÇΓöÇΓöÇΓöÇΓöÇΓöÇΓöÇ

      at PerformanceMetric
s.printSummary (src/utils/
performance-metrics.js:164
:13)

    console.log
      Γöé BUILD METRICS

      at PerformanceMetric
s.printSummary (src/utils/
performance-metrics.js:165
:13)

    console.log
      Γö£ΓöÇΓöÇΓöÇΓöÇΓöÇΓö
ÇΓöÇΓöÇΓöÇΓöÇΓöÇΓöÇΓöÇΓöÇΓ
öÇΓöÇΓöÇΓöÇΓöÇΓöÇΓöÇΓöÇΓöÇ
ΓöÇΓöÇΓöÇΓöÇΓöÇΓöÇΓöÇΓöÇΓö
ÇΓöÇΓöÇΓöÇΓöÇΓöÇΓöÇΓöÇΓöÇΓ
öÇΓöÇΓöÇΓöÇΓöÇΓöÇΓöÇΓöÇΓöÇ
ΓöÇΓöÇΓöÇΓöÇΓöÇΓöÇΓöÇΓöÇ

      at PerformanceMetric
s.printSummary (src/utils/
performance-metrics.js:166
:13)

    console.log
      Γöé Dimensions: 
10x10x10

      at PerformanceMetric
s.printSummary (src/utils/
performance-metrics.js:171
:15)

    console.log
      Γöé Unique Blocks: 
1 (stone)

      at PerformanceMetric
s.printSummary (src/utils/
performance-metrics.js:178
:15)

    console.log
      Γöé Approx Block 
Count: ~1,000

      at PerformanceMetric
s.printSummary (src/utils/
performance-metrics.js:183
:15)

    console.log
      Γöé Total Blocks 
Placed: 0

      at PerformanceMetric
s.printSummary (src/utils/
performance-metrics.js:186
:13)

    console.log
      Γöé Build Time: 0.0s

      at PerformanceMetric
s.printSummary (src/utils/
performance-metrics.js:187
:13)

    console.log
      Γö£ΓöÇΓöÇΓöÇΓöÇΓöÇΓö
ÇΓöÇΓöÇΓöÇΓöÇΓöÇΓöÇΓöÇΓöÇΓ
öÇΓöÇΓöÇΓöÇΓöÇΓöÇΓöÇΓöÇΓöÇ
ΓöÇΓöÇΓöÇΓöÇΓöÇΓöÇΓöÇΓöÇΓö
ÇΓöÇΓöÇΓöÇΓöÇΓöÇΓöÇΓöÇΓöÇΓ
öÇΓöÇΓöÇΓöÇΓöÇΓöÇΓöÇΓöÇΓöÇ
ΓöÇΓöÇΓöÇΓöÇΓöÇΓöÇΓöÇΓöÇ

      at PerformanceMetric
s.printSummary (src/utils/
performance-metrics.js:189
:13)

    console.log
      Γöé Operations:

      at PerformanceMetric
s.printSummary (src/utils/
performance-metrics.js:190
:13)

    console.log
      Γöé   WorldEdit: 0 
ops

      at PerformanceMetric
s.printSummary (src/utils/
performance-metrics.js:191
:13)

    console.log
      Γöé   Vanilla: 2 ops

      at PerformanceMetric
s.printSummary (src/utils/
performance-metrics.js:192
:13)

    console.log
      Γöé   Total: 2 ops

      at PerformanceMetric
s.printSummary (src/utils/
performance-metrics.js:193
:13)

    console.log
      Γö£ΓöÇΓöÇΓöÇΓöÇΓöÇΓö
ÇΓöÇΓöÇΓöÇΓöÇΓöÇΓöÇΓöÇΓöÇΓ
öÇΓöÇΓöÇΓöÇΓöÇΓöÇΓöÇΓöÇΓöÇ
ΓöÇΓöÇΓöÇΓöÇΓöÇΓöÇΓöÇΓöÇΓö
ÇΓöÇΓöÇΓöÇΓöÇΓöÇΓöÇΓöÇΓöÇΓ
öÇΓöÇΓöÇΓöÇΓöÇΓöÇΓöÇΓöÇΓöÇ
ΓöÇΓöÇΓöÇΓöÇΓöÇΓöÇΓöÇΓöÇ

      at PerformanceMetric
s.printSummary (src/utils/
performance-metrics.js:211
:13)

    console.log
      Γöé Batching 
Optimization:

      at PerformanceMetric
s.printSummary (src/utils/
performance-metrics.js:212
:13)

    console.log
      Γöé   Blocks 
Batched: 0 (0%)

      at PerformanceMetric
s.printSummary (src/utils/
performance-metrics.js:213
:13)

    console.log
      Γöé   Operations 
Saved: 0

      at PerformanceMetric
s.printSummary (src/utils/
performance-metrics.js:214
:13)

    console.log
      ΓööΓöÇΓöÇΓöÇΓöÇΓöÇΓö
ÇΓöÇΓöÇΓöÇΓöÇΓöÇΓöÇΓöÇΓöÇΓ
öÇΓöÇΓöÇΓöÇΓöÇΓöÇΓöÇΓöÇΓöÇ
ΓöÇΓöÇΓöÇΓöÇΓöÇΓöÇΓöÇΓöÇΓö
ÇΓöÇΓöÇΓöÇΓöÇΓöÇΓöÇΓöÇΓöÇΓ
öÇΓöÇΓöÇΓöÇΓöÇΓöÇΓöÇΓöÇΓöÇ
ΓöÇΓöÇΓöÇΓöÇΓöÇΓöÇΓöÇΓöÇ

      at PerformanceMetric
s.printSummary (src/utils/
performance-metrics.js:221
:13)

    console.log
        Warnings: 1

      at 
Builder.executeBlueprint (
src/stages/5-builder.js:91
4:17)

    console.log
          1. Step 
undefined: undefined - 
undefined

      at src/stages/5-buil
der.js:916:19
          at 
Array.forEach 
(<anonymous>)

    console.log
      ΓöîΓöÇΓöÇΓöÇΓöÇΓöÇΓö
ÇΓöÇΓöÇΓöÇΓöÇΓöÇΓöÇΓöÇΓöÇΓ
öÇΓöÇΓöÇΓöÇΓöÇΓöÇΓöÇΓöÇΓöÇ
ΓöÇΓöÇΓöÇΓöÇΓöÇΓöÇΓöÇΓöÇΓö
ÇΓöÇΓöÇΓöÇΓöÇΓöÇΓöÇΓöÇΓöÇΓ
öÇΓöÇΓöÇΓöÇΓöÇΓöÇΓöÇΓöÇΓöÇ
ΓöÇΓöÇΓöÇΓöÇΓöÇΓöÇΓöÇΓöÇ

      at Builder.generateB
uildReport (src/stages/5-b
uilder.js:973:13)

    console.log
      Γöé BUILD REPORT

      at Builder.generateB
uildReport (src/stages/5-b
uilder.js:974:13)

    console.log
      Γö£ΓöÇΓöÇΓöÇΓöÇΓöÇΓö
ÇΓöÇΓöÇΓöÇΓöÇΓöÇΓöÇΓöÇΓöÇΓ
öÇΓöÇΓöÇΓöÇΓöÇΓöÇΓöÇΓöÇΓöÇ
ΓöÇΓöÇΓöÇΓöÇΓöÇΓöÇΓöÇΓöÇΓö
ÇΓöÇΓöÇΓöÇΓöÇΓöÇΓöÇΓöÇΓöÇΓ
öÇΓöÇΓöÇΓöÇΓöÇΓöÇΓöÇΓöÇΓöÇ
ΓöÇΓöÇΓöÇΓöÇΓöÇΓöÇΓöÇΓöÇ

      at Builder.generateB
uildReport (src/stages/5-b
uilder.js:975:13)

    console.log
      Γöé Type: undefined

      at Builder.generateB
uildReport (src/stages/5-b
uilder.js:976:13)

    console.log
      Γöé Size: 10x10x10

      at Builder.generateB
uildReport (src/stages/5-b
uilder.js:977:13)

    console.log
      Γöé Duration: 0s

      at Builder.generateB
uildReport (src/stages/5-b
uilder.js:978:13)

    console.log
      Γöé Blocks: 1 
(Infinity/s)

      at Builder.generateB
uildReport (src/stages/5-b
uilder.js:979:13)

    console.log
      Γöé Success: ΓÜá

      at Builder.generateB
uildReport (src/stages/5-b
uilder.js:980:13)

    console.log
      ΓööΓöÇΓöÇΓöÇΓöÇΓöÇΓö
ÇΓöÇΓöÇΓöÇΓöÇΓöÇΓöÇΓöÇΓöÇΓ
öÇΓöÇΓöÇΓöÇΓöÇΓöÇΓöÇΓöÇΓöÇ
ΓöÇΓöÇΓöÇΓöÇΓöÇΓöÇΓöÇΓöÇΓö
ÇΓöÇΓöÇΓöÇΓöÇΓöÇΓöÇΓöÇΓöÇΓ
öÇΓöÇΓöÇΓöÇΓöÇΓöÇΓöÇΓöÇΓöÇ
ΓöÇΓöÇΓöÇΓöÇΓöÇΓöÇΓöÇΓöÇ

      at Builder.generateB
uildReport (src/stages/5-b
uilder.js:981:13)

    console.log
      Sanitizing 
blueprint...

      at BlueprintSanitize
r.sanitize (src/utils/blue
print-sanitizer.js:56:17)

    console.log
        [Terrain] 
Scanning build footprint 
for ground level...

      at 
Builder.executeBlueprint (
src/stages/5-builder.js:65
4:15)

    console.log
        ΓÜá No solid 
ground found within 
search depth. Building at 
current position.

      at 
Builder.executeBlueprint (
src/stages/5-builder.js:66
6:17)

    console.log
      Starting build 
execution...

      at 
Builder.executeBlueprint (
src/stages/5-builder.js:67
4:15)

    console.log
        Location: 0, 64, 0

      at 
Builder.executeBlueprint (
src/stages/5-builder.js:67
5:15)

    console.log
        Total steps: 2

      at 
Builder.executeBlueprint (
src/stages/5-builder.js:67
6:15)

    console.log
        WorldEdit: 
DISABLED

      at 
Builder.executeBlueprint (
src/stages/5-builder.js:67
7:15)

    console.log
      
      ΓåÆ Validating 
build area...

      at 
Builder.executeBlueprint (
src/stages/5-builder.js:68
0:15)

    console.log
        Chunks: 0/0 loaded

      at 
Builder.executeBlueprint (
src/stages/5-builder.js:69
8:15)

    console.log
      
      ΓåÆ Validating 
materials...

      at 
Builder.executeBlueprint (
src/stages/5-builder.js:70
1:15)

    console.log
      Γ£ô Creative mode - 
unlimited materials

      at 
Builder.executeBlueprint (
src/stages/5-builder.js:70
3:15)

    console.log
        [State] Build 
started: 5bbc4613-d651-41b
6-a965-20d4fbeda751

      at BuildStateManager
.startBuild (src/state/bui
ld-state.js:82:13)

    console.log
        Build ID: 5bbc4613
-d651-41b6-a965-20d4fbeda7
51

      at 
Builder.executeBlueprint (
src/stages/5-builder.js:72
0:15)

    console.log
      
      ΓåÆ Scanning build 
area for obstructions...

      at 
Builder.executeBlueprint (
src/stages/5-builder.js:73
3:15)

    console.log
        Γ£ô Build area is 
clear

      at 
Builder.executeBlueprint (
src/stages/5-builder.js:74
4:17)

    console.log
        ΓåÆ Auto-clearing 
build site...

      at 
Builder.autoClearArea (src
/stages/5-builder.js:218:1
3)

    console.log
          ΓÜá Auto-clear 
skipped (Vanilla clearing 
too slow)

      at 
Builder.autoClearArea (src
/stages/5-builder.js:253:1
5)

    console.log
        Step 1/2: set

      at 
Builder.executeBlueprint (
src/stages/5-builder.js:79
5:17)

    console.log
        Step 2/2: set

      at 
Builder.executeBlueprint (
src/stages/5-builder.js:79
5:17)

    console.log
        [State] Build 
completed: 5bbc4613-d651-4
1b6-a965-20d4fbeda751

      at BuildStateManager
.completeBuild (src/state/
build-state.js:162:13)

    console.log
        [State] Cleaned 
up 1 old state files

      at BuildStateManager
.cleanupOldStates (src/sta
te/build-state.js:354:17)

    console.log
      Γ£ô Build completed 
in 0.1s

      at 
Builder.executeBlueprint (
src/stages/5-builder.js:89
8:15)

    console.log
        Blocks placed: 2

      at 
Builder.executeBlueprint (
src/stages/5-builder.js:89
9:15)

    console.log
        WorldEdit ops: 0

      at 
Builder.executeBlueprint (
src/stages/5-builder.js:90
6:15)

    console.log
      
      ΓöîΓöÇΓöÇΓöÇΓöÇΓöÇΓö
ÇΓöÇΓöÇΓöÇΓöÇΓöÇΓöÇΓöÇΓöÇΓ
öÇΓöÇΓöÇΓöÇΓöÇΓöÇΓöÇΓöÇΓöÇ
ΓöÇΓöÇΓöÇΓöÇΓöÇΓöÇΓöÇΓöÇΓö
ÇΓöÇΓöÇΓöÇΓöÇΓöÇΓöÇΓöÇΓöÇΓ
öÇΓöÇΓöÇΓöÇΓöÇΓöÇΓöÇΓöÇΓöÇ
ΓöÇΓöÇΓöÇΓöÇΓöÇΓöÇΓöÇΓöÇ

      at PerformanceMetric
s.printSummary (src/utils/
performance-metrics.js:164
:13)

    console.log
      Γöé BUILD METRICS

      at PerformanceMetric
s.printSummary (src/utils/
performance-metrics.js:165
:13)

    console.log
      Γö£ΓöÇΓöÇΓöÇΓöÇΓöÇΓö
ÇΓöÇΓöÇΓöÇΓöÇΓöÇΓöÇΓöÇΓöÇΓ
öÇΓöÇΓöÇΓöÇΓöÇΓöÇΓöÇΓöÇΓöÇ
ΓöÇΓöÇΓöÇΓöÇΓöÇΓöÇΓöÇΓöÇΓö
ÇΓöÇΓöÇΓöÇΓöÇΓöÇΓöÇΓöÇΓöÇΓ
öÇΓöÇΓöÇΓöÇΓöÇΓöÇΓöÇΓöÇΓöÇ
ΓöÇΓöÇΓöÇΓöÇΓöÇΓöÇΓöÇΓöÇ

      at PerformanceMetric
s.printSummary (src/utils/
performance-metrics.js:166
:13)

    console.log
      Γöé Dimensions: 
10x10x10

      at PerformanceMetric
s.printSummary (src/utils/
performance-metrics.js:171
:15)

    console.log
      Γöé Unique Blocks: 
1 (stone)

      at PerformanceMetric
s.printSummary (src/utils/
performance-metrics.js:178
:15)

    console.log
      Γöé Approx Block 
Count: ~1,000

      at PerformanceMetric
s.printSummary (src/utils/
performance-metrics.js:183
:15)

    console.log
      Γöé Total Blocks 
Placed: 0

      at PerformanceMetric
s.printSummary (src/utils/
performance-metrics.js:186
:13)

    console.log
      Γöé Build Time: 0.1s

      at PerformanceMetric
s.printSummary (src/utils/
performance-metrics.js:187
:13)

    console.log
      Γö£ΓöÇΓöÇΓöÇΓöÇΓöÇΓö
ÇΓöÇΓöÇΓöÇΓöÇΓöÇΓöÇΓöÇΓöÇΓ
öÇΓöÇΓöÇΓöÇΓöÇΓöÇΓöÇΓöÇΓöÇ
ΓöÇΓöÇΓöÇΓöÇΓöÇΓöÇΓöÇΓöÇΓö
ÇΓöÇΓöÇΓöÇΓöÇΓöÇΓöÇΓöÇΓöÇΓ
öÇΓöÇΓöÇΓöÇΓöÇΓöÇΓöÇΓöÇΓöÇ
ΓöÇΓöÇΓöÇΓöÇΓöÇΓöÇΓöÇΓöÇ

      at PerformanceMetric
s.printSummary (src/utils/
performance-metrics.js:189
:13)

    console.log
      Γöé Operations:

      at PerformanceMetric
s.printSummary (src/utils/
performance-metrics.js:190
:13)

    console.log
      Γöé   WorldEdit: 0 
ops

      at PerformanceMetric
s.printSummary (src/utils/
performance-metrics.js:191
:13)

    console.log
      Γöé   Vanilla: 2 ops

      at PerformanceMetric
s.printSummary (src/utils/
performance-metrics.js:192
:13)

    console.log
      Γöé   Total: 2 ops

      at PerformanceMetric
s.printSummary (src/utils/
performance-metrics.js:193
:13)

    console.log
      Γö£ΓöÇΓöÇΓöÇΓöÇΓöÇΓö
ÇΓöÇΓöÇΓöÇΓöÇΓöÇΓöÇΓöÇΓöÇΓ
öÇΓöÇΓöÇΓöÇΓöÇΓöÇΓöÇΓöÇΓöÇ
ΓöÇΓöÇΓöÇΓöÇΓöÇΓöÇΓöÇΓöÇΓö
ÇΓöÇΓöÇΓöÇΓöÇΓöÇΓöÇΓöÇΓöÇΓ
öÇΓöÇΓöÇΓöÇΓöÇΓöÇΓöÇΓöÇΓöÇ
ΓöÇΓöÇΓöÇΓöÇΓöÇΓöÇΓöÇΓöÇ

      at PerformanceMetric
s.printSummary (src/utils/
performance-metrics.js:211
:13)

    console.log
      Γöé Batching 
Optimization:

      at PerformanceMetric
s.printSummary (src/utils/
performance-metrics.js:212
:13)

    console.log
      Γöé   Blocks 
Batched: 0 (0%)

      at PerformanceMetric
s.printSummary (src/utils/
performance-metrics.js:213
:13)

    console.log
      Γöé   Operations 
Saved: 0

      at PerformanceMetric
s.printSummary (src/utils/
performance-metrics.js:214
:13)

    console.log
      ΓööΓöÇΓöÇΓöÇΓöÇΓöÇΓö
ÇΓöÇΓöÇΓöÇΓöÇΓöÇΓöÇΓöÇΓöÇΓ
öÇΓöÇΓöÇΓöÇΓöÇΓöÇΓöÇΓöÇΓöÇ
ΓöÇΓöÇΓöÇΓöÇΓöÇΓöÇΓöÇΓöÇΓö
ÇΓöÇΓöÇΓöÇΓöÇΓöÇΓöÇΓöÇΓöÇΓ
öÇΓöÇΓöÇΓöÇΓöÇΓöÇΓöÇΓöÇΓöÇ
ΓöÇΓöÇΓöÇΓöÇΓöÇΓöÇΓöÇΓöÇ

      at PerformanceMetric
s.printSummary (src/utils/
performance-metrics.js:221
:13)

    console.log
        Warnings: 1

      at 
Builder.executeBlueprint (
src/stages/5-builder.js:91
4:17)

    console.log
          1. Step 
undefined: undefined - 
undefined

      at src/stages/5-buil
der.js:916:19
          at 
Array.forEach 
(<anonymous>)

    console.log
      ΓöîΓöÇΓöÇΓöÇΓöÇΓöÇΓö
ÇΓöÇΓöÇΓöÇΓöÇΓöÇΓöÇΓöÇΓöÇΓ
öÇΓöÇΓöÇΓöÇΓöÇΓöÇΓöÇΓöÇΓöÇ
ΓöÇΓöÇΓöÇΓöÇΓöÇΓöÇΓöÇΓöÇΓö
ÇΓöÇΓöÇΓöÇΓöÇΓöÇΓöÇΓöÇΓöÇΓ
öÇΓöÇΓöÇΓöÇΓöÇΓöÇΓöÇΓöÇΓöÇ
ΓöÇΓöÇΓöÇΓöÇΓöÇΓöÇΓöÇΓöÇ

      at Builder.generateB
uildReport (src/stages/5-b
uilder.js:973:13)

    console.log
      Γöé BUILD REPORT

      at Builder.generateB
uildReport (src/stages/5-b
uilder.js:974:13)

    console.log
      Γö£ΓöÇΓöÇΓöÇΓöÇΓöÇΓö
ÇΓöÇΓöÇΓöÇΓöÇΓöÇΓöÇΓöÇΓöÇΓ
öÇΓöÇΓöÇΓöÇΓöÇΓöÇΓöÇΓöÇΓöÇ
ΓöÇΓöÇΓöÇΓöÇΓöÇΓöÇΓöÇΓöÇΓö
ÇΓöÇΓöÇΓöÇΓöÇΓöÇΓöÇΓöÇΓöÇΓ
öÇΓöÇΓöÇΓöÇΓöÇΓöÇΓöÇΓöÇΓöÇ
ΓöÇΓöÇΓöÇΓöÇΓöÇΓöÇΓöÇΓöÇ

      at Builder.generateB
uildReport (src/stages/5-b
uilder.js:975:13)

    console.log
      Γöé Type: undefined

      at Builder.generateB
uildReport (src/stages/5-b
uilder.js:976:13)

    console.log
      Γöé Size: 10x10x10

      at Builder.generateB
uildReport (src/stages/5-b
uilder.js:977:13)

    console.log
      Γöé Duration: 0.1s

      at Builder.generateB
uildReport (src/stages/5-b
uilder.js:978:13)

    console.log
      Γöé Blocks: 2 
(20.0/s)

      at Builder.generateB
uildReport (src/stages/5-b
uilder.js:979:13)

    console.log
      Γöé Success: ΓÜá

      at Builder.generateB
uildReport (src/stages/5-b
uilder.js:980:13)

    console.log
      ΓööΓöÇΓöÇΓöÇΓöÇΓöÇΓö
ÇΓöÇΓöÇΓöÇΓöÇΓöÇΓöÇΓöÇΓöÇΓ
öÇΓöÇΓöÇΓöÇΓöÇΓöÇΓöÇΓöÇΓöÇ
ΓöÇΓöÇΓöÇΓöÇΓöÇΓöÇΓöÇΓöÇΓö
ÇΓöÇΓöÇΓöÇΓöÇΓöÇΓöÇΓöÇΓöÇΓ
öÇΓöÇΓöÇΓöÇΓöÇΓöÇΓöÇΓöÇΓöÇ
ΓöÇΓöÇΓöÇΓöÇΓöÇΓöÇΓöÇΓöÇ

      at Builder.generateB
uildReport (src/stages/5-b
uilder.js:981:13)

    console.log
      Sanitizing 
blueprint...

      at BlueprintSanitize
r.sanitize (src/utils/blue
print-sanitizer.js:56:17)

    console.log
        [Terrain] 
Scanning build footprint 
for ground level...

      at 
Builder.executeBlueprint (
src/stages/5-builder.js:65
4:15)

    console.log
        ΓÜá No solid 
ground found within 
search depth. Building at 
current position.

      at 
Builder.executeBlueprint (
src/stages/5-builder.js:66
6:17)

    console.log
      Starting build 
execution...

      at 
Builder.executeBlueprint (
src/stages/5-builder.js:67
4:15)

    console.log
        Location: 0, 64, 0

      at 
Builder.executeBlueprint (
src/stages/5-builder.js:67
5:15)

    console.log
        Total steps: 11

      at 
Builder.executeBlueprint (
src/stages/5-builder.js:67
6:15)

    console.log
        WorldEdit: 
DISABLED

      at 
Builder.executeBlueprint (
src/stages/5-builder.js:67
7:15)

    console.log
      
      ΓåÆ Validating 
build area...

      at 
Builder.executeBlueprint (
src/stages/5-builder.js:68
0:15)

    console.log
        Chunks: 0/0 loaded

      at 
Builder.executeBlueprint (
src/stages/5-builder.js:69
8:15)

    console.log
      
      ΓåÆ Validating 
materials...

      at 
Builder.executeBlueprint (
src/stages/5-builder.js:70
1:15)

    console.log
      Γ£ô Creative mode - 
unlimited materials

      at 
Builder.executeBlueprint (
src/stages/5-builder.js:70
3:15)

    console.log
        [State] Build 
started: 06a26d81-b416-4b8
3-8a66-56abaf20f096

      at BuildStateManager
.startBuild (src/state/bui
ld-state.js:82:13)

    console.log
        Build ID: 06a26d81
-b416-4b83-8a66-56abaf20f0
96

      at 
Builder.executeBlueprint (
src/stages/5-builder.js:72
0:15)

    console.log
      
      ΓåÆ Scanning build 
area for obstructions...

      at 
Builder.executeBlueprint (
src/stages/5-builder.js:73
3:15)

    console.log
        Γ£ô Build area is 
clear

      at 
Builder.executeBlueprint (
src/stages/5-builder.js:74
4:17)

    console.log
        ΓåÆ Auto-clearing 
build site...

      at 
Builder.autoClearArea (src
/stages/5-builder.js:218:1
3)

    console.log
          ΓÜá Auto-clear 
skipped (Vanilla clearing 
too slow)

      at 
Builder.autoClearArea (src
/stages/5-builder.js:253:1
5)

    console.log
        Step 1/11: set

      at 
Builder.executeBlueprint (
src/stages/5-builder.js:79
5:17)

    console.warn
          ΓÜá Bot cannot 
reach position 0, 64, 0

    [0m [90m 593 |[39m 
      [36mconst[39m 
inRange [33m=[39m 
[36mawait[39m [36mthis
[39m[33m.[39mpathfinding
Helper[33m.[39mensureInR
ange(targetPos)[33m;[39m
     [90m 594 |[39m     
  [36mif[39m 
([33m![39minRange) {
    
[31m[1m>[22m[39m[90m 
595 |[39m         console
[33m.[39mwarn([32m`    
ΓÜá Bot cannot reach 
position ${pos.x}, 
${pos.y}, 
${pos.z}`[39m)[33m;[39m
     [90m     |[39m     
            
[31m[1m^[22m[39m
     [90m 596 |[39m     
    [36mreturn[39m 
[36mfalse[39m[33m;[39m
     [90m 597 |[39m     
  }
     [90m 598 |[39m     
}[0m

      at Builder.placeBloc
kWithRetry (src/stages/5-b
uilder.js:595:17)
      at Builder.executeVa
nillaBlocks (src/stages/5-
builder.js:543:19)
      at 
Builder.executeBlueprint (
src/stages/5-builder.js:82
6:15)
      at 
Object.<anonymous> (tests/
stages/builder.test.js:707
:9)

    console.error
      Failed to place 
block at 0,64,0

    [0m [90m 551 |[39m 
      } [36melse[39m {
     [90m 552 |[39m     
    [36mif[39m ([36mthi
s[39m[33m.[39mcurrentBu
ild) [36mthis[39m[33m.
[39mcurrentBuild[33m.[39
mblocksFailed[33m++[39m
[33m;[39m
    
[31m[1m>[22m[39m[90m 
553 |[39m         console
[33m.[39merror([32m`Fai
led to place block at ${wo
rldPos.x},${worldPos.y},${
worldPos.z}`[39m)[33m;[
39m
     [90m     |[39m     
            
[31m[1m^[22m[39m
     [90m 554 |[39m
     [90m 555 |[39m     
    [90m// Abort 
threshold: Stop build if 
too many blocks are 
failing[39m
     [90m 556 |[39m     
    [36mif[39m ([36mthi
s[39m[33m.[39mcurrentBu
ild) {[0m

      at Builder.executeVa
nillaBlocks (src/stages/5-
builder.js:553:17)
      at 
Builder.executeBlueprint (
src/stages/5-builder.js:82
6:15)
      at 
Object.<anonymous> (tests/
stages/builder.test.js:707
:9)

    console.log
        Step 2/11: set

      at 
Builder.executeBlueprint (
src/stages/5-builder.js:79
5:17)

    console.warn
          ΓÜá Bot cannot 
reach position 1, 64, 0

    [0m [90m 593 |[39m 
      [36mconst[39m 
inRange [33m=[39m 
[36mawait[39m [36mthis
[39m[33m.[39mpathfinding
Helper[33m.[39mensureInR
ange(targetPos)[33m;[39m
     [90m 594 |[39m     
  [36mif[39m 
([33m![39minRange) {
    
[31m[1m>[22m[39m[90m 
595 |[39m         console
[33m.[39mwarn([32m`    
ΓÜá Bot cannot reach 
position ${pos.x}, 
${pos.y}, 
${pos.z}`[39m)[33m;[39m
     [90m     |[39m     
            
[31m[1m^[22m[39m
     [90m 596 |[39m     
    [36mreturn[39m 
[36mfalse[39m[33m;[39m
     [90m 597 |[39m     
  }
     [90m 598 |[39m     
}[0m

      at Builder.placeBloc
kWithRetry (src/stages/5-b
uilder.js:595:17)
      at Builder.executeVa
nillaBlocks (src/stages/5-
builder.js:543:19)
      at 
Builder.executeBlueprint (
src/stages/5-builder.js:82
6:15)
      at 
Object.<anonymous> (tests/
stages/builder.test.js:707
:9)

    console.error
      Failed to place 
block at 1,64,0

    [0m [90m 551 |[39m 
      } [36melse[39m {
     [90m 552 |[39m     
    [36mif[39m ([36mthi
s[39m[33m.[39mcurrentBu
ild) [36mthis[39m[33m.
[39mcurrentBuild[33m.[39
mblocksFailed[33m++[39m
[33m;[39m
    
[31m[1m>[22m[39m[90m 
553 |[39m         console
[33m.[39merror([32m`Fai
led to place block at ${wo
rldPos.x},${worldPos.y},${
worldPos.z}`[39m)[33m;[
39m
     [90m     |[39m     
            
[31m[1m^[22m[39m
     [90m 554 |[39m
     [90m 555 |[39m     
    [90m// Abort 
threshold: Stop build if 
too many blocks are 
failing[39m
     [90m 556 |[39m     
    [36mif[39m ([36mthi
s[39m[33m.[39mcurrentBu
ild) {[0m

      at Builder.executeVa
nillaBlocks (src/stages/5-
builder.js:553:17)
      at 
Builder.executeBlueprint (
src/stages/5-builder.js:82
6:15)
      at 
Object.<anonymous> (tests/
stages/builder.test.js:707
:9)

    console.log
        Step 3/11: set

      at 
Builder.executeBlueprint (
src/stages/5-builder.js:79
5:17)

    console.warn
          ΓÜá Bot cannot 
reach position 2, 64, 0

    [0m [90m 593 |[39m 
      [36mconst[39m 
inRange [33m=[39m 
[36mawait[39m [36mthis
[39m[33m.[39mpathfinding
Helper[33m.[39mensureInR
ange(targetPos)[33m;[39m
     [90m 594 |[39m     
  [36mif[39m 
([33m![39minRange) {
    
[31m[1m>[22m[39m[90m 
595 |[39m         console
[33m.[39mwarn([32m`    
ΓÜá Bot cannot reach 
position ${pos.x}, 
${pos.y}, 
${pos.z}`[39m)[33m;[39m
     [90m     |[39m     
            
[31m[1m^[22m[39m
     [90m 596 |[39m     
    [36mreturn[39m 
[36mfalse[39m[33m;[39m
     [90m 597 |[39m     
  }
     [90m 598 |[39m     
}[0m

      at Builder.placeBloc
kWithRetry (src/stages/5-b
uilder.js:595:17)
      at Builder.executeVa
nillaBlocks (src/stages/5-
builder.js:543:19)
      at 
Builder.executeBlueprint (
src/stages/5-builder.js:82
6:15)
      at 
Object.<anonymous> (tests/
stages/builder.test.js:707
:9)

    console.error
      Failed to place 
block at 2,64,0

    [0m [90m 551 |[39m 
      } [36melse[39m {
     [90m 552 |[39m     
    [36mif[39m ([36mthi
s[39m[33m.[39mcurrentBu
ild) [36mthis[39m[33m.
[39mcurrentBuild[33m.[39
mblocksFailed[33m++[39m
[33m;[39m
    
[31m[1m>[22m[39m[90m 
553 |[39m         console
[33m.[39merror([32m`Fai
led to place block at ${wo
rldPos.x},${worldPos.y},${
worldPos.z}`[39m)[33m;[
39m
     [90m     |[39m     
            
[31m[1m^[22m[39m
     [90m 554 |[39m
     [90m 555 |[39m     
    [90m// Abort 
threshold: Stop build if 
too many blocks are 
failing[39m
     [90m 556 |[39m     
    [36mif[39m ([36mthi
s[39m[33m.[39mcurrentBu
ild) {[0m

      at Builder.executeVa
nillaBlocks (src/stages/5-
builder.js:553:17)
      at 
Builder.executeBlueprint (
src/stages/5-builder.js:82
6:15)
      at 
Object.<anonymous> (tests/
stages/builder.test.js:707
:9)

    console.log
        Step 4/11: set

      at 
Builder.executeBlueprint (
src/stages/5-builder.js:79
5:17)

    console.warn
          ΓÜá Bot cannot 
reach position 3, 64, 0

    [0m [90m 593 |[39m 
      [36mconst[39m 
inRange [33m=[39m 
[36mawait[39m [36mthis
[39m[33m.[39mpathfinding
Helper[33m.[39mensureInR
ange(targetPos)[33m;[39m
     [90m 594 |[39m     
  [36mif[39m 
([33m![39minRange) {
    
[31m[1m>[22m[39m[90m 
595 |[39m         console
[33m.[39mwarn([32m`    
ΓÜá Bot cannot reach 
position ${pos.x}, 
${pos.y}, 
${pos.z}`[39m)[33m;[39m
     [90m     |[39m     
            
[31m[1m^[22m[39m
     [90m 596 |[39m     
    [36mreturn[39m 
[36mfalse[39m[33m;[39m
     [90m 597 |[39m     
  }
     [90m 598 |[39m     
}[0m

      at Builder.placeBloc
kWithRetry (src/stages/5-b
uilder.js:595:17)
      at Builder.executeVa
nillaBlocks (src/stages/5-
builder.js:543:19)
      at 
Builder.executeBlueprint (
src/stages/5-builder.js:82
6:15)
      at 
Object.<anonymous> (tests/
stages/builder.test.js:707
:9)

    console.error
      Failed to place 
block at 3,64,0

    [0m [90m 551 |[39m 
      } [36melse[39m {
     [90m 552 |[39m     
    [36mif[39m ([36mthi
s[39m[33m.[39mcurrentBu
ild) [36mthis[39m[33m.
[39mcurrentBuild[33m.[39
mblocksFailed[33m++[39m
[33m;[39m
    
[31m[1m>[22m[39m[90m 
553 |[39m         console
[33m.[39merror([32m`Fai
led to place block at ${wo
rldPos.x},${worldPos.y},${
worldPos.z}`[39m)[33m;[
39m
     [90m     |[39m     
            
[31m[1m^[22m[39m
     [90m 554 |[39m
     [90m 555 |[39m     
    [90m// Abort 
threshold: Stop build if 
too many blocks are 
failing[39m
     [90m 556 |[39m     
    [36mif[39m ([36mthi
s[39m[33m.[39mcurrentBu
ild) {[0m

      at Builder.executeVa
nillaBlocks (src/stages/5-
builder.js:553:17)
      at 
Builder.executeBlueprint (
src/stages/5-builder.js:82
6:15)
      at 
Object.<anonymous> (tests/
stages/builder.test.js:707
:9)

    console.log
        Step 5/11: set

      at 
Builder.executeBlueprint (
src/stages/5-builder.js:79
5:17)

    console.warn
          ΓÜá Bot cannot 
reach position 4, 64, 0

    [0m [90m 593 |[39m 
      [36mconst[39m 
inRange [33m=[39m 
[36mawait[39m [36mthis
[39m[33m.[39mpathfinding
Helper[33m.[39mensureInR
ange(targetPos)[33m;[39m
     [90m 594 |[39m     
  [36mif[39m 
([33m![39minRange) {
    
[31m[1m>[22m[39m[90m 
595 |[39m         console
[33m.[39mwarn([32m`    
ΓÜá Bot cannot reach 
position ${pos.x}, 
${pos.y}, 
${pos.z}`[39m)[33m;[39m
     [90m     |[39m     
            
[31m[1m^[22m[39m
     [90m 596 |[39m     
    [36mreturn[39m 
[36mfalse[39m[33m;[39m
     [90m 597 |[39m     
  }
     [90m 598 |[39m     
}[0m

      at Builder.placeBloc
kWithRetry (src/stages/5-b
uilder.js:595:17)
      at Builder.executeVa
nillaBlocks (src/stages/5-
builder.js:543:19)
      at 
Builder.executeBlueprint (
src/stages/5-builder.js:82
6:15)
      at 
Object.<anonymous> (tests/
stages/builder.test.js:707
:9)

    console.error
      Failed to place 
block at 4,64,0

    [0m [90m 551 |[39m 
      } [36melse[39m {
     [90m 552 |[39m     
    [36mif[39m ([36mthi
s[39m[33m.[39mcurrentBu
ild) [36mthis[39m[33m.
[39mcurrentBuild[33m.[39
mblocksFailed[33m++[39m
[33m;[39m
    
[31m[1m>[22m[39m[90m 
553 |[39m         console
[33m.[39merror([32m`Fai
led to place block at ${wo
rldPos.x},${worldPos.y},${
worldPos.z}`[39m)[33m;[
39m
     [90m     |[39m     
            
[31m[1m^[22m[39m
     [90m 554 |[39m
     [90m 555 |[39m     
    [90m// Abort 
threshold: Stop build if 
too many blocks are 
failing[39m
     [90m 556 |[39m     
    [36mif[39m ([36mthi
s[39m[33m.[39mcurrentBu
ild) {[0m

      at Builder.executeVa
nillaBlocks (src/stages/5-
builder.js:553:17)
      at 
Builder.executeBlueprint (
src/stages/5-builder.js:82
6:15)
      at 
Object.<anonymous> (tests/
stages/builder.test.js:707
:9)

    console.log
        Step 6/11: set

      at 
Builder.executeBlueprint (
src/stages/5-builder.js:79
5:17)

    console.warn
          ΓÜá Bot cannot 
reach position 5, 64, 0

    [0m [90m 593 |[39m 
      [36mconst[39m 
inRange [33m=[39m 
[36mawait[39m [36mthis
[39m[33m.[39mpathfinding
Helper[33m.[39mensureInR
ange(targetPos)[33m;[39m
     [90m 594 |[39m     
  [36mif[39m 
([33m![39minRange) {
    
[31m[1m>[22m[39m[90m 
595 |[39m         console
[33m.[39mwarn([32m`    
ΓÜá Bot cannot reach 
position ${pos.x}, 
${pos.y}, 
${pos.z}`[39m)[33m;[39m
     [90m     |[39m     
            
[31m[1m^[22m[39m
     [90m 596 |[39m     
    [36mreturn[39m 
[36mfalse[39m[33m;[39m
     [90m 597 |[39m     
  }
     [90m 598 |[39m     
}[0m

      at Builder.placeBloc
kWithRetry (src/stages/5-b
uilder.js:595:17)
      at Builder.executeVa
nillaBlocks (src/stages/5-
builder.js:543:19)
      at 
Builder.executeBlueprint (
src/stages/5-builder.js:82
6:15)
      at 
Object.<anonymous> (tests/
stages/builder.test.js:707
:9)

    console.error
      Failed to place 
block at 5,64,0

    [0m [90m 551 |[39m 
      } [36melse[39m {
     [90m 552 |[39m     
    [36mif[39m ([36mthi
s[39m[33m.[39mcurrentBu
ild) [36mthis[39m[33m.
[39mcurrentBuild[33m.[39
mblocksFailed[33m++[39m
[33m;[39m
    
[31m[1m>[22m[39m[90m 
553 |[39m         console
[33m.[39merror([32m`Fai
led to place block at ${wo
rldPos.x},${worldPos.y},${
worldPos.z}`[39m)[33m;[
39m
     [90m     |[39m     
            
[31m[1m^[22m[39m
     [90m 554 |[39m
     [90m 555 |[39m     
    [90m// Abort 
threshold: Stop build if 
too many blocks are 
failing[39m
     [90m 556 |[39m     
    [36mif[39m ([36mthi
s[39m[33m.[39mcurrentBu
ild) {[0m

      at Builder.executeVa
nillaBlocks (src/stages/5-
builder.js:553:17)
      at 
Builder.executeBlueprint (
src/stages/5-builder.js:82
6:15)
      at 
Object.<anonymous> (tests/
stages/builder.test.js:707
:9)

    console.log
        Step 7/11: set

      at 
Builder.executeBlueprint (
src/stages/5-builder.js:79
5:17)

    console.warn
          ΓÜá Bot cannot 
reach position 6, 64, 0

    [0m [90m 593 |[39m 
      [36mconst[39m 
inRange [33m=[39m 
[36mawait[39m [36mthis
[39m[33m.[39mpathfinding
Helper[33m.[39mensureInR
ange(targetPos)[33m;[39m
     [90m 594 |[39m     
  [36mif[39m 
([33m![39minRange) {
    
[31m[1m>[22m[39m[90m 
595 |[39m         console
[33m.[39mwarn([32m`    
ΓÜá Bot cannot reach 
position ${pos.x}, 
${pos.y}, 
${pos.z}`[39m)[33m;[39m
     [90m     |[39m     
            
[31m[1m^[22m[39m
     [90m 596 |[39m     
    [36mreturn[39m 
[36mfalse[39m[33m;[39m
     [90m 597 |[39m     
  }
     [90m 598 |[39m     
}[0m

      at Builder.placeBloc
kWithRetry (src/stages/5-b
uilder.js:595:17)
      at Builder.executeVa
nillaBlocks (src/stages/5-
builder.js:543:19)
      at 
Builder.executeBlueprint (
src/stages/5-builder.js:82
6:15)
      at 
Object.<anonymous> (tests/
stages/builder.test.js:707
:9)

    console.error
      Failed to place 
block at 6,64,0

    [0m [90m 551 |[39m 
      } [36melse[39m {
     [90m 552 |[39m     
    [36mif[39m ([36mthi
s[39m[33m.[39mcurrentBu
ild) [36mthis[39m[33m.
[39mcurrentBuild[33m.[39
mblocksFailed[33m++[39m
[33m;[39m
    
[31m[1m>[22m[39m[90m 
553 |[39m         console
[33m.[39merror([32m`Fai
led to place block at ${wo
rldPos.x},${worldPos.y},${
worldPos.z}`[39m)[33m;[
39m
     [90m     |[39m     
            
[31m[1m^[22m[39m
     [90m 554 |[39m
     [90m 555 |[39m     
    [90m// Abort 
threshold: Stop build if 
too many blocks are 
failing[39m
     [90m 556 |[39m     
    [36mif[39m ([36mthi
s[39m[33m.[39mcurrentBu
ild) {[0m

      at Builder.executeVa
nillaBlocks (src/stages/5-
builder.js:553:17)
      at 
Builder.executeBlueprint (
src/stages/5-builder.js:82
6:15)
      at 
Object.<anonymous> (tests/
stages/builder.test.js:707
:9)

    console.log
        Step 8/11: set

      at 
Builder.executeBlueprint (
src/stages/5-builder.js:79
5:17)

    console.warn
          ΓÜá Bot cannot 
reach position 7, 64, 0

    [0m [90m 593 |[39m 
      [36mconst[39m 
inRange [33m=[39m 
[36mawait[39m [36mthis
[39m[33m.[39mpathfinding
Helper[33m.[39mensureInR
ange(targetPos)[33m;[39m
     [90m 594 |[39m     
  [36mif[39m 
([33m![39minRange) {
    
[31m[1m>[22m[39m[90m 
595 |[39m         console
[33m.[39mwarn([32m`    
ΓÜá Bot cannot reach 
position ${pos.x}, 
${pos.y}, 
${pos.z}`[39m)[33m;[39m
     [90m     |[39m     
            
[31m[1m^[22m[39m
     [90m 596 |[39m     
    [36mreturn[39m 
[36mfalse[39m[33m;[39m
     [90m 597 |[39m     
  }
     [90m 598 |[39m     
}[0m

      at Builder.placeBloc
kWithRetry (src/stages/5-b
uilder.js:595:17)
      at Builder.executeVa
nillaBlocks (src/stages/5-
builder.js:543:19)
      at 
Builder.executeBlueprint (
src/stages/5-builder.js:82
6:15)
      at 
Object.<anonymous> (tests/
stages/builder.test.js:707
:9)

    console.error
      Failed to place 
block at 7,64,0

    [0m [90m 551 |[39m 
      } [36melse[39m {
     [90m 552 |[39m     
    [36mif[39m ([36mthi
s[39m[33m.[39mcurrentBu
ild) [36mthis[39m[33m.
[39mcurrentBuild[33m.[39
mblocksFailed[33m++[39m
[33m;[39m
    
[31m[1m>[22m[39m[90m 
553 |[39m         console
[33m.[39merror([32m`Fai
led to place block at ${wo
rldPos.x},${worldPos.y},${
worldPos.z}`[39m)[33m;[
39m
     [90m     |[39m     
            
[31m[1m^[22m[39m
     [90m 554 |[39m
     [90m 555 |[39m     
    [90m// Abort 
threshold: Stop build if 
too many blocks are 
failing[39m
     [90m 556 |[39m     
    [36mif[39m ([36mthi
s[39m[33m.[39mcurrentBu
ild) {[0m

      at Builder.executeVa
nillaBlocks (src/stages/5-
builder.js:553:17)
      at 
Builder.executeBlueprint (
src/stages/5-builder.js:82
6:15)
      at 
Object.<anonymous> (tests/
stages/builder.test.js:707
:9)

    console.log
        Step 9/11: set

      at 
Builder.executeBlueprint (
src/stages/5-builder.js:79
5:17)

    console.warn
          ΓÜá Bot cannot 
reach position 8, 64, 0

    [0m [90m 593 |[39m 
      [36mconst[39m 
inRange [33m=[39m 
[36mawait[39m [36mthis
[39m[33m.[39mpathfinding
Helper[33m.[39mensureInR
ange(targetPos)[33m;[39m
     [90m 594 |[39m     
  [36mif[39m 
([33m![39minRange) {
    
[31m[1m>[22m[39m[90m 
595 |[39m         console
[33m.[39mwarn([32m`    
ΓÜá Bot cannot reach 
position ${pos.x}, 
${pos.y}, 
${pos.z}`[39m)[33m;[39m
     [90m     |[39m     
            
[31m[1m^[22m[39m
     [90m 596 |[39m     
    [36mreturn[39m 
[36mfalse[39m[33m;[39m
     [90m 597 |[39m     
  }
     [90m 598 |[39m     
}[0m

      at Builder.placeBloc
kWithRetry (src/stages/5-b
uilder.js:595:17)
      at Builder.executeVa
nillaBlocks (src/stages/5-
builder.js:543:19)
      at 
Builder.executeBlueprint (
src/stages/5-builder.js:82
6:15)
      at 
Object.<anonymous> (tests/
stages/builder.test.js:707
:9)

    console.error
      Failed to place 
block at 8,64,0

    [0m [90m 551 |[39m 
      } [36melse[39m {
     [90m 552 |[39m     
    [36mif[39m ([36mthi
s[39m[33m.[39mcurrentBu
ild) [36mthis[39m[33m.
[39mcurrentBuild[33m.[39
mblocksFailed[33m++[39m
[33m;[39m
    
[31m[1m>[22m[39m[90m 
553 |[39m         console
[33m.[39merror([32m`Fai
led to place block at ${wo
rldPos.x},${worldPos.y},${
worldPos.z}`[39m)[33m;[
39m
     [90m     |[39m     
            
[31m[1m^[22m[39m
     [90m 554 |[39m
     [90m 555 |[39m     
    [90m// Abort 
threshold: Stop build if 
too many blocks are 
failing[39m
     [90m 556 |[39m     
    [36mif[39m ([36mthi
s[39m[33m.[39mcurrentBu
ild) {[0m

      at Builder.executeVa
nillaBlocks (src/stages/5-
builder.js:553:17)
      at 
Builder.executeBlueprint (
src/stages/5-builder.js:82
6:15)
      at 
Object.<anonymous> (tests/
stages/builder.test.js:707
:9)

    console.log
        Step 10/11: set

      at 
Builder.executeBlueprint (
src/stages/5-builder.js:79
5:17)

    console.warn
          ΓÜá Bot cannot 
reach position 9, 64, 0

    [0m [90m 593 |[39m 
      [36mconst[39m 
inRange [33m=[39m 
[36mawait[39m [36mthis
[39m[33m.[39mpathfinding
Helper[33m.[39mensureInR
ange(targetPos)[33m;[39m
     [90m 594 |[39m     
  [36mif[39m 
([33m![39minRange) {
    
[31m[1m>[22m[39m[90m 
595 |[39m         console
[33m.[39mwarn([32m`    
ΓÜá Bot cannot reach 
position ${pos.x}, 
${pos.y}, 
${pos.z}`[39m)[33m;[39m
     [90m     |[39m     
            
[31m[1m^[22m[39m
     [90m 596 |[39m     
    [36mreturn[39m 
[36mfalse[39m[33m;[39m
     [90m 597 |[39m     
  }
     [90m 598 |[39m     
}[0m

      at Builder.placeBloc
kWithRetry (src/stages/5-b
uilder.js:595:17)
      at Builder.executeVa
nillaBlocks (src/stages/5-
builder.js:543:19)
      at 
Builder.executeBlueprint (
src/stages/5-builder.js:82
6:15)
      at 
Object.<anonymous> (tests/
stages/builder.test.js:707
:9)

    console.error
      Failed to place 
block at 9,64,0

    [0m [90m 551 |[39m 
      } [36melse[39m {
     [90m 552 |[39m     
    [36mif[39m ([36mthi
s[39m[33m.[39mcurrentBu
ild) [36mthis[39m[33m.
[39mcurrentBuild[33m.[39
mblocksFailed[33m++[39m
[33m;[39m
    
[31m[1m>[22m[39m[90m 
553 |[39m         console
[33m.[39merror([32m`Fai
led to place block at ${wo
rldPos.x},${worldPos.y},${
worldPos.z}`[39m)[33m;[
39m
     [90m     |[39m     
            
[31m[1m^[22m[39m
     [90m 554 |[39m
     [90m 555 |[39m     
    [90m// Abort 
threshold: Stop build if 
too many blocks are 
failing[39m
     [90m 556 |[39m     
    [36mif[39m ([36mthi
s[39m[33m.[39mcurrentBu
ild) {[0m

      at Builder.executeVa
nillaBlocks (src/stages/5-
builder.js:553:17)
      at 
Builder.executeBlueprint (
src/stages/5-builder.js:82
6:15)
      at 
Object.<anonymous> (tests/
stages/builder.test.js:707
:9)

    console.error
      Operation Error 
(set): Build aborted: 
100.0% of blocks failed 
(threshold: 25%). Check 
bot position and 
permissions.

    [0m [90m 830 |[39m 
            }
     [90m 831 |[39m     
      } [36mcatch[39m 
(err) {
    
[31m[1m>[22m[39m[90m 
832 |[39m             con
sole[33m.[39merror([32m
`Operation Error 
(${step.op}): ${err.messag
e}`[39m)[33m;[39m
     [90m     |[39m     
                
[31m[1m^[22m[39m
     [90m 833 |[39m
     [90m 834 |[39m     
        [90m// Fatal 
error: abort build[39m
     [90m 835 |[39m     
        [36mif[39m (err
[33m.[39mmessage[33m.[3
9mincludes([32m'Build 
aborted'[39m)) {[0m

      at 
Builder.executeBlueprint (
src/stages/5-builder.js:83
2:21)
      at 
Object.<anonymous> (tests/
stages/builder.test.js:707
:9)

    console.error
      Build execution 
failed: Build aborted: 
100.0% of blocks failed 
(threshold: 25%). Check 
bot position and 
permissions.

    [0m [90m 929 |[39m 
        [36mthis[39m[33
m.[39mstateManager[33m.
[39mfailBuild([32m'Build 
cancelled'[39m)[33m;[39
m
     [90m 930 |[39m     
  } [36melse[39m {
    
[31m[1m>[22m[39m[90m 
931 |[39m         console
[33m.[39merror([32m`Bui
ld execution failed: ${err
or.message}`[39m)[33m;[
39m
     [90m     |[39m     
            
[31m[1m^[22m[39m
     [90m 932 |[39m     
    [90m// Mark build as 
failed in state 
manager[39m
     [90m 933 |[39m     
    [36mthis[39m[33m.[
39mstateManager[33m.[39m
failBuild(error[33m.[39m
message)[33m;[39m
     [90m 934 |[39m     
  }[0m

      at 
Builder.executeBlueprint (
src/stages/5-builder.js:93
1:17)
      at 
Object.<anonymous> (tests/
stages/builder.test.js:707
:9)

    console.log
        [State] Build 
failed: 06a26d81-b416-4b83
-8a66-56abaf20f096 - 
Build aborted: 100.0% of 
blocks failed (threshold: 
25%). Check bot position 
and permissions.

      at BuildStateManager
.failBuild (src/state/buil
d-state.js:181:13)

PASS tests/worldedit/ack-p
atterns.test.js (5.344 s)
  ΓùÅ Console

    console.log
      Γ£ô Loaded config 
from: C:\repos\B.O.B\confi
g\bob.config.json

      at 
loadExternalConfig (src/co
nfig/limits.js:36:17)

    console.log
        [WorldEdit] //set 
stone

      at WorldEditExecutor
.executeCommand (src/world
edit/executor.js:581:13)

    console.log
        [WorldEdit] //set 
stone

      at WorldEditExecutor
.executeCommand (src/world
edit/executor.js:581:13)

    console.log
        [WorldEdit] //set 
stone

      at WorldEditExecutor
.executeCommand (src/world
edit/executor.js:581:13)

    console.log
        [WorldEdit] //set 
stone

      at WorldEditExecutor
.executeCommand (src/world
edit/executor.js:581:13)

    console.log
        [WorldEdit] //set 
stone

      at WorldEditExecutor
.executeCommand (src/world
edit/executor.js:581:13)

    console.log
        [WorldEdit] 
//pos1 10,64,20

      at WorldEditExecutor
.executeCommand (src/world
edit/executor.js:581:13)

    console.log
        [WorldEdit] 
//desel

      at WorldEditExecutor
.executeCommand (src/world
edit/executor.js:581:13)

    console.log
        [WorldEdit] //set 
stone

      at WorldEditExecutor
.executeCommand (src/world
edit/executor.js:581:13)

    console.warn
          ΓÜá Operation 
completed but changed 0 
blocks: //set stone

    [0m [90m 633 |[39m
     [90m 634 |[39m     
    [36mif[39m 
(blocksChanged 
[33m===[39m [35m0[39m 
[33m||[39m lower[33m.[
39mincludes([32m'no 
blocks'[39m)) {
    
[31m[1m>[22m[39m[90m 
635 |[39m           conso
le[33m.[39mwarn([32m`  
  ΓÜá Operation completed 
but changed 0 blocks: ${co
mmand}`[39m)[33m;[39m
     [90m     |[39m     
              
[31m[1m^[22m[39m
     [90m 636 |[39m     
      console[33m.[39mwa
rn([32m`      This may 
indicate selection issues 
or empty 
region`[39m)[33m;[39m
     [90m 637 |[39m     
    }
     [90m 638 |[39m[0m

      at WorldEditExecutor
.executeCommand (src/world
edit/executor.js:635:19)
      at 
Object.<anonymous> (tests/
worldedit/ack-patterns.tes
t.js:145:22)

    console.warn
            This may 
indicate selection issues 
or empty region

    [0m [90m 634 |[39m 
        [36mif[39m 
(blocksChanged 
[33m===[39m [35m0[39m 
[33m||[39m lower[33m.[
39mincludes([32m'no 
blocks'[39m)) {
     [90m 635 |[39m     
      console[33m.[39mwa
rn([32m`    ΓÜá 
Operation completed but 
changed 0 blocks: ${comman
d}`[39m)[33m;[39m
    
[31m[1m>[22m[39m[90m 
636 |[39m           conso
le[33m.[39mwarn([32m`  
    This may indicate 
selection issues or empty 
region`[39m)[33m;[39m
     [90m     |[39m     
              
[31m[1m^[22m[39m
     [90m 637 |[39m     
    }
     [90m 638 |[39m
     [90m 639 |[39m     
    [90m// Parse actual 
bounds from response (or 
use expected if 
available)[39m[0m

      at WorldEditExecutor
.executeCommand (src/world
edit/executor.js:636:19)
      at 
Object.<anonymous> (tests/
worldedit/ack-patterns.tes
t.js:145:22)

    console.log
        [WorldEdit] //set 
stone

      at WorldEditExecutor
.executeCommand (src/world
edit/executor.js:581:13)

    console.warn
          ΓÜá No 
acknowledgment received 
for: //set stone

    [0m [90m 651 |[39m 
      } [36melse[39m {
     [90m 652 |[39m     
    [90m// No response = 
timeout[39m
    
[31m[1m>[22m[39m[90m 
653 |[39m         console
[33m.[39mwarn([32m`    
ΓÜá No acknowledgment 
received for: ${command}`
[39m)[33m;[39m
     [90m     |[39m     
            
[31m[1m^[22m[39m
     [90m 654 |[39m     
    console[33m.[39mwarn
([32m`      This could 
indicate: plugin lag, 
chat spam filter, or 
command 
failure`[39m)[33m;[39m
     [90m 655 |[39m
     [90m 656 |[39m     
    [90m// Record 
timeout with circuit 
breaker[39m[0m

      at WorldEditExecutor
.executeCommand (src/world
edit/executor.js:653:17)
      at 
Object.<anonymous> (tests/
worldedit/ack-patterns.tes
t.js:163:22)

    console.warn
            This could 
indicate: plugin lag, 
chat spam filter, or 
command failure

    [0m [90m 652 |[39m 
        [90m// No 
response = timeout[39m
     [90m 653 |[39m     
    console[33m.[39mwarn
([32m`    ΓÜá No 
acknowledgment received 
for: ${command}`[39m)[33
m;[39m
    
[31m[1m>[22m[39m[90m 
654 |[39m         console
[33m.[39mwarn([32m`    
  This could indicate: 
plugin lag, chat spam 
filter, or command 
failure`[39m)[33m;[39m
     [90m     |[39m     
            
[31m[1m^[22m[39m
     [90m 655 |[39m
     [90m 656 |[39m     
    [90m// Record 
timeout with circuit 
breaker[39m
     [90m 657 |[39m     
    [36mthis[39m[33m.[
39mcircuitBreaker[33m.[3
9mrecordTimeout()[33m;[3
9m[0m

      at WorldEditExecutor
.executeCommand (src/world
edit/executor.js:654:17)
      at 
Object.<anonymous> (tests/
worldedit/ack-patterns.tes
t.js:163:22)

    console.log
        [WorldEdit] //set 
stone

      at WorldEditExecutor
.executeCommand (src/world
edit/executor.js:581:13)

    console.warn
          ΓÜá No 
acknowledgment received 
for: //set stone

    [0m [90m 651 |[39m 
      } [36melse[39m {
     [90m 652 |[39m     
    [90m// No response = 
timeout[39m
    
[31m[1m>[22m[39m[90m 
653 |[39m         console
[33m.[39mwarn([32m`    
ΓÜá No acknowledgment 
received for: ${command}`
[39m)[33m;[39m
     [90m     |[39m     
            
[31m[1m^[22m[39m
     [90m 654 |[39m     
    console[33m.[39mwarn
([32m`      This could 
indicate: plugin lag, 
chat spam filter, or 
command 
failure`[39m)[33m;[39m
     [90m 655 |[39m
     [90m 656 |[39m     
    [90m// Record 
timeout with circuit 
breaker[39m[0m

      at WorldEditExecutor
.executeCommand (src/world
edit/executor.js:653:17)
      at 
Object.<anonymous> (tests/
worldedit/ack-patterns.tes
t.js:182:22)

    console.warn
            This could 
indicate: plugin lag, 
chat spam filter, or 
command failure

    [0m [90m 652 |[39m 
        [90m// No 
response = timeout[39m
     [90m 653 |[39m     
    console[33m.[39mwarn
([32m`    ΓÜá No 
acknowledgment received 
for: ${command}`[39m)[33
m;[39m
    
[31m[1m>[22m[39m[90m 
654 |[39m         console
[33m.[39mwarn([32m`    
  This could indicate: 
plugin lag, chat spam 
filter, or command 
failure`[39m)[33m;[39m
     [90m     |[39m     
            
[31m[1m^[22m[39m
     [90m 655 |[39m
     [90m 656 |[39m     
    [90m// Record 
timeout with circuit 
breaker[39m
     [90m 657 |[39m     
    [36mthis[39m[33m.[
39mcircuitBreaker[33m.[3
9mrecordTimeout()[33m;[3
9m[0m

      at WorldEditExecutor
.executeCommand (src/world
edit/executor.js:654:17)
      at 
Object.<anonymous> (tests/
worldedit/ack-patterns.tes
t.js:182:22)

    console.log
        [WorldEdit] //set 
stone

      at WorldEditExecutor
.executeCommand (src/world
edit/executor.js:581:13)

    console.log
        [WorldEdit] //set 
stone

      at WorldEditExecutor
.executeCommand (src/world
edit/executor.js:581:13)

    console.log
        [WorldEdit] //set 
stone

      at WorldEditExecutor
.executeCommand (src/world
edit/executor.js:581:13)

    console.warn
          ΓÜá Operation 
completed but changed 0 
blocks: //set stone

    [0m [90m 633 |[39m
     [90m 634 |[39m     
    [36mif[39m 
(blocksChanged 
[33m===[39m [35m0[39m 
[33m||[39m lower[33m.[
39mincludes([32m'no 
blocks'[39m)) {
    
[31m[1m>[22m[39m[90m 
635 |[39m           conso
le[33m.[39mwarn([32m`  
  ΓÜá Operation completed 
but changed 0 blocks: ${co
mmand}`[39m)[33m;[39m
     [90m     |[39m     
              
[31m[1m^[22m[39m
     [90m 636 |[39m     
      console[33m.[39mwa
rn([32m`      This may 
indicate selection issues 
or empty 
region`[39m)[33m;[39m
     [90m 637 |[39m     
    }
     [90m 638 |[39m[0m

      at WorldEditExecutor
.executeCommand (src/world
edit/executor.js:635:19)
      at 
Object.<anonymous> (tests/
worldedit/ack-patterns.tes
t.js:361:22)

    console.warn
            This may 
indicate selection issues 
or empty region

    [0m [90m 634 |[39m 
        [36mif[39m 
(blocksChanged 
[33m===[39m [35m0[39m 
[33m||[39m lower[33m.[
39mincludes([32m'no 
blocks'[39m)) {
     [90m 635 |[39m     
      console[33m.[39mwa
rn([32m`    ΓÜá 
Operation completed but 
changed 0 blocks: ${comman
d}`[39m)[33m;[39m
    
[31m[1m>[22m[39m[90m 
636 |[39m           conso
le[33m.[39mwarn([32m`  
    This may indicate 
selection issues or empty 
region`[39m)[33m;[39m
     [90m     |[39m     
              
[31m[1m^[22m[39m
     [90m 637 |[39m     
    }
     [90m 638 |[39m
     [90m 639 |[39m     
    [90m// Parse actual 
bounds from response (or 
use expected if 
available)[39m[0m

      at WorldEditExecutor
.executeCommand (src/world
edit/executor.js:636:19)
      at 
Object.<anonymous> (tests/
worldedit/ack-patterns.tes
t.js:361:22)

PASS tests/integration/pip
eline.test.js
  ΓùÅ Console

    console.log
      Γ£ô Loaded config 
from: C:\repos\B.O.B\confi
g\bob.config.json

      at 
loadExternalConfig (src/co
nfig/limits.js:36:17)

PASS tests/utils/coordinat
e-parser.test.js
PASS tests/utils/scaffoldi
ng-helper.test.js
  ΓùÅ Console

    console.log
      Γ£ô Loaded config 
from: C:\repos\B.O.B\confi
g\bob.config.json

      at 
loadExternalConfig (src/co
nfig/limits.js:36:17)

    console.warn
      ΓÜá Scaffolding 
height 136 exceeds max 64

    [0m [90m 65 |[39m
     [90m 66 |[39m      
   [36mif[39m 
(heightNeeded [33m>[39m 
[36mthis[39m[33m.[39mm
axHeight) {
    
[31m[1m>[22m[39m[90m 
67 |[39m             cons
ole[33m.[39mwarn([32m`Γ
Üá Scaffolding height 
${heightNeeded} exceeds 
max ${this.maxHeight}`[39
m)[33m;[39m
     [90m    |[39m      
               
[31m[1m^[22m[39m
     [90m 68 |[39m      
       [36mreturn[39m 
[36mfalse[39m[33m;[39m
     [90m 69 |[39m      
   }
     [90m 70 |[39m[0m

      at ScaffoldingHelper
.buildScaffoldingTo (src/u
tils/scaffolding-helper.js
:67:21)
      at 
Object.<anonymous> (tests/
utils/scaffolding-helper.t
est.js:93:45)

    console.log
        ΓåÆ Building 
scaffolding: 16 blocks up

      at ScaffoldingHelper
.buildScaffoldingTo (src/u
tils/scaffolding-helper.js
:71:17)

    console.log
        Γ£ô Scaffolding 
complete: 13 blocks

      at ScaffoldingHelper
.buildScaffoldingTo (src/u
tils/scaffolding-helper.js
:95:17)

    console.log
        ΓåÆ Cleaning up 3 
scaffolding blocks...

      at 
ScaffoldingHelper.cleanup 
(src/utils/scaffolding-hel
per.js:149:17)

    console.log
        Γ£ô Removed 3 
scaffolding blocks

      at 
ScaffoldingHelper.cleanup 
(src/utils/scaffolding-hel
per.js:166:17)

    console.log
        Scaffolding 
cleanup disabled, leaving 
in place

      at 
ScaffoldingHelper.cleanup 
(src/utils/scaffolding-hel
per.js:141:21)

    console.log
        ΓåÆ Cleaning up 3 
scaffolding blocks...

      at 
ScaffoldingHelper.cleanup 
(src/utils/scaffolding-hel
per.js:149:17)

    console.log
        Γ£ô Removed 3 
scaffolding blocks

      at 
ScaffoldingHelper.cleanup 
(src/utils/scaffolding-hel
per.js:166:17)

PASS tests/schemas/validat
or.test.js
PASS tests/builder_v2/sche
mas.test.js
PASS tests/builder_v2/dete
rminism.test.js
  ΓùÅ Console

    console.log
      Γ£ô Loaded config 
from: C:\repos\B.O.B\confi
g\bob.config.json

      at 
loadExternalConfig (src/co
nfig/limits.js:36:17)

    console.log
        [PlanCompiler] 
Compiling scene: Test 
Structure

      at compilePlan (src/
builder_v2/plan/compiler.j
s:28:11)

    console.log
        [PlanCompiler] 
Seed: 12345

      at compilePlan (src/
builder_v2/plan/compiler.j
s:29:11)

    console.log
        [PlanCompiler] 
Theme: medieval, Palette 
keys: primary, secondary, 
accent

      at compilePlan (src/
builder_v2/plan/compiler.j
s:39:11)

    console.log
        [PlanCompiler] 
Expanded 2 components 
into 396 primitives

      at compilePlan (src/
builder_v2/plan/compiler.j
s:56:11)

    console.log
        [PlanCompiler] 
Applied detail pass: 
lighting (+4 primitives)

      at compilePlan (src/
builder_v2/plan/compiler.j
s:64:13)

    console.log
        [PlanCompiler] 
Plan hash: 
6f4c283e31f433c3...

      at compilePlan (src/
builder_v2/plan/compiler.j
s:121:11)

    console.log
        [PlanCompiler] 
Stats: 1937 blocks, 7 
types

      at compilePlan (src/
builder_v2/plan/compiler.j
s:122:11)

    console.log
        [PlanCompiler] 
Compiling scene: Test 
Structure

      at compilePlan (src/
builder_v2/plan/compiler.j
s:28:11)

    console.log
        [PlanCompiler] 
Seed: 12345

      at compilePlan (src/
builder_v2/plan/compiler.j
s:29:11)

    console.log
        [PlanCompiler] 
Theme: medieval, Palette 
keys: primary, secondary, 
accent

      at compilePlan (src/
builder_v2/plan/compiler.j
s:39:11)

    console.log
        [PlanCompiler] 
Expanded 2 components 
into 396 primitives

      at compilePlan (src/
builder_v2/plan/compiler.j
s:56:11)

    console.log
        [PlanCompiler] 
Applied detail pass: 
lighting (+4 primitives)

      at compilePlan (src/
builder_v2/plan/compiler.j
s:64:13)

    console.log
        [PlanCompiler] 
Plan hash: 
6f4c283e31f433c3...

      at compilePlan (src/
builder_v2/plan/compiler.j
s:121:11)

    console.log
        [PlanCompiler] 
Stats: 1937 blocks, 7 
types

      at compilePlan (src/
builder_v2/plan/compiler.j
s:122:11)

    console.log
        [PlanCompiler] 
Compiling scene: Test 
Structure

      at compilePlan (src/
builder_v2/plan/compiler.j
s:28:11)

    console.log
        [PlanCompiler] 
Seed: 12345

      at compilePlan (src/
builder_v2/plan/compiler.j
s:29:11)

    console.log
        [PlanCompiler] 
Theme: medieval, Palette 
keys: primary, secondary, 
accent

      at compilePlan (src/
builder_v2/plan/compiler.j
s:39:11)

    console.log
        [PlanCompiler] 
Expanded 2 components 
into 396 primitives

      at compilePlan (src/
builder_v2/plan/compiler.j
s:56:11)

    console.log
        [PlanCompiler] 
Applied detail pass: 
lighting (+4 primitives)

      at compilePlan (src/
builder_v2/plan/compiler.j
s:64:13)

    console.log
        [PlanCompiler] 
Plan hash: 
6f4c283e31f433c3...

      at compilePlan (src/
builder_v2/plan/compiler.j
s:121:11)

    console.log
        [PlanCompiler] 
Stats: 1937 blocks, 7 
types

      at compilePlan (src/
builder_v2/plan/compiler.j
s:122:11)

    console.log
        [PlanCompiler] 
Compiling scene: Test 
Structure

      at compilePlan (src/
builder_v2/plan/compiler.j
s:28:11)

    console.log
        [PlanCompiler] 
Seed: 54321

      at compilePlan (src/
builder_v2/plan/compiler.j
s:29:11)

    console.log
        [PlanCompiler] 
Theme: medieval, Palette 
keys: primary, secondary, 
accent

      at compilePlan (src/
builder_v2/plan/compiler.j
s:39:11)

    console.log
        [PlanCompiler] 
Expanded 2 components 
into 396 primitives

      at compilePlan (src/
builder_v2/plan/compiler.j
s:56:11)

    console.log
        [PlanCompiler] 
Applied detail pass: 
lighting (+5 primitives)

      at compilePlan (src/
builder_v2/plan/compiler.j
s:64:13)

    console.log
        [PlanCompiler] 
Plan hash: 
e1f95696370c5abe...

      at compilePlan (src/
builder_v2/plan/compiler.j
s:121:11)

    console.log
        [PlanCompiler] 
Stats: 1938 blocks, 7 
types

      at compilePlan (src/
builder_v2/plan/compiler.j
s:122:11)

    console.log
        [PlanCompiler] 
Compiling scene: Test 
Structure

      at compilePlan (src/
builder_v2/plan/compiler.j
s:28:11)

    console.log
        [PlanCompiler] 
Seed: 12345

      at compilePlan (src/
builder_v2/plan/compiler.j
s:29:11)

    console.log
        [PlanCompiler] 
Theme: medieval, Palette 
keys: primary, secondary, 
accent

      at compilePlan (src/
builder_v2/plan/compiler.j
s:39:11)

    console.log
        [PlanCompiler] 
Expanded 2 components 
into 396 primitives

      at compilePlan (src/
builder_v2/plan/compiler.j
s:56:11)

    console.log
        [PlanCompiler] 
Applied detail pass: 
lighting (+4 primitives)

      at compilePlan (src/
builder_v2/plan/compiler.j
s:64:13)

    console.log
        [PlanCompiler] 
Plan hash: 
6f4c283e31f433c3...

      at compilePlan (src/
builder_v2/plan/compiler.j
s:121:11)

    console.log
        [PlanCompiler] 
Stats: 1937 blocks, 7 
types

      at compilePlan (src/
builder_v2/plan/compiler.j
s:122:11)

    console.log
        [PlanCompiler] 
Compiling scene: Test 
Structure

      at compilePlan (src/
builder_v2/plan/compiler.j
s:28:11)

    console.log
        [PlanCompiler] 
Seed: 12345

      at compilePlan (src/
builder_v2/plan/compiler.j
s:29:11)

    console.log
        [PlanCompiler] 
Theme: medieval, Palette 
keys: primary, secondary, 
accent

      at compilePlan (src/
builder_v2/plan/compiler.j
s:39:11)

    console.log
        [PlanCompiler] 
Expanded 2 components 
into 396 primitives

      at compilePlan (src/
builder_v2/plan/compiler.j
s:56:11)

    console.log
        [PlanCompiler] 
Applied detail pass: 
lighting (+4 primitives)

      at compilePlan (src/
builder_v2/plan/compiler.j
s:64:13)

    console.log
        [PlanCompiler] 
Plan hash: 
6f4c283e31f433c3...

      at compilePlan (src/
builder_v2/plan/compiler.j
s:121:11)

    console.log
        [PlanCompiler] 
Stats: 1937 blocks, 7 
types

      at compilePlan (src/
builder_v2/plan/compiler.j
s:122:11)

    console.log
        [PlanCompiler] 
Compiling scene: Test 
Structure

      at compilePlan (src/
builder_v2/plan/compiler.j
s:28:11)

    console.log
        [PlanCompiler] 
Seed: 99999

      at compilePlan (src/
builder_v2/plan/compiler.j
s:29:11)

    console.log
        [PlanCompiler] 
Theme: medieval, Palette 
keys: primary, secondary, 
accent

      at compilePlan (src/
builder_v2/plan/compiler.j
s:39:11)

    console.log
        [PlanCompiler] 
Expanded 2 components 
into 396 primitives

      at compilePlan (src/
builder_v2/plan/compiler.j
s:56:11)

    console.log
        [PlanCompiler] 
Applied detail pass: 
lighting (+3 primitives)

      at compilePlan (src/
builder_v2/plan/compiler.j
s:64:13)

    console.log
        [PlanCompiler] 
Plan hash: 
d48e7fbb984648b4...

      at compilePlan (src/
builder_v2/plan/compiler.j
s:121:11)

    console.log
        [PlanCompiler] 
Stats: 1936 blocks, 7 
types

      at compilePlan (src/
builder_v2/plan/compiler.j
s:122:11)

    console.log
        [PlanCompiler] 
Compiling scene: Test 
Structure

      at compilePlan (src/
builder_v2/plan/compiler.j
s:28:11)

    console.log
        [PlanCompiler] 
Seed: 99999

      at compilePlan (src/
builder_v2/plan/compiler.j
s:29:11)

    console.log
        [PlanCompiler] 
Theme: medieval, Palette 
keys: primary, secondary, 
accent

      at compilePlan (src/
builder_v2/plan/compiler.j
s:39:11)

    console.log
        [PlanCompiler] 
Expanded 2 components 
into 396 primitives

      at compilePlan (src/
builder_v2/plan/compiler.j
s:56:11)

    console.log
        [PlanCompiler] 
Applied detail pass: 
lighting (+3 primitives)

      at compilePlan (src/
builder_v2/plan/compiler.j
s:64:13)

    console.log
        [PlanCompiler] 
Plan hash: 
d48e7fbb984648b4...

      at compilePlan (src/
builder_v2/plan/compiler.j
s:121:11)

    console.log
        [PlanCompiler] 
Stats: 1936 blocks, 7 
types

      at compilePlan (src/
builder_v2/plan/compiler.j
s:122:11)

    console.log
        [PlanCompiler] 
Compiling scene: Test

      at compilePlan (src/
builder_v2/plan/compiler.j
s:28:11)

    console.log
        [PlanCompiler] 
Seed: 11111

      at compilePlan (src/
builder_v2/plan/compiler.j
s:29:11)

    console.log
        [PlanCompiler] 
Theme: default, Palette 
keys: primary, secondary, 
accent

      at compilePlan (src/
builder_v2/plan/compiler.j
s:39:11)

    console.log
        [PlanCompiler] 
Expanded 1 components 
into 1 primitives

      at compilePlan (src/
builder_v2/plan/compiler.j
s:56:11)

    console.log
        [PlanCompiler] 
Plan hash: 
a8e742fc454d0fa8...

      at compilePlan (src/
builder_v2/plan/compiler.j
s:121:11)

    console.log
        [PlanCompiler] 
Stats: 125 blocks, 1 types

      at compilePlan (src/
builder_v2/plan/compiler.j
s:122:11)

    console.log
        
[PlacementCompiler] 
Compiling placement for 1 
primitives

      at compilePlacement 
(src/builder_v2/compile/pl
acement-compiler.js:27:11)

    console.log
        
[PlacementCompiler] WE 
batches: 1, Vanilla: 0

      at compilePlacement 
(src/builder_v2/compile/pl
acement-compiler.js:106:11
)

    console.log
        
[PlacementCompiler] Est. 
time: 1.1s

      at compilePlacement 
(src/builder_v2/compile/pl
acement-compiler.js:107:11
)

    console.log
        
[PlacementCompiler] 
Compiling placement for 1 
primitives

      at compilePlacement 
(src/builder_v2/compile/pl
acement-compiler.js:27:11)

    console.log
        
[PlacementCompiler] WE 
batches: 1, Vanilla: 0

      at compilePlacement 
(src/builder_v2/compile/pl
acement-compiler.js:106:11
)

    console.log
        
[PlacementCompiler] Est. 
time: 1.1s

      at compilePlacement 
(src/builder_v2/compile/pl
acement-compiler.js:107:11
)

PASS tests/utils/pathfindi
ng-helper.test.js
PASS tests/stages/builder-
optimized.test.js (10.872 
s)
  ΓùÅ Console

    console.log
      Γ£ô Loaded config 
from: C:\repos\B.O.B\confi
g\bob.config.json

      at 
loadExternalConfig (src/co
nfig/limits.js:36:17)

    console.log
        [WorldEdit] //sel 
cuboid

      at WorldEditExecutor
.executeCommand (src/world
edit/executor.js:581:13)

    console.log
        [WorldEdit] 
//pos1 0,0,0

      at WorldEditExecutor
.executeCommand (src/world
edit/executor.js:581:13)

    console.log
        [WorldEdit] 
//pos2 1,1,1

      at WorldEditExecutor
.executeCommand (src/world
edit/executor.js:581:13)

    console.log
        [WorldEdit] //set 
stone

      at WorldEditExecutor
.executeCommand (src/world
edit/executor.js:581:13)

    console.log
        [WorldEdit] //sel 
cuboid

      at WorldEditExecutor
.executeCommand (src/world
edit/executor.js:581:13)

    console.log
        [WorldEdit] 
//pos1 0,0,0

      at WorldEditExecutor
.executeCommand (src/world
edit/executor.js:581:13)

    console.log
        [WorldEdit] 
//pos2 1,1,1

      at WorldEditExecutor
.executeCommand (src/world
edit/executor.js:581:13)

    console.log
        [WorldEdit] 
//walls stone

      at WorldEditExecutor
.executeCommand (src/world
edit/executor.js:581:13)

    console.log
          ΓåÆ Teleporting 
to target (distance 100.0)

      at 
Builder.teleportAndVerify 
(src/stages/5-builder.js:1
257:13)

    console.warn
          ΓÜá Teleport 
position mismatch (may 
still work)

    [0m [90m 1292 |[39m
     [90m 1293 |[39m    
 [90m// Moved but not to 
exact target - partial 
success[39m
    
[31m[1m>[22m[39m[90m 
1294 |[39m     console[3
3m.[39mwarn([32m`    
ΓÜá Teleport position 
mismatch (may still 
work)`[39m)[33m;[39m
     [90m      |[39m    
         
[31m[1m^[22m[39m
     [90m 1295 |[39m    
 [36mreturn[39m 
[36mtrue[39m[33m;[39m
     [90m 1296 |[39m   }
     [90m 1297 |[39m[0m

      at 
Builder.teleportAndVerify 
(src/stages/5-builder.js:1
294:13)
      at Builder.executeWo
rldEditSphere (src/stages/
5-builder.js:1360:24)
      at 
Object.<anonymous> (tests/
stages/builder-optimized.t
est.js:90:13)

    console.log
        [WorldEdit] 
//sphere stone 5

      at WorldEditExecutor
.executeCommand (src/world
edit/executor.js:581:13)

    console.log
          ΓåÆ Teleporting 
to target (distance 100.0)

      at 
Builder.teleportAndVerify 
(src/stages/5-builder.js:1
257:13)

    console.warn
          ΓÜá Teleport 
position mismatch (may 
still work)

    [0m [90m 1292 |[39m
     [90m 1293 |[39m    
 [90m// Moved but not to 
exact target - partial 
success[39m
    
[31m[1m>[22m[39m[90m 
1294 |[39m     console[3
3m.[39mwarn([32m`    
ΓÜá Teleport position 
mismatch (may still 
work)`[39m)[33m;[39m
     [90m      |[39m    
         
[31m[1m^[22m[39m
     [90m 1295 |[39m    
 [36mreturn[39m 
[36mtrue[39m[33m;[39m
     [90m 1296 |[39m   }
     [90m 1297 |[39m[0m

      at 
Builder.teleportAndVerify 
(src/stages/5-builder.js:1
294:13)
      at 
Object.<anonymous> (tests/
stages/builder-optimized.t
est.js:102:13)

PASS tests/validation/worl
d-validator.test.js
PASS tests/stages/validato
r-namespaces.test.js
  ΓùÅ Console

    console.log
      Γ£ô Loaded config 
from: C:\repos\B.O.B\confi
g\bob.config.json

      at 
loadExternalConfig (src/co
nfig/limits.js:36:17)

    console.log
      Γ£ô Blueprint 
validation passed

      at 
validateBlueprint (src/sta
ges/4-validator.js:275:15)

    console.log
        Quality score: 
98.0%

      at 
validateBlueprint (src/sta
ges/4-validator.js:276:15)

    console.log
        Total operations: 
1

      at 
validateBlueprint (src/sta
ges/4-validator.js:281:15)

    console.log
      Γ£ô Blueprint 
validation passed

      at 
validateBlueprint (src/sta
ges/4-validator.js:275:15)

    console.log
        Quality score: 
100.0%

      at 
validateBlueprint (src/sta
ges/4-validator.js:276:15)

    console.log
        Total operations: 
1

      at 
validateBlueprint (src/sta
ges/4-validator.js:281:15)

PASS tests/utils/blueprint
-sanitizer.test.js
  ΓùÅ Console

    console.log
      Sanitizing 
blueprint...

      at BlueprintSanitize
r.sanitize (src/utils/blue
print-sanitizer.js:56:17)

    console.log
        ΓÜá Auto-fixed 
block: oak_wood_planks -> 
oak_wood

      at BlueprintSanitize
r.validateBlock (src/utils
/blueprint-sanitizer.js:15
5:21)

    console.log
      Γ£ô Sanitizer fixed 
1 issues

      at BlueprintSanitize
r.sanitize (src/utils/blue
print-sanitizer.js:69:21)

    console.log
      Sanitizing 
blueprint...

      at BlueprintSanitize
r.sanitize (src/utils/blue
print-sanitizer.js:56:17)

    console.log
      Sanitizing 
blueprint...

      at BlueprintSanitize
r.sanitize (src/utils/blue
print-sanitizer.js:56:17)

    console.warn
        ΓÜá Unknown block 
'super_fake_block_9000', 
falling back to stone

    [0m [90m 159 |[39m
     [90m 160 |[39m     
    [90m// Fallback to 
stone if completely 
unknown[39m
    
[31m[1m>[22m[39m[90m 
161 |[39m         console
[33m.[39mwarn([32m`  
ΓÜá Unknown block 
'${cleanName}', falling 
back to 
stone`[39m)[33m;[39m
     [90m     |[39m     
            
[31m[1m^[22m[39m
     [90m 162 |[39m     
    [36mthis[39m[33m.[
39mfixedCount[33m++[39m
[33m;[39m
     [90m 163 |[39m     
    [36mreturn[39m [32m
'stone'[39m[33m;[39m
     [90m 164 |[39m     
}[0m

      at BlueprintSanitize
r.validateBlock (src/utils
/blueprint-sanitizer.js:16
1:17)
      at BlueprintSanitize
r.sanitizeSteps (src/utils
/blueprint-sanitizer.js:85
:35)
      at BlueprintSanitize
r.sanitize (src/utils/blue
print-sanitizer.js:60:18)
      at 
Object.<anonymous> (tests/
utils/blueprint-sanitizer.
test.js:44:19)

    console.log
      Γ£ô Sanitizer fixed 
1 issues

      at BlueprintSanitize
r.sanitize (src/utils/blue
print-sanitizer.js:69:21)

PASS tests/llm/model-facto
ry.test.js
  ΓùÅ Console

    console.log
      Γ£ô Loaded config 
from: C:\repos\B.O.B\confi
g\bob.config.json

      at 
loadExternalConfig (src/co
nfig/limits.js:36:17)

PASS tests/builder_v2/styl
e.test.js
  ΓùÅ Console

    console.error
      [StyleEngine] No 
valid substitute for compl
etely_invalid_block_xyz, 
using stone

    [0m [90m 271 |[39m
     [90m 272 |[39m   
[90m// Last resort: 
return stone[39m
    
[31m[1m>[22m[39m[90m 
273 |[39m   console[33m.
[39merror([32m`[StyleEng
ine] No valid substitute 
for ${token}, using 
stone`[39m)[33m;[39m
     [90m     |[39m     
      [31m[1m^[22m[39m
     [90m 274 |[39m   
[36mreturn[39m [32m'sto
ne'[39m[33m;[39m
     [90m 275 |[39m }
     [90m 276 |[39m[0m

      at resolveBlock (src
/builder_v2/style/engine.j
s:273:11)
      at 
Object.<anonymous> (tests/
builder_v2/style.test.js:6
4:20)

PASS tests/operations/pixe
l-art-edge-cases.test.js
  ΓùÅ Console

    console.log
        Generated 1024 
pixel art placements

      at pixelArt (src/ope
rations/pixel-art.js:101:1
1)

    console.log
        Generated 3 pixel 
art placements

      at pixelArt (src/ope
rations/pixel-art.js:101:1
1)

    console.log
        Generated 1 pixel 
art placements

      at pixelArt (src/ope
rations/pixel-art.js:101:1
1)

    console.log
        Generated 1 pixel 
art placements

      at pixelArt (src/ope
rations/pixel-art.js:101:1
1)

    console.log
        Generated 1 pixel 
art placements

      at pixelArt (src/ope
rations/pixel-art.js:101:1
1)

    console.log
        Generated 1 pixel 
art placements

      at pixelArt (src/ope
rations/pixel-art.js:101:1
1)

PASS tests/operations/fill
.test.js
PASS tests/worldedit/execu
tor.test.js (16.81 s)
  ΓùÅ Console

    console.log
      Γ£ô Loaded config 
from: C:\repos\B.O.B\confi
g\bob.config.json

      at 
loadExternalConfig (src/co
nfig/limits.js:36:17)

    console.log
      Detecting WorldEdit 
plugin...

      at WorldEditExecutor
.detectWorldEdit (src/worl
dedit/executor.js:385:15)

    console.log
      Γ£ô WorldEdit 
detected via //sel command

      at WorldEditExecutor
.detectWorldEdit (src/worl
dedit/executor.js:406:17)

    console.log
      Detecting WorldEdit 
plugin...

      at WorldEditExecutor
.detectWorldEdit (src/worl
dedit/executor.js:385:15)

    console.log
        No //sel 
response, trying 
//version...

      at WorldEditExecutor
.detectWorldEdit (src/worl
dedit/executor.js:411:15)

    console.log
      Γ£ô WorldEdit 
detected: WorldEdit 
version 7.2.15...

      at WorldEditExecutor
.detectWorldEdit (src/worl
dedit/executor.js:428:17)

    console.log
      Detecting WorldEdit 
plugin...

      at WorldEditExecutor
.detectWorldEdit (src/worl
dedit/executor.js:385:15)

    console.log
        No //sel 
response, trying 
//version...

      at WorldEditExecutor
.detectWorldEdit (src/worl
dedit/executor.js:411:15)

    console.log
      Γ£ù WorldEdit not 
available: no response to 
commands

      at WorldEditExecutor
.detectWorldEdit (src/worl
dedit/executor.js:432:15)

    console.log
      Γ£ù WorldEdit not 
available: bot.chat not 
available

      at WorldEditExecutor
.detectWorldEdit (src/worl
dedit/executor.js:379:15)

    console.log
      WorldEdit disabled 
in configuration

      at WorldEditExecutor
.detectWorldEdit (src/worl
dedit/executor.js:373:15)

    console.log
        [WorldEdit] //set 
stone

      at WorldEditExecutor
.executeCommand (src/world
edit/executor.js:581:13)

    console.log
        [WorldEdit] //set 
stone

      at WorldEditExecutor
.executeCommand (src/world
edit/executor.js:581:13)

    console.error
          Γ£ù WorldEdit 
error: PERMISSION_DENIED 
- No permission to use 
this command

    [0m [90m 618 |[39m 
          error[33m.[39m
suggestedFix [33m=[39m e
rrorInfo[33m.[39msuggest
edFix[33m;[39m
     [90m 619 |[39m     
      
error[33m.[39mcommand 
[33m=[39m 
command[33m;[39m
    
[31m[1m>[22m[39m[90m 
620 |[39m           conso
le[33m.[39merror([32m` 
   Γ£ù WorldEdit error: 
${errorInfo.type} - ${resp
onse}`[39m)[33m;[39m
     [90m     |[39m     
              
[31m[1m^[22m[39m
     [90m 621 |[39m     
      console[33m.[39mer
ror([32m`      Command: $
{command}`[39m)[33m;[39
m
     [90m 622 |[39m     
      console[33m.[39mer
ror([32m`      
Suggestion: ${errorInfo.su
ggestedFix}`[39m)[33m;[
39m
     [90m 623 |[39m     
      [36mthrow[39m 
error[33m;[39m[0m

      at WorldEditExecutor
.executeCommand (src/world
edit/executor.js:620:19)
      at 
Object.<anonymous> (tests/
worldedit/executor.test.js
:132:7)

    console.error
            Command: 
//set stone

    [0m [90m 619 |[39m 
          
error[33m.[39mcommand 
[33m=[39m 
command[33m;[39m
     [90m 620 |[39m     
      console[33m.[39mer
ror([32m`    Γ£ù 
WorldEdit error: 
${errorInfo.type} - ${resp
onse}`[39m)[33m;[39m
    
[31m[1m>[22m[39m[90m 
621 |[39m           conso
le[33m.[39merror([32m` 
     Command: ${command}`
[39m)[33m;[39m
     [90m     |[39m     
              
[31m[1m^[22m[39m
     [90m 622 |[39m     
      console[33m.[39mer
ror([32m`      
Suggestion: ${errorInfo.su
ggestedFix}`[39m)[33m;[
39m
     [90m 623 |[39m     
      [36mthrow[39m 
error[33m;[39m
     [90m 624 |[39m     
    }[0m

      at WorldEditExecutor
.executeCommand (src/world
edit/executor.js:621:19)
      at 
Object.<anonymous> (tests/
worldedit/executor.test.js
:132:7)

    console.error
            Suggestion: 
Check that the bot has 
WorldEdit permissions

    [0m [90m 620 |[39m 
          console[33m.[3
9merror([32m`    Γ£ù 
WorldEdit error: 
${errorInfo.type} - ${resp
onse}`[39m)[33m;[39m
     [90m 621 |[39m     
      console[33m.[39mer
ror([32m`      Command: $
{command}`[39m)[33m;[39
m
    
[31m[1m>[22m[39m[90m 
622 |[39m           conso
le[33m.[39merror([32m` 
     Suggestion: ${errorIn
fo.suggestedFix}`[39m)[3
3m;[39m
     [90m     |[39m     
              
[31m[1m^[22m[39m
     [90m 623 |[39m     
      [36mthrow[39m 
error[33m;[39m
     [90m 624 |[39m     
    }
     [90m 625 |[39m[0m

      at WorldEditExecutor
.executeCommand (src/world
edit/executor.js:622:19)
      at 
Object.<anonymous> (tests/
worldedit/executor.test.js
:132:7)

    console.log
        [WorldEdit] //set 
stone

      at WorldEditExecutor
.executeCommand (src/world
edit/executor.js:581:13)

    console.error
          Γ£ù WorldEdit 
error: 
COMMAND_NOT_RECOGNIZED - 
Unknown command

    [0m [90m 618 |[39m 
          error[33m.[39m
suggestedFix [33m=[39m e
rrorInfo[33m.[39msuggest
edFix[33m;[39m
     [90m 619 |[39m     
      
error[33m.[39mcommand 
[33m=[39m 
command[33m;[39m
    
[31m[1m>[22m[39m[90m 
620 |[39m           conso
le[33m.[39merror([32m` 
   Γ£ù WorldEdit error: 
${errorInfo.type} - ${resp
onse}`[39m)[33m;[39m
     [90m     |[39m     
              
[31m[1m^[22m[39m
     [90m 621 |[39m     
      console[33m.[39mer
ror([32m`      Command: $
{command}`[39m)[33m;[39
m
     [90m 622 |[39m     
      console[33m.[39mer
ror([32m`      
Suggestion: ${errorInfo.su
ggestedFix}`[39m)[33m;[
39m
     [90m 623 |[39m     
      [36mthrow[39m 
error[33m;[39m[0m

      at WorldEditExecutor
.executeCommand (src/world
edit/executor.js:620:19)
      at 
Object.<anonymous> (tests/
worldedit/executor.test.js
:146:7)

    console.error
            Command: 
//set stone

    [0m [90m 619 |[39m 
          
error[33m.[39mcommand 
[33m=[39m 
command[33m;[39m
     [90m 620 |[39m     
      console[33m.[39mer
ror([32m`    Γ£ù 
WorldEdit error: 
${errorInfo.type} - ${resp
onse}`[39m)[33m;[39m
    
[31m[1m>[22m[39m[90m 
621 |[39m           conso
le[33m.[39merror([32m` 
     Command: ${command}`
[39m)[33m;[39m
     [90m     |[39m     
              
[31m[1m^[22m[39m
     [90m 622 |[39m     
      console[33m.[39mer
ror([32m`      
Suggestion: ${errorInfo.su
ggestedFix}`[39m)[33m;[
39m
     [90m 623 |[39m     
      [36mthrow[39m 
error[33m;[39m
     [90m 624 |[39m     
    }[0m

      at WorldEditExecutor
.executeCommand (src/world
edit/executor.js:621:19)
      at 
Object.<anonymous> (tests/
worldedit/executor.test.js
:146:7)

    console.error
            Suggestion: 
Check command syntax and 
WorldEdit version

    [0m [90m 620 |[39m 
          console[33m.[3
9merror([32m`    Γ£ù 
WorldEdit error: 
${errorInfo.type} - ${resp
onse}`[39m)[33m;[39m
     [90m 621 |[39m     
      console[33m.[39mer
ror([32m`      Command: $
{command}`[39m)[33m;[39
m
    
[31m[1m>[22m[39m[90m 
622 |[39m           conso
le[33m.[39merror([32m` 
     Suggestion: ${errorIn
fo.suggestedFix}`[39m)[3
3m;[39m
     [90m     |[39m     
              
[31m[1m^[22m[39m
     [90m 623 |[39m     
      [36mthrow[39m 
error[33m;[39m
     [90m 624 |[39m     
    }
     [90m 625 |[39m[0m

      at WorldEditExecutor
.executeCommand (src/world
edit/executor.js:622:19)
      at 
Object.<anonymous> (tests/
worldedit/executor.test.js
:146:7)

    console.log
        [WorldEdit] //set 
stone

      at WorldEditExecutor
.executeCommand (src/world
edit/executor.js:581:13)

    console.warn
          ΓÜá No 
acknowledgment received 
for: //set stone

    [0m [90m 651 |[39m 
      } [36melse[39m {
     [90m 652 |[39m     
    [90m// No response = 
timeout[39m
    
[31m[1m>[22m[39m[90m 
653 |[39m         console
[33m.[39mwarn([32m`    
ΓÜá No acknowledgment 
received for: ${command}`
[39m)[33m;[39m
     [90m     |[39m     
            
[31m[1m^[22m[39m
     [90m 654 |[39m     
    console[33m.[39mwarn
([32m`      This could 
indicate: plugin lag, 
chat spam filter, or 
command 
failure`[39m)[33m;[39m
     [90m 655 |[39m
     [90m 656 |[39m     
    [90m// Record 
timeout with circuit 
breaker[39m[0m

      at WorldEditExecutor
.executeCommand (src/world
edit/executor.js:653:17)
      at 
Object.<anonymous> (tests/
worldedit/executor.test.js
:156:22)

    console.warn
            This could 
indicate: plugin lag, 
chat spam filter, or 
command failure

    [0m [90m 652 |[39m 
        [90m// No 
response = timeout[39m
     [90m 653 |[39m     
    console[33m.[39mwarn
([32m`    ΓÜá No 
acknowledgment received 
for: ${command}`[39m)[33
m;[39m
    
[31m[1m>[22m[39m[90m 
654 |[39m         console
[33m.[39mwarn([32m`    
  This could indicate: 
plugin lag, chat spam 
filter, or command 
failure`[39m)[33m;[39m
     [90m     |[39m     
            
[31m[1m^[22m[39m
     [90m 655 |[39m
     [90m 656 |[39m     
    [90m// Record 
timeout with circuit 
breaker[39m
     [90m 657 |[39m     
    [36mthis[39m[33m.[
39mcircuitBreaker[33m.[3
9mrecordTimeout()[33m;[3
9m[0m

      at WorldEditExecutor
.executeCommand (src/world
edit/executor.js:654:17)
      at 
Object.<anonymous> (tests/
worldedit/executor.test.js
:156:22)

    console.log
        [WorldEdit] 
//brush sphere sand 5

      at WorldEditExecutor
.executeCommand (src/world
edit/executor.js:581:13)

    console.log
        [WorldEdit] //sel 
cuboid

      at WorldEditExecutor
.executeCommand (src/world
edit/executor.js:581:13)

    console.log
        [WorldEdit] 
//pos1 0,0,0

      at WorldEditExecutor
.executeCommand (src/world
edit/executor.js:581:13)

    console.log
        [WorldEdit] //set 
stone

      at WorldEditExecutor
.executeCommand (src/world
edit/executor.js:581:13)

    console.log
        [WorldEdit] //set 
stone

      at WorldEditExecutor
.executeCommand (src/world
edit/executor.js:581:13)

    console.log
        [WorldEdit] //sel 
cuboid

      at WorldEditExecutor
.executeCommand (src/world
edit/executor.js:581:13)

    console.log
        [WorldEdit] //set 
stone

      at WorldEditExecutor
.executeCommand (src/world
edit/executor.js:581:13)

    console.log
        [WorldEdit] 
//pos1 0,0,0

      at WorldEditExecutor
.executeCommand (src/world
edit/executor.js:581:13)

    console.log
        [WorldEdit] 
//walls oak_planks

      at WorldEditExecutor
.executeCommand (src/world
edit/executor.js:581:13)

    console.log
      Undoing 2 WorldEdit 
operations...

      at 
WorldEditExecutor.undoAll 
(src/worldedit/executor.js
:1420:13)

    console.log
        [WorldEdit] //undo

      at WorldEditExecutor
.executeCommand (src/world
edit/executor.js:581:13)

    console.log
        [WorldEdit] //undo

      at WorldEditExecutor
.executeCommand (src/world
edit/executor.js:581:13)

    console.log
        [WorldEdit] //set 
stone

      at WorldEditExecutor
.executeCommand (src/world
edit/executor.js:581:13)

    console.warn
      ΓÜá Spam warning 
detected, increasing 
delays...

    [0m [90m 305 |[39m 
          textLower[33m.
[39mincludes([32m'slow 
down'[39m) [33m||[39m
     [90m 306 |[39m     
      textLower[33m.[39m
includes([32m'wait'[39m)
) {
    
[31m[1m>[22m[39m[90m 
307 |[39m           conso
le[33m.[39mwarn([32m'ΓÜ
á Spam warning detected, 
increasing delays...'[39m
)[33m;[39m
     [90m     |[39m     
              
[31m[1m^[22m[39m
     [90m 308 |[39m     
      [36mthis[39m[33m.
[39mspamDetected 
[33m=[39m 
[36mtrue[39m[33m;[39m
     [90m 309 |[39m     
      [36mthis[39m[33m.
[39mbackoffMultiplier 
[33m=[39m [33mMath[39m
[33m.[39mmin([36mthis[
39m[33m.[39mbackoffMulti
plier [33m*[39m 
[35m2[39m[33m,[39m 
[35m4.0[39m)[33m;[39m
     [90m 310 |[39m     
    }[0m

      at src/worldedit/exe
cutor.js:307:19
      at tests/worldedit/e
xecutor.test.js:21:51
          at 
Array.forEach 
(<anonymous>)
      at Object.emit (test
s/worldedit/executor.test.
js:21:32)
      at 
Object.<anonymous> (tests/
worldedit/executor.test.js
:274:15)

    console.warn
      ΓÜá Spam warning 
detected, increasing 
delays...

    [0m [90m 305 |[39m 
          textLower[33m.
[39mincludes([32m'slow 
down'[39m) [33m||[39m
     [90m 306 |[39m     
      textLower[33m.[39m
includes([32m'wait'[39m)
) {
    
[31m[1m>[22m[39m[90m 
307 |[39m           conso
le[33m.[39mwarn([32m'ΓÜ
á Spam warning detected, 
increasing delays...'[39m
)[33m;[39m
     [90m     |[39m     
              
[31m[1m^[22m[39m
     [90m 308 |[39m     
      [36mthis[39m[33m.
[39mspamDetected 
[33m=[39m 
[36mtrue[39m[33m;[39m
     [90m 309 |[39m     
      [36mthis[39m[33m.
[39mbackoffMultiplier 
[33m=[39m [33mMath[39m
[33m.[39mmin([36mthis[
39m[33m.[39mbackoffMulti
plier [33m*[39m 
[35m2[39m[33m,[39m 
[35m4.0[39m)[33m;[39m
     [90m 310 |[39m     
    }[0m

      at src/worldedit/exe
cutor.js:307:19
      at tests/worldedit/e
xecutor.test.js:21:51
          at 
Array.forEach 
(<anonymous>)
      at Object.emit (test
s/worldedit/executor.test.
js:21:32)
      at 
Object.<anonymous> (tests/
worldedit/executor.test.js
:279:15)

    console.warn
      ΓÜá Spam warning 
detected, increasing 
delays...

    [0m [90m 305 |[39m 
          textLower[33m.
[39mincludes([32m'slow 
down'[39m) [33m||[39m
     [90m 306 |[39m     
      textLower[33m.[39m
includes([32m'wait'[39m)
) {
    
[31m[1m>[22m[39m[90m 
307 |[39m           conso
le[33m.[39mwarn([32m'ΓÜ
á Spam warning detected, 
increasing delays...'[39m
)[33m;[39m
     [90m     |[39m     
              
[31m[1m^[22m[39m
     [90m 308 |[39m     
      [36mthis[39m[33m.
[39mspamDetected 
[33m=[39m 
[36mtrue[39m[33m;[39m
     [90m 309 |[39m     
      [36mthis[39m[33m.
[39mbackoffMultiplier 
[33m=[39m [33mMath[39m
[33m.[39mmin([36mthis[
39m[33m.[39mbackoffMulti
plier [33m*[39m 
[35m2[39m[33m,[39m 
[35m4.0[39m)[33m;[39m
     [90m 310 |[39m     
    }[0m

      at src/worldedit/exe
cutor.js:307:19
      at tests/worldedit/e
xecutor.test.js:21:51
          at 
Array.forEach 
(<anonymous>)
      at Object.emit (test
s/worldedit/executor.test.
js:21:32)
      at 
Object.<anonymous> (tests/
worldedit/executor.test.js
:289:17)

    console.warn
      ΓÜá Spam warning 
detected, increasing 
delays...

    [0m [90m 305 |[39m 
          textLower[33m.
[39mincludes([32m'slow 
down'[39m) [33m||[39m
     [90m 306 |[39m     
      textLower[33m.[39m
includes([32m'wait'[39m)
) {
    
[31m[1m>[22m[39m[90m 
307 |[39m           conso
le[33m.[39mwarn([32m'ΓÜ
á Spam warning detected, 
increasing delays...'[39m
)[33m;[39m
     [90m     |[39m     
              
[31m[1m^[22m[39m
     [90m 308 |[39m     
      [36mthis[39m[33m.
[39mspamDetected 
[33m=[39m 
[36mtrue[39m[33m;[39m
     [90m 309 |[39m     
      [36mthis[39m[33m.
[39mbackoffMultiplier 
[33m=[39m [33mMath[39m
[33m.[39mmin([36mthis[
39m[33m.[39mbackoffMulti
plier [33m*[39m 
[35m2[39m[33m,[39m 
[35m4.0[39m)[33m;[39m
     [90m 310 |[39m     
    }[0m

      at src/worldedit/exe
cutor.js:307:19
      at tests/worldedit/e
xecutor.test.js:21:51
          at 
Array.forEach 
(<anonymous>)
      at Object.emit (test
s/worldedit/executor.test.
js:21:32)
      at 
Object.<anonymous> (tests/
worldedit/executor.test.js
:289:17)

    console.warn
      ΓÜá Spam warning 
detected, increasing 
delays...

    [0m [90m 305 |[39m 
          textLower[33m.
[39mincludes([32m'slow 
down'[39m) [33m||[39m
     [90m 306 |[39m     
      textLower[33m.[39m
includes([32m'wait'[39m)
) {
    
[31m[1m>[22m[39m[90m 
307 |[39m           conso
le[33m.[39mwarn([32m'ΓÜ
á Spam warning detected, 
increasing delays...'[39m
)[33m;[39m
     [90m     |[39m     
              
[31m[1m^[22m[39m
     [90m 308 |[39m     
      [36mthis[39m[33m.
[39mspamDetected 
[33m=[39m 
[36mtrue[39m[33m;[39m
     [90m 309 |[39m     
      [36mthis[39m[33m.
[39mbackoffMultiplier 
[33m=[39m [33mMath[39m
[33m.[39mmin([36mthis[
39m[33m.[39mbackoffMulti
plier [33m*[39m 
[35m2[39m[33m,[39m 
[35m4.0[39m)[33m;[39m
     [90m 310 |[39m     
    }[0m

      at src/worldedit/exe
cutor.js:307:19
      at tests/worldedit/e
xecutor.test.js:21:51
          at 
Array.forEach 
(<anonymous>)
      at Object.emit (test
s/worldedit/executor.test.
js:21:32)
      at 
Object.<anonymous> (tests/
worldedit/executor.test.js
:289:17)

    console.warn
      ΓÜá Spam warning 
detected, increasing 
delays...

    [0m [90m 305 |[39m 
          textLower[33m.
[39mincludes([32m'slow 
down'[39m) [33m||[39m
     [90m 306 |[39m     
      textLower[33m.[39m
includes([32m'wait'[39m)
) {
    
[31m[1m>[22m[39m[90m 
307 |[39m           conso
le[33m.[39mwarn([32m'ΓÜ
á Spam warning detected, 
increasing delays...'[39m
)[33m;[39m
     [90m     |[39m     
              
[31m[1m^[22m[39m
     [90m 308 |[39m     
      [36mthis[39m[33m.
[39mspamDetected 
[33m=[39m 
[36mtrue[39m[33m;[39m
     [90m 309 |[39m     
      [36mthis[39m[33m.
[39mbackoffMultiplier 
[33m=[39m [33mMath[39m
[33m.[39mmin([36mthis[
39m[33m.[39mbackoffMulti
plier [33m*[39m 
[35m2[39m[33m,[39m 
[35m4.0[39m)[33m;[39m
     [90m 310 |[39m     
    }[0m

      at src/worldedit/exe
cutor.js:307:19
      at tests/worldedit/e
xecutor.test.js:21:51
          at 
Array.forEach 
(<anonymous>)
      at Object.emit (test
s/worldedit/executor.test.
js:21:32)
      at 
Object.<anonymous> (tests/
worldedit/executor.test.js
:289:17)

    console.warn
      ΓÜá Spam warning 
detected, increasing 
delays...

    [0m [90m 305 |[39m 
          textLower[33m.
[39mincludes([32m'slow 
down'[39m) [33m||[39m
     [90m 306 |[39m     
      textLower[33m.[39m
includes([32m'wait'[39m)
) {
    
[31m[1m>[22m[39m[90m 
307 |[39m           conso
le[33m.[39mwarn([32m'ΓÜ
á Spam warning detected, 
increasing delays...'[39m
)[33m;[39m
     [90m     |[39m     
              
[31m[1m^[22m[39m
     [90m 308 |[39m     
      [36mthis[39m[33m.
[39mspamDetected 
[33m=[39m 
[36mtrue[39m[33m;[39m
     [90m 309 |[39m     
      [36mthis[39m[33m.
[39mbackoffMultiplier 
[33m=[39m [33mMath[39m
[33m.[39mmin([36mthis[
39m[33m.[39mbackoffMulti
plier [33m*[39m 
[35m2[39m[33m,[39m 
[35m4.0[39m)[33m;[39m
     [90m 310 |[39m     
    }[0m

      at src/worldedit/exe
cutor.js:307:19
      at tests/worldedit/e
xecutor.test.js:21:51
          at 
Array.forEach 
(<anonymous>)
      at Object.emit (test
s/worldedit/executor.test.
js:21:32)
      at 
Object.<anonymous> (tests/
worldedit/executor.test.js
:289:17)

    console.warn
      ΓÜá Spam warning 
detected, increasing 
delays...

    [0m [90m 305 |[39m 
          textLower[33m.
[39mincludes([32m'slow 
down'[39m) [33m||[39m
     [90m 306 |[39m     
      textLower[33m.[39m
includes([32m'wait'[39m)
) {
    
[31m[1m>[22m[39m[90m 
307 |[39m           conso
le[33m.[39mwarn([32m'ΓÜ
á Spam warning detected, 
increasing delays...'[39m
)[33m;[39m
     [90m     |[39m     
              
[31m[1m^[22m[39m
     [90m 308 |[39m     
      [36mthis[39m[33m.
[39mspamDetected 
[33m=[39m 
[36mtrue[39m[33m;[39m
     [90m 309 |[39m     
      [36mthis[39m[33m.
[39mbackoffMultiplier 
[33m=[39m [33mMath[39m
[33m.[39mmin([36mthis[
39m[33m.[39mbackoffMulti
plier [33m*[39m 
[35m2[39m[33m,[39m 
[35m4.0[39m)[33m;[39m
     [90m 310 |[39m     
    }[0m

      at src/worldedit/exe
cutor.js:307:19
      at tests/worldedit/e
xecutor.test.js:21:51
          at 
Array.forEach 
(<anonymous>)
      at Object.emit (test
s/worldedit/executor.test.
js:21:32)
      at 
Object.<anonymous> (tests/
worldedit/executor.test.js
:289:17)

    console.warn
      ΓÜá Spam warning 
detected, increasing 
delays...

    [0m [90m 305 |[39m 
          textLower[33m.
[39mincludes([32m'slow 
down'[39m) [33m||[39m
     [90m 306 |[39m     
      textLower[33m.[39m
includes([32m'wait'[39m)
) {
    
[31m[1m>[22m[39m[90m 
307 |[39m           conso
le[33m.[39mwarn([32m'ΓÜ
á Spam warning detected, 
increasing delays...'[39m
)[33m;[39m
     [90m     |[39m     
              
[31m[1m^[22m[39m
     [90m 308 |[39m     
      [36mthis[39m[33m.
[39mspamDetected 
[33m=[39m 
[36mtrue[39m[33m;[39m
     [90m 309 |[39m     
      [36mthis[39m[33m.
[39mbackoffMultiplier 
[33m=[39m [33mMath[39m
[33m.[39mmin([36mthis[
39m[33m.[39mbackoffMulti
plier [33m*[39m 
[35m2[39m[33m,[39m 
[35m4.0[39m)[33m;[39m
     [90m 310 |[39m     
    }[0m

      at src/worldedit/exe
cutor.js:307:19
      at tests/worldedit/e
xecutor.test.js:21:51
          at 
Array.forEach 
(<anonymous>)
      at Object.emit (test
s/worldedit/executor.test.
js:21:32)
      at 
Object.<anonymous> (tests/
worldedit/executor.test.js
:289:17)

    console.warn
      ΓÜá Spam warning 
detected, increasing 
delays...

    [0m [90m 305 |[39m 
          textLower[33m.
[39mincludes([32m'slow 
down'[39m) [33m||[39m
     [90m 306 |[39m     
      textLower[33m.[39m
includes([32m'wait'[39m)
) {
    
[31m[1m>[22m[39m[90m 
307 |[39m           conso
le[33m.[39mwarn([32m'ΓÜ
á Spam warning detected, 
increasing delays...'[39m
)[33m;[39m
     [90m     |[39m     
              
[31m[1m^[22m[39m
     [90m 308 |[39m     
      [36mthis[39m[33m.
[39mspamDetected 
[33m=[39m 
[36mtrue[39m[33m;[39m
     [90m 309 |[39m     
      [36mthis[39m[33m.
[39mbackoffMultiplier 
[33m=[39m [33mMath[39m
[33m.[39mmin([36mthis[
39m[33m.[39mbackoffMulti
plier [33m*[39m 
[35m2[39m[33m,[39m 
[35m4.0[39m)[33m;[39m
     [90m 310 |[39m     
    }[0m

      at src/worldedit/exe
cutor.js:307:19
      at tests/worldedit/e
xecutor.test.js:21:51
          at 
Array.forEach 
(<anonymous>)
      at Object.emit (test
s/worldedit/executor.test.
js:21:32)
      at 
Object.<anonymous> (tests/
worldedit/executor.test.js
:289:17)

    console.warn
      ΓÜá Spam warning 
detected, increasing 
delays...

    [0m [90m 305 |[39m 
          textLower[33m.
[39mincludes([32m'slow 
down'[39m) [33m||[39m
     [90m 306 |[39m     
      textLower[33m.[39m
includes([32m'wait'[39m)
) {
    
[31m[1m>[22m[39m[90m 
307 |[39m           conso
le[33m.[39mwarn([32m'ΓÜ
á Spam warning detected, 
increasing delays...'[39m
)[33m;[39m
     [90m     |[39m     
              
[31m[1m^[22m[39m
     [90m 308 |[39m     
      [36mthis[39m[33m.
[39mspamDetected 
[33m=[39m 
[36mtrue[39m[33m;[39m
     [90m 309 |[39m     
      [36mthis[39m[33m.
[39mbackoffMultiplier 
[33m=[39m [33mMath[39m
[33m.[39mmin([36mthis[
39m[33m.[39mbackoffMulti
plier [33m*[39m 
[35m2[39m[33m,[39m 
[35m4.0[39m)[33m;[39m
     [90m 310 |[39m     
    }[0m

      at src/worldedit/exe
cutor.js:307:19
      at tests/worldedit/e
xecutor.test.js:21:51
          at 
Array.forEach 
(<anonymous>)
      at Object.emit (test
s/worldedit/executor.test.
js:21:32)
      at 
Object.<anonymous> (tests/
worldedit/executor.test.js
:289:17)

    console.warn
      ΓÜá Spam warning 
detected, increasing 
delays...

    [0m [90m 305 |[39m 
          textLower[33m.
[39mincludes([32m'slow 
down'[39m) [33m||[39m
     [90m 306 |[39m     
      textLower[33m.[39m
includes([32m'wait'[39m)
) {
    
[31m[1m>[22m[39m[90m 
307 |[39m           conso
le[33m.[39mwarn([32m'ΓÜ
á Spam warning detected, 
increasing delays...'[39m
)[33m;[39m
     [90m     |[39m     
              
[31m[1m^[22m[39m
     [90m 308 |[39m     
      [36mthis[39m[33m.
[39mspamDetected 
[33m=[39m 
[36mtrue[39m[33m;[39m
     [90m 309 |[39m     
      [36mthis[39m[33m.
[39mbackoffMultiplier 
[33m=[39m [33mMath[39m
[33m.[39mmin([36mthis[
39m[33m.[39mbackoffMulti
plier [33m*[39m 
[35m2[39m[33m,[39m 
[35m4.0[39m)[33m;[39m
     [90m 310 |[39m     
    }[0m

      at src/worldedit/exe
cutor.js:307:19
      at tests/worldedit/e
xecutor.test.js:21:51
          at 
Array.forEach 
(<anonymous>)
      at Object.emit (test
s/worldedit/executor.test.
js:21:32)
      at 
Object.<anonymous> (tests/
worldedit/executor.test.js
:289:17)

PASS tests/builder_v2/inte
nt.test.js
PASS tests/config/limits-e
nhanced.test.js
  ΓùÅ Console

    console.log
      Γ£ô Loaded config 
from: C:\repos\B.O.B\confi
g\bob.config.json

      at 
loadExternalConfig (src/co
nfig/limits.js:36:17)

PASS tests/stages/allowlis
t.test.js

Summary of all failing 
tests
FAIL tests/stages/planner.
test.js
  ΓùÅ Test suite failed 
to run

    Cannot find module '..
/../src/stages/2a-planner.
js' from 'tests/stages/pla
nner.test.js'

    [0m [90m 28 |[39m  
   requiresMultiStepPlanni
ng[33m,[39m
     [90m 29 |[39m     
mergeComponentBlueprints
    
[31m[1m>[22m[39m[90m 
30 |[39m } [33m=[39m 
[36mawait[39m [36mimpor
t[39m([32m'../../src/sta
ges/2a-planner.js'[39m)[
33m;[39m
     [90m    |[39m     
[31m[1m^[22m[39m
     [90m 31 |[39m
     [90m 32 |[39m 
describe([32m'Multi-Step 
Planner'[39m[33m,[39m 
() [33m=>[39m {
     [90m 33 |[39m     d
escribe([32m'requiresMult
iStepPlanning'[39m[33m,
[39m () [33m=>[39m {[0m

      at Resolver._throwMo
dNotFoundError (node_modul
es/jest-resolve/build/reso
lver.js:427:11)
      at tests/stages/plan
ner.test.js:30:5


Test Suites: 1 failed, 1 
skipped, 40 passed, 41 of 
42 total
Tests:       3 skipped, 
662 passed, 665 total
Snapshots:   0 total
Time:        23.797 s
Ran all test suites.
