
> build-orchestrating-bot@0.1.0 test
> cross-env NODE_OPTIONS=--experimental-vm-modules jest

npm : (node:40952) 
ExperimentalWarning: VM 
Modules is an 
experimental feature and 
might change at any time
At line:1 char:1
+ npm test 2>&1 | 
Out-File -FilePath 
test-output.txt -Encoding 
utf8
+ ~~~~~~~~~~~~~
    + CategoryInfo        
      : NotSpecified: ((  
  node:40952) Ex...nge    
 at any time:String) [    
], RemoteException
    + FullyQualifiedError 
   Id : NativeCommandErr  
  or
 
(Use `node 
--trace-warnings ...` to 
show where the warning 
was created)
PASS tests/operations/pixe
l-art.test.js
  ΓùÅ Console

    console.log
        Pixel art grid: 
2x2, legend: no

      at pixelArt (src/ope
rations/pixel-art.js:132:1
1)

    console.log
        Pixel art grid: 
3x3, legend: no

      at pixelArt (src/ope
rations/pixel-art.js:132:1
1)

    console.log
        Pixel art grid: 
2x1, legend: no

      at pixelArt (src/ope
rations/pixel-art.js:132:1
1)

    console.log
        Pixel art grid: 
2x1, legend: no

      at pixelArt (src/ope
rations/pixel-art.js:132:1
1)

    console.log
        Pixel art grid: 
2x1, legend: no

      at pixelArt (src/ope
rations/pixel-art.js:132:1
1)

    console.log
        Pixel art grid: 
1x1, legend: no

      at pixelArt (src/ope
rations/pixel-art.js:132:1
1)

    console.log
        Pixel art grid: 
8x8, legend: no

      at pixelArt (src/ope
rations/pixel-art.js:132:1
1)

(node:11676) 
ExperimentalWarning: VM 
Modules is an 
experimental feature and 
might change at any time
(Use `node 
--trace-warnings ...` to 
show where the warning 
was created)
FAIL tests/utils/pathfindi
ng-helper.test.js
  ΓùÅ Test suite failed 
to run

    SyntaxError: The 
requested module '../../sr
c/utils/pathfinding-helper
.js' does not provide an 
export named 'calculateApp
roachPosition'

      at Runtime.linkAndEv
aluateModule (node_modules
/jest-runtime/build/index.
js:708:5)

(node:3300) 
ExperimentalWarning: VM 
Modules is an 
experimental feature and 
might change at any time
(Use `node 
--trace-warnings ...` to 
show where the warning 
was created)
FAIL tests/utils/inventory
-manager.test.js
  ΓùÅ Test suite failed 
to run

    SyntaxError: The 
requested module '../../sr
c/utils/inventory-manager.
js' does not provide an 
export named 'calculateMat
erialRequirements'

      at Runtime.linkAndEv
aluateModule (node_modules
/jest-runtime/build/index.
js:708:5)

(node:38212) 
ExperimentalWarning: VM 
Modules is an 
experimental feature and 
might change at any time
(Use `node 
--trace-warnings ...` to 
show where the warning 
was created)
(node:31196) 
ExperimentalWarning: VM 
Modules is an 
experimental feature and 
might change at any time
(Use `node 
--trace-warnings ...` to 
show where the warning 
was created)
PASS tests/config/build-ty
pes.test.js
(node:45876) 
ExperimentalWarning: VM 
Modules is an 
experimental feature and 
might change at any time
(Use `node 
--trace-warnings ...` to 
show where the warning 
was created)
(node:46104) 
ExperimentalWarning: VM 
Modules is an 
experimental feature and 
might change at any time
(Use `node 
--trace-warnings ...` to 
show where the warning 
was created)
PASS tests/bugfixes/pixel-
art-regression.test.js
PASS tests/stages/allowlis
t.test.js
(node:44416) 
ExperimentalWarning: VM 
Modules is an 
experimental feature and 
might change at any time
(Use `node 
--trace-warnings ...` to 
show where the warning 
was created)
(node:46220) 
ExperimentalWarning: VM 
Modules is an 
experimental feature and 
might change at any time
(Use `node 
--trace-warnings ...` to 
show where the warning 
was created)
PASS tests/operations/fill
.test.js
(node:44416) PromiseReject
ionHandledWarning: 
Promise rejection was 
handled asynchronously 
(rejection id: 1)
(node:29692) 
ExperimentalWarning: VM 
Modules is an 
experimental feature and 
might change at any time
(Use `node 
--trace-warnings ...` to 
show where the warning 
was created)
PASS tests/schemas/validat
or.test.js
(node:10492) 
ExperimentalWarning: VM 
Modules is an 
experimental feature and 
might change at any time
(Use `node 
--trace-warnings ...` to 
show where the warning 
was created)
PASS tests/quality-control
.test.js
(node:50304) 
ExperimentalWarning: VM 
Modules is an 
experimental feature and 
might change at any time
(Use `node 
--trace-warnings ...` to 
show where the warning 
was created)
PASS tests/stages/validato
r.test.js
(node:47720) 
ExperimentalWarning: VM 
Modules is an 
experimental feature and 
might change at any time
(Use `node 
--trace-warnings ...` to 
show where the warning 
was created)
FAIL tests/integration/pip
eline.test.js
  ΓùÅ Integration Tests 
ΓÇ║ Three-Stage Pipeline 
ΓÇ║ should validate 
blueprint schema

    expect(received).toBe(
expected) // Object.is 
equality

    Expected: true
    Received: false

    [0m [90m 82 |[39m
     [90m 83 |[39m      
 [90m// Stage 3: 
Validate blueprint[39m
    
[31m[1m>[22m[39m[90m 
84 |[39m       expect(val
idateBlueprintSchema(bluep
rint))[33m.[39mtoBe([36
mtrue[39m)[33m;[39m
     [90m    |[39m      
                          
                  
[31m[1m^[22m[39m
     [90m 85 |[39m     
})[33m;[39m
     [90m 86 |[39m
     [90m 87 |[39m     
test([32m'should 
validate blueprint with 
WorldEdit operations'[39m
[33m,[39m () 
[33m=>[39m {[0m

      at 
Object.<anonymous> (tests/
integration/pipeline.test.
js:84:50)

  ΓùÅ Integration Tests 
ΓÇ║ Three-Stage Pipeline 
ΓÇ║ should validate 
blueprint with WorldEdit 
operations

    expect(received).toBe(
expected) // Object.is 
equality

    Expected: true
    Received: false

    [0m [90m 117 |[39m 
      }[33m;[39m
     [90m 118 |[39m
    
[31m[1m>[22m[39m[90m 
119 |[39m       expect(va
lidateBlueprintSchema(blue
print))[33m.[39mtoBe([3
6mtrue[39m)[33m;[39m
     [90m     |[39m     
                          
                   
[31m[1m^[22m[39m
     [90m 120 |[39m     
})[33m;[39m
     [90m 121 |[39m   
})[33m;[39m
     [90m 122 |[39m[0m

      at 
Object.<anonymous> (tests/
integration/pipeline.test.
js:119:50)

FAIL tests/stages/builder.
test.js
  ΓùÅ Console

    console.log
      Starting build 
execution...

      at 
Builder.executeBlueprint (
src/stages/5-builder.js:39
8:15)

    console.log
        Location: 0, 64, 0

      at 
Builder.executeBlueprint (
src/stages/5-builder.js:39
9:15)

    console.log
        Total steps: 1

      at 
Builder.executeBlueprint (
src/stages/5-builder.js:40
0:15)

    console.log
        WorldEdit: 
DISABLED

      at 
Builder.executeBlueprint (
src/stages/5-builder.js:40
1:15)

    console.log
      
      ΓåÆ Validating 
materials...

      at 
Builder.executeBlueprint (
src/stages/5-builder.js:40
4:15)

    console.log
      Γ£ô Creative mode - 
unlimited materials

      at 
Builder.executeBlueprint (
src/stages/5-builder.js:40
6:15)

    console.log
        ΓåÆ Auto-clearing 
build site...

      at 
Builder.autoClearArea (src
/stages/5-builder.js:173:1
3)

    console.log
          ΓÜá Auto-clear 
skipped (Vanilla clearing 
too slow)

      at 
Builder.autoClearArea (src
/stages/5-builder.js:199:1
5)

    console.log
        Step 1/1: set

      at 
Builder.executeBlueprint (
src/stages/5-builder.js:46
9:17)

    console.error
      Build execution 
failed: DEBUG is not 
defined

    [0m [90m 600 |[39m
     [90m 601 |[39m     
} [36mcatch[39m (error) 
{
    
[31m[1m>[22m[39m[90m 
602 |[39m       console[
33m.[39merror([32m`Build
 execution failed: ${error
.message}`[39m)[33m;[39
m
     [90m     |[39m     
          
[31m[1m^[22m[39m
     [90m 603 |[39m     
  [36mthrow[39m 
error[33m;[39m
     [90m 604 |[39m     
} [36mfinally[39m {
     [90m 605 |[39m     
  [36mthis[39m[33m.[39
mbuilding [33m=[39m [36
mfalse[39m[33m;[39m[0m

      at 
Builder.executeBlueprint (
src/stages/5-builder.js:60
2:15)

    console.log
      Starting build 
execution...

      at 
Builder.executeBlueprint (
src/stages/5-builder.js:39
8:15)
          at async 
Promise.all (index 1)

    console.log
        Location: 10, 64, 
10

      at 
Builder.executeBlueprint (
src/stages/5-builder.js:39
9:15)
          at async 
Promise.all (index 1)

    console.log
        Total steps: 1

      at 
Builder.executeBlueprint (
src/stages/5-builder.js:40
0:15)
          at async 
Promise.all (index 1)

    console.log
        WorldEdit: 
DISABLED

      at 
Builder.executeBlueprint (
src/stages/5-builder.js:40
1:15)
          at async 
Promise.all (index 1)

    console.log
      
      ΓåÆ Validating 
materials...

      at 
Builder.executeBlueprint (
src/stages/5-builder.js:40
4:15)
          at async 
Promise.all (index 1)

    console.log
      Γ£ô Creative mode - 
unlimited materials

      at 
Builder.executeBlueprint (
src/stages/5-builder.js:40
6:15)
          at async 
Promise.all (index 1)

    console.log
        ΓåÆ Auto-clearing 
build site...

      at 
Builder.autoClearArea (src
/stages/5-builder.js:173:1
3)
          at async 
Promise.all (index 1)

    console.log
          ΓÜá Auto-clear 
skipped (Vanilla clearing 
too slow)

      at 
Builder.autoClearArea (src
/stages/5-builder.js:199:1
5)
          at async 
Promise.all (index 1)

    console.log
        Step 1/1: set

      at 
Builder.executeBlueprint (
src/stages/5-builder.js:46
9:17)
          at async 
Promise.all (index 1)

    console.error
      Build execution 
failed: DEBUG is not 
defined

    [0m [90m 600 |[39m
     [90m 601 |[39m     
} [36mcatch[39m (error) 
{
    
[31m[1m>[22m[39m[90m 
602 |[39m       console[
33m.[39merror([32m`Build
 execution failed: ${error
.message}`[39m)[33m;[39
m
     [90m     |[39m     
          
[31m[1m^[22m[39m
     [90m 603 |[39m     
  [36mthrow[39m 
error[33m;[39m
     [90m 604 |[39m     
} [36mfinally[39m {
     [90m 605 |[39m     
  [36mthis[39m[33m.[39
mbuilding [33m=[39m [36
mfalse[39m[33m;[39m[0m

      at 
Builder.executeBlueprint (
src/stages/5-builder.js:60
2:15)
          at async 
Promise.all (index 1)

    console.error
      Build execution 
failed: Build already in 
progress

    [0m [90m 600 |[39m
     [90m 601 |[39m     
} [36mcatch[39m (error) 
{
    
[31m[1m>[22m[39m[90m 
602 |[39m       console[
33m.[39merror([32m`Build
 execution failed: ${error
.message}`[39m)[33m;[39
m
     [90m     |[39m     
          
[31m[1m^[22m[39m
     [90m 603 |[39m     
  [36mthrow[39m 
error[33m;[39m
     [90m 604 |[39m     
} [36mfinally[39m {
     [90m 605 |[39m     
  [36mthis[39m[33m.[39
mbuilding [33m=[39m [36
mfalse[39m[33m;[39m[0m

      at 
Builder.executeBlueprint (
src/stages/5-builder.js:60
2:15)
      at 
Object.<anonymous> (tests/
stages/builder.test.js:112
:7)

    console.log
      Starting build 
execution...

      at 
Builder.executeBlueprint (
src/stages/5-builder.js:39
8:15)

    console.log
        Location: 0, 64, 0

      at 
Builder.executeBlueprint (
src/stages/5-builder.js:39
9:15)

    console.log
        Total steps: 0

      at 
Builder.executeBlueprint (
src/stages/5-builder.js:40
0:15)

    console.log
        WorldEdit: 
DISABLED

      at 
Builder.executeBlueprint (
src/stages/5-builder.js:40
1:15)

    console.log
      
      ΓåÆ Validating 
materials...

      at 
Builder.executeBlueprint (
src/stages/5-builder.js:40
4:15)

    console.log
      Γ£ô Creative mode - 
unlimited materials

      at 
Builder.executeBlueprint (
src/stages/5-builder.js:40
6:15)

    console.log
        ΓåÆ Auto-clearing 
build site...

      at 
Builder.autoClearArea (src
/stages/5-builder.js:173:1
3)

    console.log
          ΓÜá Auto-clear 
skipped (Vanilla clearing 
too slow)

      at 
Builder.autoClearArea (src
/stages/5-builder.js:199:1
5)

    console.log
      Γ£ô Build completed 
in 0.0s

      at 
Builder.executeBlueprint (
src/stages/5-builder.js:57
6:15)

    console.log
        Blocks placed: 0

      at 
Builder.executeBlueprint (
src/stages/5-builder.js:57
7:15)

    console.log
        WorldEdit ops: 0

      at 
Builder.executeBlueprint (
src/stages/5-builder.js:58
4:15)

    console.log
      
      ΓöîΓöÇΓöÇΓöÇΓöÇΓöÇΓö
ÇΓöÇΓöÇΓöÇΓöÇΓöÇΓöÇΓöÇΓöÇΓ
öÇΓöÇΓöÇΓöÇΓöÇΓöÇΓöÇΓöÇΓöÇ
ΓöÇΓöÇΓöÇΓöÇΓöÇΓöÇΓöÇΓöÇΓö
ÇΓöÇΓöÇΓöÇΓöÇΓöÇΓöÇΓöÇΓöÇΓ
öÇΓöÇΓöÇΓöÇΓöÇΓöÇΓöÇΓöÇΓöÇ
ΓöÇΓöÇΓöÇΓöÇΓöÇΓöÇΓöÇΓöÇ

      at PerformanceMetric
s.printSummary (src/utils/
performance-metrics.js:79:
13)

    console.log
      Γöé ≡ƒôè BUILD 
PERFORMANCE METRICS

      at PerformanceMetric
s.printSummary (src/utils/
performance-metrics.js:80:
13)

    console.log
      Γö£ΓöÇΓöÇΓöÇΓöÇΓöÇΓö
ÇΓöÇΓöÇΓöÇΓöÇΓöÇΓöÇΓöÇΓöÇΓ
öÇΓöÇΓöÇΓöÇΓöÇΓöÇΓöÇΓöÇΓöÇ
ΓöÇΓöÇΓöÇΓöÇΓöÇΓöÇΓöÇΓöÇΓö
ÇΓöÇΓöÇΓöÇΓöÇΓöÇΓöÇΓöÇΓöÇΓ
öÇΓöÇΓöÇΓöÇΓöÇΓöÇΓöÇΓöÇΓöÇ
ΓöÇΓöÇΓöÇΓöÇΓöÇΓöÇΓöÇΓöÇ

      at PerformanceMetric
s.printSummary (src/utils/
performance-metrics.js:81:
13)

    console.log
      Γöé Total Blocks: 0

      at PerformanceMetric
s.printSummary (src/utils/
performance-metrics.js:82:
13)

    console.log
      Γöé Build Time: 0.0s

      at PerformanceMetric
s.printSummary (src/utils/
performance-metrics.js:83:
13)

    console.log
      Γö£ΓöÇΓöÇΓöÇΓöÇΓöÇΓö
ÇΓöÇΓöÇΓöÇΓöÇΓöÇΓöÇΓöÇΓöÇΓ
öÇΓöÇΓöÇΓöÇΓöÇΓöÇΓöÇΓöÇΓöÇ
ΓöÇΓöÇΓöÇΓöÇΓöÇΓöÇΓöÇΓöÇΓö
ÇΓöÇΓöÇΓöÇΓöÇΓöÇΓöÇΓöÇΓöÇΓ
öÇΓöÇΓöÇΓöÇΓöÇΓöÇΓöÇΓöÇΓöÇ
ΓöÇΓöÇΓöÇΓöÇΓöÇΓöÇΓöÇΓöÇ

      at PerformanceMetric
s.printSummary (src/utils/
performance-metrics.js:84:
13)

    console.log
      Γöé Operations:

      at PerformanceMetric
s.printSummary (src/utils/
performance-metrics.js:85:
13)

    console.log
      Γöé   WorldEdit: 0 
ops

      at PerformanceMetric
s.printSummary (src/utils/
performance-metrics.js:86:
13)

    console.log
      Γöé   Vanilla: 0 ops

      at PerformanceMetric
s.printSummary (src/utils/
performance-metrics.js:87:
13)

    console.log
      Γöé   Total: 0 ops

      at PerformanceMetric
s.printSummary (src/utils/
performance-metrics.js:88:
13)

    console.log
      Γö£ΓöÇΓöÇΓöÇΓöÇΓöÇΓö
ÇΓöÇΓöÇΓöÇΓöÇΓöÇΓöÇΓöÇΓöÇΓ
öÇΓöÇΓöÇΓöÇΓöÇΓöÇΓöÇΓöÇΓöÇ
ΓöÇΓöÇΓöÇΓöÇΓöÇΓöÇΓöÇΓöÇΓö
ÇΓöÇΓöÇΓöÇΓöÇΓöÇΓöÇΓöÇΓöÇΓ
öÇΓöÇΓöÇΓöÇΓöÇΓöÇΓöÇΓöÇΓöÇ
ΓöÇΓöÇΓöÇΓöÇΓöÇΓöÇΓöÇΓöÇ

      at PerformanceMetric
s.printSummary (src/utils/
performance-metrics.js:89:
13)

    console.log
      Γöé Batching 
Optimization:

      at PerformanceMetric
s.printSummary (src/utils/
performance-metrics.js:90:
13)

    console.log
      Γöé   Blocks 
Batched: 0 (0%)

      at PerformanceMetric
s.printSummary (src/utils/
performance-metrics.js:91:
13)

    console.log
      Γöé   Operations 
Saved: 0

      at PerformanceMetric
s.printSummary (src/utils/
performance-metrics.js:92:
13)

    console.log
      ΓööΓöÇΓöÇΓöÇΓöÇΓöÇΓö
ÇΓöÇΓöÇΓöÇΓöÇΓöÇΓöÇΓöÇΓöÇΓ
öÇΓöÇΓöÇΓöÇΓöÇΓöÇΓöÇΓöÇΓöÇ
ΓöÇΓöÇΓöÇΓöÇΓöÇΓöÇΓöÇΓöÇΓö
ÇΓöÇΓöÇΓöÇΓöÇΓöÇΓöÇΓöÇΓöÇΓ
öÇΓöÇΓöÇΓöÇΓöÇΓöÇΓöÇΓöÇΓöÇ
ΓöÇΓöÇΓöÇΓöÇΓöÇΓöÇΓöÇΓöÇ

      at PerformanceMetric
s.printSummary (src/utils/
performance-metrics.js:99:
13)

    console.log
      ΓöîΓöÇΓöÇΓöÇΓöÇΓöÇΓö
ÇΓöÇΓöÇΓöÇΓöÇΓöÇΓöÇΓöÇΓöÇΓ
öÇΓöÇΓöÇΓöÇΓöÇΓöÇΓöÇΓöÇΓöÇ
ΓöÇΓöÇΓöÇΓöÇΓöÇΓöÇΓöÇΓöÇΓö
ÇΓöÇΓöÇΓöÇΓöÇΓöÇΓöÇΓöÇΓöÇΓ
öÇΓöÇΓöÇΓöÇΓöÇΓöÇΓöÇΓöÇΓöÇ
ΓöÇΓöÇΓöÇΓöÇΓöÇΓöÇΓöÇΓöÇ

      at Builder.generateB
uildReport (src/stages/5-b
uilder.js:642:13)

    console.log
      Γöé BUILD REPORT

      at Builder.generateB
uildReport (src/stages/5-b
uilder.js:643:13)

    console.log
      Γö£ΓöÇΓöÇΓöÇΓöÇΓöÇΓö
ÇΓöÇΓöÇΓöÇΓöÇΓöÇΓöÇΓöÇΓöÇΓ
öÇΓöÇΓöÇΓöÇΓöÇΓöÇΓöÇΓöÇΓöÇ
ΓöÇΓöÇΓöÇΓöÇΓöÇΓöÇΓöÇΓöÇΓö
ÇΓöÇΓöÇΓöÇΓöÇΓöÇΓöÇΓöÇΓöÇΓ
öÇΓöÇΓöÇΓöÇΓöÇΓöÇΓöÇΓöÇΓöÇ
ΓöÇΓöÇΓöÇΓöÇΓöÇΓöÇΓöÇΓöÇ

      at Builder.generateB
uildReport (src/stages/5-b
uilder.js:644:13)

    console.log
      Γöé Type: undefined

      at Builder.generateB
uildReport (src/stages/5-b
uilder.js:645:13)

    console.log
      Γöé Size: 2x2x2

      at Builder.generateB
uildReport (src/stages/5-b
uilder.js:646:13)

    console.log
      Γöé Duration: 0s

      at Builder.generateB
uildReport (src/stages/5-b
uilder.js:647:13)

    console.log
      Γöé Blocks: 0 
(0.0/s)

      at Builder.generateB
uildReport (src/stages/5-b
uilder.js:648:13)

    console.log
      Γöé Success: Γ£ô

      at Builder.generateB
uildReport (src/stages/5-b
uilder.js:649:13)

    console.log
      ΓööΓöÇΓöÇΓöÇΓöÇΓöÇΓö
ÇΓöÇΓöÇΓöÇΓöÇΓöÇΓöÇΓöÇΓöÇΓ
öÇΓöÇΓöÇΓöÇΓöÇΓöÇΓöÇΓöÇΓöÇ
ΓöÇΓöÇΓöÇΓöÇΓöÇΓöÇΓöÇΓöÇΓö
ÇΓöÇΓöÇΓöÇΓöÇΓöÇΓöÇΓöÇΓöÇΓ
öÇΓöÇΓöÇΓöÇΓöÇΓöÇΓöÇΓöÇΓöÇ
ΓöÇΓöÇΓöÇΓöÇΓöÇΓöÇΓöÇΓöÇ

      at Builder.generateB
uildReport (src/stages/5-b
uilder.js:650:13)

    console.log
      Starting build 
execution...

      at 
Builder.executeBlueprint (
src/stages/5-builder.js:39
8:15)

    console.log
        Location: 0, 64, 0

      at 
Builder.executeBlueprint (
src/stages/5-builder.js:39
9:15)

    console.log
        Total steps: 1

      at 
Builder.executeBlueprint (
src/stages/5-builder.js:40
0:15)

    console.log
        WorldEdit: 
DISABLED

      at 
Builder.executeBlueprint (
src/stages/5-builder.js:40
1:15)

    console.log
      
      ΓåÆ Validating 
materials...

      at 
Builder.executeBlueprint (
src/stages/5-builder.js:40
4:15)

    console.log
      Γ£ô Creative mode - 
unlimited materials

      at 
Builder.executeBlueprint (
src/stages/5-builder.js:40
6:15)

    console.log
        ΓåÆ Auto-clearing 
build site...

      at 
Builder.autoClearArea (src
/stages/5-builder.js:173:1
3)

    console.log
          ΓÜá Auto-clear 
skipped (Vanilla clearing 
too slow)

      at 
Builder.autoClearArea (src
/stages/5-builder.js:199:1
5)

    console.log
        Step 1/1: 
nonexistent_op

      at 
Builder.executeBlueprint (
src/stages/5-builder.js:46
9:17)

    console.error
      Build execution 
failed: DEBUG is not 
defined

    [0m [90m 600 |[39m
     [90m 601 |[39m     
} [36mcatch[39m (error) 
{
    
[31m[1m>[22m[39m[90m 
602 |[39m       console[
33m.[39merror([32m`Build
 execution failed: ${error
.message}`[39m)[33m;[39
m
     [90m     |[39m     
          
[31m[1m^[22m[39m
     [90m 603 |[39m     
  [36mthrow[39m 
error[33m;[39m
     [90m 604 |[39m     
} [36mfinally[39m {
     [90m 605 |[39m     
  [36mthis[39m[33m.[39
mbuilding [33m=[39m [36
mfalse[39m[33m;[39m[0m

      at 
Builder.executeBlueprint (
src/stages/5-builder.js:60
2:15)
      at 
Object.<anonymous> (tests/
stages/builder.test.js:145
:9)

    console.log
          ΓåÆ Teleporting 
to target (distance 141.5)

      at 
Builder.teleportAndVerify 
(src/stages/5-builder.js:8
82:13)

    console.log
          ΓåÆ Teleported 
to 100, 70, 100

      at 
Builder.teleportAndVerify 
(src/stages/5-builder.js:9
02:17)

    console.log
          ΓåÆ Teleporting 
to target (distance 141.5)

      at 
Builder.teleportAndVerify 
(src/stages/5-builder.js:8
82:13)

    console.warn
          ΓÜá Teleport 
may have failed (no 
position change detected)

    [0m [90m 910 |[39m
     [90m 911 |[39m     
[36mif[39m 
([33m![39mmoved) {
    
[31m[1m>[22m[39m[90m 
912 |[39m       console[
33m.[39mwarn([32m`    
ΓÜá Teleport may have 
failed (no position 
change detected)`[39m)[3
3m;[39m
     [90m     |[39m     
          
[31m[1m^[22m[39m
     [90m 913 |[39m     
  console[33m.[39mwarn(
[32m`    ΓÜá Expected: 
${targetPos.x}, 
${targetPos.y}, ${targetPo
s.z}`[39m)[33m;[39m
     [90m 914 |[39m     
  console[33m.[39mwarn(
[32m`    ΓÜá Current: ${cu
rrentPos.x.toFixed(1)}, ${
currentPos.y.toFixed(1)}, 
${currentPos.z.toFixed(1)}
`[39m)[33m;[39m
     [90m 915 |[39m     
  [36mreturn[39m [36mfa
lse[39m[33m;[39m[0m

      at 
Builder.teleportAndVerify 
(src/stages/5-builder.js:9
12:15)
      at 
Object.<anonymous> (tests/
stages/builder.test.js:174
:22)

    console.warn
          ΓÜá Expected: 
100, 70, 100

    [0m [90m 911 |[39m 
    [36mif[39m 
([33m![39mmoved) {
     [90m 912 |[39m     
  console[33m.[39mwarn(
[32m`    ΓÜá Teleport may 
have failed (no position 
change detected)`[39m)[3
3m;[39m
    
[31m[1m>[22m[39m[90m 
913 |[39m       console[
33m.[39mwarn([32m`    
ΓÜá Expected: 
${targetPos.x}, 
${targetPos.y}, ${targetPo
s.z}`[39m)[33m;[39m
     [90m     |[39m     
          
[31m[1m^[22m[39m
     [90m 914 |[39m     
  console[33m.[39mwarn(
[32m`    ΓÜá Current: ${cu
rrentPos.x.toFixed(1)}, ${
currentPos.y.toFixed(1)}, 
${currentPos.z.toFixed(1)}
`[39m)[33m;[39m
     [90m 915 |[39m     
  [36mreturn[39m 
[36mfalse[39m[33m;[39m
     [90m 916 |[39m     
}[0m

      at 
Builder.teleportAndVerify 
(src/stages/5-builder.js:9
13:15)
      at 
Object.<anonymous> (tests/
stages/builder.test.js:174
:22)

    console.warn
          ΓÜá Current: 
0.0, 64.0, 0.0

    [0m [90m 912 |[39m 
      console[33m.[39mwa
rn([32m`    ΓÜá Teleport 
may have failed (no 
position change detected)`
[39m)[33m;[39m
     [90m 913 |[39m     
  console[33m.[39mwarn(
[32m`    ΓÜá Expected: 
${targetPos.x}, 
${targetPos.y}, ${targetPo
s.z}`[39m)[33m;[39m
    
[31m[1m>[22m[39m[90m 
914 |[39m       console[
33m.[39mwarn([32m`    
ΓÜá Current: ${currentPos.
x.toFixed(1)}, ${currentPo
s.y.toFixed(1)}, ${current
Pos.z.toFixed(1)}`[39m)[
33m;[39m
     [90m     |[39m     
          
[31m[1m^[22m[39m
     [90m 915 |[39m     
  [36mreturn[39m 
[36mfalse[39m[33m;[39m
     [90m 916 |[39m     
}
     [90m 917 |[39m[0m

      at 
Builder.teleportAndVerify 
(src/stages/5-builder.js:9
14:15)
      at 
Object.<anonymous> (tests/
stages/builder.test.js:174
:22)

    console.log
      Starting build 
execution...

      at 
Builder.executeBlueprint (
src/stages/5-builder.js:39
8:15)

    console.log
        Location: 0, 64, 0

      at 
Builder.executeBlueprint (
src/stages/5-builder.js:39
9:15)

    console.log
        Total steps: 1

      at 
Builder.executeBlueprint (
src/stages/5-builder.js:40
0:15)

    console.log
        WorldEdit: ENABLED

      at 
Builder.executeBlueprint (
src/stages/5-builder.js:40
1:15)

    console.log
      
      ΓåÆ Validating 
materials...

      at 
Builder.executeBlueprint (
src/stages/5-builder.js:40
4:15)

    console.log
      Γ£ô Creative mode - 
unlimited materials

      at 
Builder.executeBlueprint (
src/stages/5-builder.js:40
6:15)

    console.log
        ΓåÆ Auto-clearing 
build site...

      at 
Builder.autoClearArea (src
/stages/5-builder.js:173:1
3)

    console.log
          Γ£ô Site 
cleared (WorldEdit)

      at 
Builder.autoClearArea (src
/stages/5-builder.js:194:1
7)

    console.log
        Step 1/1: we_fill

      at 
Builder.executeBlueprint (
src/stages/5-builder.js:46
9:17)

    console.error
      Build execution 
failed: DEBUG is not 
defined

    [0m [90m 600 |[39m
     [90m 601 |[39m     
} [36mcatch[39m (error) 
{
    
[31m[1m>[22m[39m[90m 
602 |[39m       console[
33m.[39merror([32m`Build
 execution failed: ${error
.message}`[39m)[33m;[39
m
     [90m     |[39m     
          
[31m[1m^[22m[39m
     [90m 603 |[39m     
  [36mthrow[39m 
error[33m;[39m
     [90m 604 |[39m     
} [36mfinally[39m {
     [90m 605 |[39m     
  [36mthis[39m[33m.[39
mbuilding [33m=[39m [36
mfalse[39m[33m;[39m[0m

      at 
Builder.executeBlueprint (
src/stages/5-builder.js:60
2:15)
      at 
Object.<anonymous> (tests/
stages/builder.test.js:218
:7)

    console.log
      Starting build 
execution...

      at 
Builder.executeBlueprint (
src/stages/5-builder.js:39
8:15)

    console.log
        Location: 0, 64, 0

      at 
Builder.executeBlueprint (
src/stages/5-builder.js:39
9:15)

    console.log
        Total steps: 0

      at 
Builder.executeBlueprint (
src/stages/5-builder.js:40
0:15)

    console.log
        WorldEdit: 
DISABLED

      at 
Builder.executeBlueprint (
src/stages/5-builder.js:40
1:15)

    console.log
      
      ΓåÆ Validating 
materials...

      at 
Builder.executeBlueprint (
src/stages/5-builder.js:40
4:15)

    console.log
      Γ£ô Creative mode - 
unlimited materials

      at 
Builder.executeBlueprint (
src/stages/5-builder.js:40
6:15)

    console.log
        ΓåÆ Auto-clearing 
build site...

      at 
Builder.autoClearArea (src
/stages/5-builder.js:173:1
3)

    console.log
          ΓÜá Auto-clear 
skipped (Vanilla clearing 
too slow)

      at 
Builder.autoClearArea (src
/stages/5-builder.js:199:1
5)

    console.log
      Γ£ô Build completed 
in 0.0s

      at 
Builder.executeBlueprint (
src/stages/5-builder.js:57
6:15)

    console.log
        Blocks placed: 0

      at 
Builder.executeBlueprint (
src/stages/5-builder.js:57
7:15)

    console.log
        WorldEdit ops: 0

      at 
Builder.executeBlueprint (
src/stages/5-builder.js:58
4:15)

    console.log
      
      ΓöîΓöÇΓöÇΓöÇΓöÇΓöÇΓö
ÇΓöÇΓöÇΓöÇΓöÇΓöÇΓöÇΓöÇΓöÇΓ
öÇΓöÇΓöÇΓöÇΓöÇΓöÇΓöÇΓöÇΓöÇ
ΓöÇΓöÇΓöÇΓöÇΓöÇΓöÇΓöÇΓöÇΓö
ÇΓöÇΓöÇΓöÇΓöÇΓöÇΓöÇΓöÇΓöÇΓ
öÇΓöÇΓöÇΓöÇΓöÇΓöÇΓöÇΓöÇΓöÇ
ΓöÇΓöÇΓöÇΓöÇΓöÇΓöÇΓöÇΓöÇ

      at PerformanceMetric
s.printSummary (src/utils/
performance-metrics.js:79:
13)

    console.log
      Γöé ≡ƒôè BUILD 
PERFORMANCE METRICS

      at PerformanceMetric
s.printSummary (src/utils/
performance-metrics.js:80:
13)

    console.log
      Γö£ΓöÇΓöÇΓöÇΓöÇΓöÇΓö
ÇΓöÇΓöÇΓöÇΓöÇΓöÇΓöÇΓöÇΓöÇΓ
öÇΓöÇΓöÇΓöÇΓöÇΓöÇΓöÇΓöÇΓöÇ
ΓöÇΓöÇΓöÇΓöÇΓöÇΓöÇΓöÇΓöÇΓö
ÇΓöÇΓöÇΓöÇΓöÇΓöÇΓöÇΓöÇΓöÇΓ
öÇΓöÇΓöÇΓöÇΓöÇΓöÇΓöÇΓöÇΓöÇ
ΓöÇΓöÇΓöÇΓöÇΓöÇΓöÇΓöÇΓöÇ

      at PerformanceMetric
s.printSummary (src/utils/
performance-metrics.js:81:
13)

    console.log
      Γöé Total Blocks: 0

      at PerformanceMetric
s.printSummary (src/utils/
performance-metrics.js:82:
13)

    console.log
      Γöé Build Time: 0.0s

      at PerformanceMetric
s.printSummary (src/utils/
performance-metrics.js:83:
13)

    console.log
      Γö£ΓöÇΓöÇΓöÇΓöÇΓöÇΓö
ÇΓöÇΓöÇΓöÇΓöÇΓöÇΓöÇΓöÇΓöÇΓ
öÇΓöÇΓöÇΓöÇΓöÇΓöÇΓöÇΓöÇΓöÇ
ΓöÇΓöÇΓöÇΓöÇΓöÇΓöÇΓöÇΓöÇΓö
ÇΓöÇΓöÇΓöÇΓöÇΓöÇΓöÇΓöÇΓöÇΓ
öÇΓöÇΓöÇΓöÇΓöÇΓöÇΓöÇΓöÇΓöÇ
ΓöÇΓöÇΓöÇΓöÇΓöÇΓöÇΓöÇΓöÇ

      at PerformanceMetric
s.printSummary (src/utils/
performance-metrics.js:84:
13)

    console.log
      Γöé Operations:

      at PerformanceMetric
s.printSummary (src/utils/
performance-metrics.js:85:
13)

    console.log
      Γöé   WorldEdit: 0 
ops

      at PerformanceMetric
s.printSummary (src/utils/
performance-metrics.js:86:
13)

    console.log
      Γöé   Vanilla: 0 ops

      at PerformanceMetric
s.printSummary (src/utils/
performance-metrics.js:87:
13)

    console.log
      Γöé   Total: 0 ops

      at PerformanceMetric
s.printSummary (src/utils/
performance-metrics.js:88:
13)

    console.log
      Γö£ΓöÇΓöÇΓöÇΓöÇΓöÇΓö
ÇΓöÇΓöÇΓöÇΓöÇΓöÇΓöÇΓöÇΓöÇΓ
öÇΓöÇΓöÇΓöÇΓöÇΓöÇΓöÇΓöÇΓöÇ
ΓöÇΓöÇΓöÇΓöÇΓöÇΓöÇΓöÇΓöÇΓö
ÇΓöÇΓöÇΓöÇΓöÇΓöÇΓöÇΓöÇΓöÇΓ
öÇΓöÇΓöÇΓöÇΓöÇΓöÇΓöÇΓöÇΓöÇ
ΓöÇΓöÇΓöÇΓöÇΓöÇΓöÇΓöÇΓöÇ

      at PerformanceMetric
s.printSummary (src/utils/
performance-metrics.js:89:
13)

    console.log
      Γöé Batching 
Optimization:

      at PerformanceMetric
s.printSummary (src/utils/
performance-metrics.js:90:
13)

    console.log
      Γöé   Blocks 
Batched: 0 (0%)

      at PerformanceMetric
s.printSummary (src/utils/
performance-metrics.js:91:
13)

    console.log
      Γöé   Operations 
Saved: 0

      at PerformanceMetric
s.printSummary (src/utils/
performance-metrics.js:92:
13)

    console.log
      ΓööΓöÇΓöÇΓöÇΓöÇΓöÇΓö
ÇΓöÇΓöÇΓöÇΓöÇΓöÇΓöÇΓöÇΓöÇΓ
öÇΓöÇΓöÇΓöÇΓöÇΓöÇΓöÇΓöÇΓöÇ
ΓöÇΓöÇΓöÇΓöÇΓöÇΓöÇΓöÇΓöÇΓö
ÇΓöÇΓöÇΓöÇΓöÇΓöÇΓöÇΓöÇΓöÇΓ
öÇΓöÇΓöÇΓöÇΓöÇΓöÇΓöÇΓöÇΓöÇ
ΓöÇΓöÇΓöÇΓöÇΓöÇΓöÇΓöÇΓöÇ

      at PerformanceMetric
s.printSummary (src/utils/
performance-metrics.js:99:
13)

    console.log
      ΓöîΓöÇΓöÇΓöÇΓöÇΓöÇΓö
ÇΓöÇΓöÇΓöÇΓöÇΓöÇΓöÇΓöÇΓöÇΓ
öÇΓöÇΓöÇΓöÇΓöÇΓöÇΓöÇΓöÇΓöÇ
ΓöÇΓöÇΓöÇΓöÇΓöÇΓöÇΓöÇΓöÇΓö
ÇΓöÇΓöÇΓöÇΓöÇΓöÇΓöÇΓöÇΓöÇΓ
öÇΓöÇΓöÇΓöÇΓöÇΓöÇΓöÇΓöÇΓöÇ
ΓöÇΓöÇΓöÇΓöÇΓöÇΓöÇΓöÇΓöÇ

      at Builder.generateB
uildReport (src/stages/5-b
uilder.js:642:13)

    console.log
      Γöé BUILD REPORT

      at Builder.generateB
uildReport (src/stages/5-b
uilder.js:643:13)

    console.log
      Γö£ΓöÇΓöÇΓöÇΓöÇΓöÇΓö
ÇΓöÇΓöÇΓöÇΓöÇΓöÇΓöÇΓöÇΓöÇΓ
öÇΓöÇΓöÇΓöÇΓöÇΓöÇΓöÇΓöÇΓöÇ
ΓöÇΓöÇΓöÇΓöÇΓöÇΓöÇΓöÇΓöÇΓö
ÇΓöÇΓöÇΓöÇΓöÇΓöÇΓöÇΓöÇΓöÇΓ
öÇΓöÇΓöÇΓöÇΓöÇΓöÇΓöÇΓöÇΓöÇ
ΓöÇΓöÇΓöÇΓöÇΓöÇΓöÇΓöÇΓöÇ

      at Builder.generateB
uildReport (src/stages/5-b
uilder.js:644:13)

    console.log
      Γöé Type: undefined

      at Builder.generateB
uildReport (src/stages/5-b
uilder.js:645:13)

    console.log
      Γöé Size: 2x2x2

      at Builder.generateB
uildReport (src/stages/5-b
uilder.js:646:13)

    console.log
      Γöé Duration: 0s

      at Builder.generateB
uildReport (src/stages/5-b
uilder.js:647:13)

    console.log
      Γöé Blocks: 0 
(0.0/s)

      at Builder.generateB
uildReport (src/stages/5-b
uilder.js:648:13)

    console.log
      Γöé Success: Γ£ô

      at Builder.generateB
uildReport (src/stages/5-b
uilder.js:649:13)

    console.log
      ΓööΓöÇΓöÇΓöÇΓöÇΓöÇΓö
ÇΓöÇΓöÇΓöÇΓöÇΓöÇΓöÇΓöÇΓöÇΓ
öÇΓöÇΓöÇΓöÇΓöÇΓöÇΓöÇΓöÇΓöÇ
ΓöÇΓöÇΓöÇΓöÇΓöÇΓöÇΓöÇΓöÇΓö
ÇΓöÇΓöÇΓöÇΓöÇΓöÇΓöÇΓöÇΓöÇΓ
öÇΓöÇΓöÇΓöÇΓöÇΓöÇΓöÇΓöÇΓöÇ
ΓöÇΓöÇΓöÇΓöÇΓöÇΓöÇΓöÇΓöÇ

      at Builder.generateB
uildReport (src/stages/5-b
uilder.js:650:13)

    console.log
      Undoing 1 WorldEdit 
operations...

      at Builder.undo (src
/stages/5-builder.js:1195:
15)

    console.log
        WorldEdit: 2 
undone, 0 failed

      at Builder.undo (src
/stages/5-builder.js:1199:
17)

    console.log
      Undoing vanilla 
blocks (1 blocks)...

      at Builder.undo (src
/stages/5-builder.js:1211:
15)

    console.log
      Γ£ô Undo completed

      at Builder.undo (src
/stages/5-builder.js:1223:
13)

    console.warn
      Build interrupted: 
bot disconnected

    [0m [90m 145 |[39m 
      [36mthis[39m[33m.
[39mbot[33m.[39mon([32
m'end'[39m[33m,[39m () 
[33m=>[39m {
     [90m 146 |[39m     
    [36mif[39m ([36mthi
s[39m[33m.[39mbuilding)
 {
    
[31m[1m>[22m[39m[90m 
147 |[39m           conso
le[33m.[39mwarn([32m'Bu
ild interrupted: bot disco
nnected'[39m)[33m;[39m
     [90m     |[39m     
              
[31m[1m^[22m[39m
     [90m 148 |[39m     
      [36mthis[39m[33m.
[39mbuilding [33m=[39m 
[36mfalse[39m[33m;[39m
     [90m 149 |[39m     
      [36mthis[39m[33m.
[39mbuildMutex[33m.[39m
release()[33m;[39m
     [90m 150 |[39m     
    }[0m

      at src/stages/5-buil
der.js:147:19
      at tests/stages/buil
der.test.js:58:51
          at 
Array.forEach 
(<anonymous>)
      at Object.emit (test
s/stages/builder.test.js:5
8:32)
      at 
Object.<anonymous> (tests/
stages/builder.test.js:336
:15)

    console.log
      Starting build 
execution...

      at 
Builder.executeBlueprint (
src/stages/5-builder.js:39
8:15)

    console.log
        Location: 0, 64, 0

      at 
Builder.executeBlueprint (
src/stages/5-builder.js:39
9:15)

    console.log
        Total steps: 1

      at 
Builder.executeBlueprint (
src/stages/5-builder.js:40
0:15)

    console.log
        WorldEdit: ENABLED

      at 
Builder.executeBlueprint (
src/stages/5-builder.js:40
1:15)

    console.log
      
      ΓåÆ Validating 
materials...

      at 
Builder.executeBlueprint (
src/stages/5-builder.js:40
4:15)

    console.log
      Γ£ô Creative mode - 
unlimited materials

      at 
Builder.executeBlueprint (
src/stages/5-builder.js:40
6:15)

    console.log
        ΓåÆ Auto-clearing 
build site...

      at 
Builder.autoClearArea (src
/stages/5-builder.js:173:1
3)

    console.warn
          ΓÜá Auto-clear 
failed: WE failed

    [0m [90m 194 |[39m 
        console[33m.[39m
log([32m'    Γ£ô Site 
cleared (WorldEdit)'[39m)
[33m;[39m
     [90m 195 |[39m     
  } [36mcatch[39m (e) {
    
[31m[1m>[22m[39m[90m 
196 |[39m         console
[33m.[39mwarn([32m`    
ΓÜá Auto-clear failed: ${e
.message}`[39m)[33m;[39
m
     [90m     |[39m     
            
[31m[1m^[22m[39m
     [90m 197 |[39m     
  }
     [90m 198 |[39m     
} [36melse[39m {
     [90m 199 |[39m     
  console[33m.[39mlog([
32m'    ΓÜá Auto-clear 
skipped (Vanilla clearing 
too slow)'[39m)[33m;[39
m[0m

      at 
Builder.autoClearArea (src
/stages/5-builder.js:196:1
7)
      at 
Builder.executeBlueprint (
src/stages/5-builder.js:42
8:7)
      at 
Object.<anonymous> (tests/
stages/builder.test.js:367
:7)

    console.log
        Step 1/1: we_fill

      at 
Builder.executeBlueprint (
src/stages/5-builder.js:46
9:17)

    console.error
      Build execution 
failed: DEBUG is not 
defined

    [0m [90m 600 |[39m
     [90m 601 |[39m     
} [36mcatch[39m (error) 
{
    
[31m[1m>[22m[39m[90m 
602 |[39m       console[
33m.[39merror([32m`Build
 execution failed: ${error
.message}`[39m)[33m;[39
m
     [90m     |[39m     
          
[31m[1m^[22m[39m
     [90m 603 |[39m     
  [36mthrow[39m 
error[33m;[39m
     [90m 604 |[39m     
} [36mfinally[39m {
     [90m 605 |[39m     
  [36mthis[39m[33m.[39
mbuilding [33m=[39m [36
mfalse[39m[33m;[39m[0m

      at 
Builder.executeBlueprint (
src/stages/5-builder.js:60
2:15)
      at 
Object.<anonymous> (tests/
stages/builder.test.js:367
:7)

  ΓùÅ Builder P0 Fixes 
ΓÇ║ Build Mutex (Race 
Condition Prevention) ΓÇ║ 
should prevent concurrent 
builds

    ReferenceError: DEBUG 
is not defined

    [0m [90m 468 |[39m
     [90m 469 |[39m     
    console[33m.[39mlog(
[32m`  Step ${i + 1}/${bl
ueprint.steps.length}: ${s
tep.op}`[39m)[33m;[39m
    
[31m[1m>[22m[39m[90m 
470 |[39m         
[36mif[39m 
([33mDEBUG[39m) {
     [90m     |[39m     
    [31m[1m^[22m[39m
     [90m 471 |[39m     
      [36mconst[39m 
detailStr [33m=[39m 
step[33m.[39mblock 
[33m?[39m [32m`block=${
step.block}`[39m 
[33m:[39m 
[32m''[39m[33m;[39m
     [90m 472 |[39m     
      [36mconst[39m 
posStr [33m=[39m step[3
3m.[39m[36mfrom[39m 
[33m?[39m [32m`from=${J
SON.stringify(step.from)} 
to=${JSON.stringify(step.t
o)}`[39m [33m:[39m
     [90m 473 |[39m     
        
(step[33m.[39mpos 
[33m?[39m [32m`pos=${JS
ON.stringify(step.pos)}`[
39m [33m:[39m [32m''[3
9m)[33m;[39m[0m

      at 
Builder.executeBlueprint (
src/stages/5-builder.js:47
0:9)

  ΓùÅ Builder P0 Fixes 
ΓÇ║ Build Mutex (Race 
Condition Prevention) ΓÇ║ 
should prevent concurrent 
builds

    ReferenceError: DEBUG 
is not defined

    [0m [90m 468 |[39m
     [90m 469 |[39m     
    console[33m.[39mlog(
[32m`  Step ${i + 1}/${bl
ueprint.steps.length}: ${s
tep.op}`[39m)[33m;[39m
    
[31m[1m>[22m[39m[90m 
470 |[39m         
[36mif[39m 
([33mDEBUG[39m) {
     [90m     |[39m     
    [31m[1m^[22m[39m
     [90m 471 |[39m     
      [36mconst[39m 
detailStr [33m=[39m 
step[33m.[39mblock 
[33m?[39m [32m`block=${
step.block}`[39m 
[33m:[39m 
[32m''[39m[33m;[39m
     [90m 472 |[39m     
      [36mconst[39m 
posStr [33m=[39m step[3
3m.[39m[36mfrom[39m 
[33m?[39m [32m`from=${J
SON.stringify(step.from)} 
to=${JSON.stringify(step.t
o)}`[39m [33m:[39m
     [90m 473 |[39m     
        
(step[33m.[39mpos 
[33m?[39m [32m`pos=${JS
ON.stringify(step.pos)}`[
39m [33m:[39m [32m''[3
9m)[33m;[39m[0m

      at 
Builder.executeBlueprint (
src/stages/5-builder.js:47
0:9)

  ΓùÅ Builder P0 Fixes 
ΓÇ║ WorldEdit Undo 
Tracking ΓÇ║ should track 
WorldEdit operations in 
history

    ReferenceError: DEBUG 
is not defined

    [0m [90m 468 |[39m
     [90m 469 |[39m     
    console[33m.[39mlog(
[32m`  Step ${i + 1}/${bl
ueprint.steps.length}: ${s
tep.op}`[39m)[33m;[39m
    
[31m[1m>[22m[39m[90m 
470 |[39m         
[36mif[39m 
([33mDEBUG[39m) {
     [90m     |[39m     
    [31m[1m^[22m[39m
     [90m 471 |[39m     
      [36mconst[39m 
detailStr [33m=[39m 
step[33m.[39mblock 
[33m?[39m [32m`block=${
step.block}`[39m 
[33m:[39m 
[32m''[39m[33m;[39m
     [90m 472 |[39m     
      [36mconst[39m 
posStr [33m=[39m step[3
3m.[39m[36mfrom[39m 
[33m?[39m [32m`from=${J
SON.stringify(step.from)} 
to=${JSON.stringify(step.t
o)}`[39m [33m:[39m
     [90m 473 |[39m     
        
(step[33m.[39mpos 
[33m?[39m [32m`pos=${JS
ON.stringify(step.pos)}`[
39m [33m:[39m [32m''[3
9m)[33m;[39m[0m

      at 
Builder.executeBlueprint (
src/stages/5-builder.js:47
0:9)
      at 
Object.<anonymous> (tests/
stages/builder.test.js:218
:7)

  ΓùÅ Builder P0 Fixes 
ΓÇ║ Fallback Tracking ΓÇ║ 
should not add WE to 
history when fallback is 
used

    ReferenceError: DEBUG 
is not defined

    [0m [90m 468 |[39m
     [90m 469 |[39m     
    console[33m.[39mlog(
[32m`  Step ${i + 1}/${bl
ueprint.steps.length}: ${s
tep.op}`[39m)[33m;[39m
    
[31m[1m>[22m[39m[90m 
470 |[39m         
[36mif[39m 
([33mDEBUG[39m) {
     [90m     |[39m     
    [31m[1m^[22m[39m
     [90m 471 |[39m     
      [36mconst[39m 
detailStr [33m=[39m 
step[33m.[39mblock 
[33m?[39m [32m`block=${
step.block}`[39m 
[33m:[39m 
[32m''[39m[33m;[39m
     [90m 472 |[39m     
      [36mconst[39m 
posStr [33m=[39m step[3
3m.[39m[36mfrom[39m 
[33m?[39m [32m`from=${J
SON.stringify(step.from)} 
to=${JSON.stringify(step.t
o)}`[39m [33m:[39m
     [90m 473 |[39m     
        
(step[33m.[39mpos 
[33m?[39m [32m`pos=${JS
ON.stringify(step.pos)}`[
39m [33m:[39m [32m''[3
9m)[33m;[39m[0m

      at 
Builder.executeBlueprint (
src/stages/5-builder.js:47
0:9)
      at 
Object.<anonymous> (tests/
stages/builder.test.js:367
:7)

PASS tests/worldedit/execu
tor.test.js (14.672 s)
  ΓùÅ Console

    console.log
      Detecting WorldEdit 
plugin...

      at WorldEditExecutor
.detectWorldEdit (src/worl
dedit/executor.js:112:15)

    console.log
      Γ£ô WorldEdit 
detected: WorldEdit 
version 7.2.15...

      at WorldEditExecutor
.detectWorldEdit (src/worl
dedit/executor.js:135:17)

    console.log
      Detecting WorldEdit 
plugin...

      at WorldEditExecutor
.detectWorldEdit (src/worl
dedit/executor.js:112:15)

    console.log
      Γ£ô WorldEdit 
detected: 
FastAsyncWorldEdit 
version 2.5.0...

      at WorldEditExecutor
.detectWorldEdit (src/worl
dedit/executor.js:135:17)

    console.log
      Detecting WorldEdit 
plugin...

      at WorldEditExecutor
.detectWorldEdit (src/worl
dedit/executor.js:112:15)

    console.log
        No //version 
response, trying //sel...

      at WorldEditExecutor
.detectWorldEdit (src/worl
dedit/executor.js:139:17)

    console.log
      Γ£ô WorldEdit 
detected via //sel command

      at WorldEditExecutor
.detectWorldEdit (src/worl
dedit/executor.js:156:19)

    console.log
      Detecting WorldEdit 
plugin...

      at WorldEditExecutor
.detectWorldEdit (src/worl
dedit/executor.js:112:15)

    console.log
        No //version 
response, trying //sel...

      at WorldEditExecutor
.detectWorldEdit (src/worl
dedit/executor.js:139:17)

    console.log
      Γ£ù WorldEdit not 
available: no response to 
commands

      at WorldEditExecutor
.detectWorldEdit (src/worl
dedit/executor.js:160:17)

    console.log
      Γ£ù WorldEdit not 
available: bot.chat not 
available

      at WorldEditExecutor
.detectWorldEdit (src/worl
dedit/executor.js:106:15)

    console.log
      WorldEdit disabled 
in configuration

      at WorldEditExecutor
.detectWorldEdit (src/worl
dedit/executor.js:100:15)

    console.log
        [WorldEdit] //set 
stone

      at WorldEditExecutor
.executeCommand (src/world
edit/executor.js:241:13)

    console.log
          ΓåÆ 1000 blocks 
have been changed

      at WorldEditExecutor
.executeCommand (src/world
edit/executor.js:290:17)

    console.log
        [WorldEdit] //set 
stone

      at WorldEditExecutor
.executeCommand (src/world
edit/executor.js:241:13)

    console.error
          Γ£ù WorldEdit 
error: PERMISSION_DENIED

    [0m [90m 273 |[39m 
          error[33m.[39m
suggestedFix [33m=[39m e
rrorInfo[33m.[39msuggest
edFix[33m;[39m
     [90m 274 |[39m     
      
error[33m.[39mcommand 
[33m=[39m 
command[33m;[39m
    
[31m[1m>[22m[39m[90m 
275 |[39m           conso
le[33m.[39merror([32m` 
   Γ£ù WorldEdit error: ${
errorInfo.type}`[39m)[33
m;[39m
     [90m     |[39m     
              
[31m[1m^[22m[39m
     [90m 276 |[39m     
      console[33m.[39mer
ror([32m`      Command: $
{command}`[39m)[33m;[39
m
     [90m 277 |[39m     
      console[33m.[39mer
ror([32m`      
Suggestion: ${errorInfo.su
ggestedFix}`[39m)[33m;[
39m
     [90m 278 |[39m     
      [36mthrow[39m 
error[33m;[39m[0m

      at WorldEditExecutor
.executeCommand (src/world
edit/executor.js:275:19)
      at 
Object.<anonymous> (tests/
worldedit/executor.test.js
:146:7)

    console.error
            Command: 
//set stone

    [0m [90m 274 |[39m 
          
error[33m.[39mcommand 
[33m=[39m 
command[33m;[39m
     [90m 275 |[39m     
      console[33m.[39mer
ror([32m`    Γ£ù 
WorldEdit error: ${errorIn
fo.type}`[39m)[33m;[39m
    
[31m[1m>[22m[39m[90m 
276 |[39m           conso
le[33m.[39merror([32m` 
     Command: ${command}`
[39m)[33m;[39m
     [90m     |[39m     
              
[31m[1m^[22m[39m
     [90m 277 |[39m     
      console[33m.[39mer
ror([32m`      
Suggestion: ${errorInfo.su
ggestedFix}`[39m)[33m;[
39m
     [90m 278 |[39m     
      [36mthrow[39m 
error[33m;[39m
     [90m 279 |[39m     
    }[0m

      at WorldEditExecutor
.executeCommand (src/world
edit/executor.js:276:19)
      at 
Object.<anonymous> (tests/
worldedit/executor.test.js
:146:7)

    console.error
            Suggestion: 
Grant WorldEdit 
permissions to the bot 
user. Required: 
worldedit.selection.*, 
worldedit.region.*, 
worldedit.generation.*

    [0m [90m 275 |[39m 
          console[33m.[3
9merror([32m`    Γ£ù 
WorldEdit error: ${errorIn
fo.type}`[39m)[33m;[39m
     [90m 276 |[39m     
      console[33m.[39mer
ror([32m`      Command: $
{command}`[39m)[33m;[39
m
    
[31m[1m>[22m[39m[90m 
277 |[39m           conso
le[33m.[39merror([32m` 
     Suggestion: ${errorIn
fo.suggestedFix}`[39m)[3
3m;[39m
     [90m     |[39m     
              
[31m[1m^[22m[39m
     [90m 278 |[39m     
      [36mthrow[39m 
error[33m;[39m
     [90m 279 |[39m     
    }
     [90m 280 |[39m[0m

      at WorldEditExecutor
.executeCommand (src/world
edit/executor.js:277:19)
      at 
Object.<anonymous> (tests/
worldedit/executor.test.js
:146:7)

    console.log
        [WorldEdit] //set 
stone

      at WorldEditExecutor
.executeCommand (src/world
edit/executor.js:241:13)

    console.error
          Γ£ù WorldEdit 
error: PLUGIN_NOT_FOUND

    [0m [90m 273 |[39m 
          error[33m.[39m
suggestedFix [33m=[39m e
rrorInfo[33m.[39msuggest
edFix[33m;[39m
     [90m 274 |[39m     
      
error[33m.[39mcommand 
[33m=[39m 
command[33m;[39m
    
[31m[1m>[22m[39m[90m 
275 |[39m           conso
le[33m.[39merror([32m` 
   Γ£ù WorldEdit error: ${
errorInfo.type}`[39m)[33
m;[39m
     [90m     |[39m     
              
[31m[1m^[22m[39m
     [90m 276 |[39m     
      console[33m.[39mer
ror([32m`      Command: $
{command}`[39m)[33m;[39
m
     [90m 277 |[39m     
      console[33m.[39mer
ror([32m`      
Suggestion: ${errorInfo.su
ggestedFix}`[39m)[33m;[
39m
     [90m 278 |[39m     
      [36mthrow[39m 
error[33m;[39m[0m

      at WorldEditExecutor
.executeCommand (src/world
edit/executor.js:275:19)
      at 
Object.<anonymous> (tests/
worldedit/executor.test.js
:160:7)

    console.error
            Command: 
//set stone

    [0m [90m 274 |[39m 
          
error[33m.[39mcommand 
[33m=[39m 
command[33m;[39m
     [90m 275 |[39m     
      console[33m.[39mer
ror([32m`    Γ£ù 
WorldEdit error: ${errorIn
fo.type}`[39m)[33m;[39m
    
[31m[1m>[22m[39m[90m 
276 |[39m           conso
le[33m.[39merror([32m` 
     Command: ${command}`
[39m)[33m;[39m
     [90m     |[39m     
              
[31m[1m^[22m[39m
     [90m 277 |[39m     
      console[33m.[39mer
ror([32m`      
Suggestion: ${errorInfo.su
ggestedFix}`[39m)[33m;[
39m
     [90m 278 |[39m     
      [36mthrow[39m 
error[33m;[39m
     [90m 279 |[39m     
    }[0m

      at WorldEditExecutor
.executeCommand (src/world
edit/executor.js:276:19)
      at 
Object.<anonymous> (tests/
worldedit/executor.test.js
:160:7)

    console.error
            Suggestion: 
Ensure WorldEdit/FAWE 
plugin is installed and 
loaded. Check //version 
command.

    [0m [90m 275 |[39m 
          console[33m.[3
9merror([32m`    Γ£ù 
WorldEdit error: ${errorIn
fo.type}`[39m)[33m;[39m
     [90m 276 |[39m     
      console[33m.[39mer
ror([32m`      Command: $
{command}`[39m)[33m;[39
m
    
[31m[1m>[22m[39m[90m 
277 |[39m           conso
le[33m.[39merror([32m` 
     Suggestion: ${errorIn
fo.suggestedFix}`[39m)[3
3m;[39m
     [90m     |[39m     
              
[31m[1m^[22m[39m
     [90m 278 |[39m     
      [36mthrow[39m 
error[33m;[39m
     [90m 279 |[39m     
    }
     [90m 280 |[39m[0m

      at WorldEditExecutor
.executeCommand (src/world
edit/executor.js:277:19)
      at 
Object.<anonymous> (tests/
worldedit/executor.test.js
:160:7)

    console.log
        [WorldEdit] //set 
stone

      at WorldEditExecutor
.executeCommand (src/world
edit/executor.js:241:13)

    console.warn
          ΓÜá No 
acknowledgment received 
for: //set stone

    [0m [90m 299 |[39m 
      } [36melse[39m {
     [90m 300 |[39m     
    [90m// No response - 
command may have worked 
but no feedback[39m
    
[31m[1m>[22m[39m[90m 
301 |[39m         console
[33m.[39mwarn([32m`    
ΓÜá No acknowledgment 
received for: ${command}`
[39m)[33m;[39m
     [90m     |[39m     
            
[31m[1m^[22m[39m
     [90m 302 |[39m     
    console[33m.[39mwarn
([32m`      This could 
indicate: plugin lag, 
chat spam filter, or 
command 
failure`[39m)[33m;[39m
     [90m 303 |[39m
     [90m 304 |[39m     
    [90m// Track 
unconfirmed 
operation[39m[0m

      at WorldEditExecutor
.executeCommand (src/world
edit/executor.js:301:17)
      at 
Object.<anonymous> (tests/
worldedit/executor.test.js
:170:22)

    console.warn
            This could 
indicate: plugin lag, 
chat spam filter, or 
command failure

    [0m [90m 300 |[39m 
        [90m// No 
response - command may 
have worked but no 
feedback[39m
     [90m 301 |[39m     
    console[33m.[39mwarn
([32m`    ΓÜá No 
acknowledgment received 
for: ${command}`[39m)[33
m;[39m
    
[31m[1m>[22m[39m[90m 
302 |[39m         console
[33m.[39mwarn([32m`    
  This could indicate: 
plugin lag, chat spam 
filter, or command 
failure`[39m)[33m;[39m
     [90m     |[39m     
            
[31m[1m^[22m[39m
     [90m 303 |[39m
     [90m 304 |[39m     
    [90m// Track 
unconfirmed operation[39m
     [90m 305 |[39m     
    [36mthis[39m[33m.[
39munconfirmedOps[33m.[3
9mpush({[0m

      at WorldEditExecutor
.executeCommand (src/world
edit/executor.js:302:17)
      at 
Object.<anonymous> (tests/
worldedit/executor.test.js
:170:22)

    console.log
        [WorldEdit] 
//pos1 10,64,10

      at WorldEditExecutor
.executeCommand (src/world
edit/executor.js:241:13)

    console.log
        [WorldEdit] //sel 
cuboid

      at WorldEditExecutor
.executeCommand (src/world
edit/executor.js:241:13)

    console.log
        [WorldEdit] 
//pos1 0,0,0

      at WorldEditExecutor
.executeCommand (src/world
edit/executor.js:241:13)

    console.log
        [WorldEdit] //set 
stone

      at WorldEditExecutor
.executeCommand (src/world
edit/executor.js:241:13)

    console.log
        [WorldEdit] //set 
stone

      at WorldEditExecutor
.executeCommand (src/world
edit/executor.js:241:13)

    console.log
        [WorldEdit] //sel 
cuboid

      at WorldEditExecutor
.executeCommand (src/world
edit/executor.js:241:13)

    console.log
        [WorldEdit] //set 
stone

      at WorldEditExecutor
.executeCommand (src/world
edit/executor.js:241:13)

    console.log
        [WorldEdit] 
//pos1 0,0,0

      at WorldEditExecutor
.executeCommand (src/world
edit/executor.js:241:13)

    console.log
        [WorldEdit] 
//walls oak_planks

      at WorldEditExecutor
.executeCommand (src/world
edit/executor.js:241:13)

    console.log
      Undoing 2 WorldEdit 
operations...

      at 
WorldEditExecutor.undoAll 
(src/worldedit/executor.js
:597:13)

    console.log
        [WorldEdit] //undo

      at WorldEditExecutor
.executeCommand (src/world
edit/executor.js:241:13)

    console.log
        [WorldEdit] //undo

      at WorldEditExecutor
.executeCommand (src/world
edit/executor.js:241:13)

    console.log
        [WorldEdit] //set 
stone

      at WorldEditExecutor
.executeCommand (src/world
edit/executor.js:241:13)

    console.warn
      ΓÜá Spam warning 
detected, increasing 
delays...

    [0m [90m 39 |[39m  
         textLower[33m.[
39mincludes([32m'slow 
down'[39m) [33m||[39m
     [90m 40 |[39m      
     textLower[33m.[39mi
ncludes([32m'wait'[39m))
 {
    
[31m[1m>[22m[39m[90m 
41 |[39m           consol
e[33m.[39mwarn([32m'ΓÜá
 Spam warning detected, 
increasing delays...'[39m
)[33m;[39m
     [90m    |[39m      
             
[31m[1m^[22m[39m
     [90m 42 |[39m      
     [36mthis[39m[33m.
[39mspamDetected 
[33m=[39m 
[36mtrue[39m[33m;[39m
     [90m 43 |[39m      
     [36mthis[39m[33m.
[39mbackoffMultiplier 
[33m=[39m [33mMath[39m
[33m.[39mmin([36mthis[
39m[33m.[39mbackoffMulti
plier [33m*[39m 
[35m2[39m[33m,[39m 
[35m4.0[39m)[33m;[39m
     [90m 44 |[39m      
   }[0m

      at src/worldedit/exe
cutor.js:41:19
      at tests/worldedit/e
xecutor.test.js:21:51
          at 
Array.forEach 
(<anonymous>)
      at Object.emit (test
s/worldedit/executor.test.
js:21:32)
      at 
Object.<anonymous> (tests/
worldedit/executor.test.js
:279:15)

    console.warn
      ΓÜá Spam warning 
detected, increasing 
delays...

    [0m [90m 39 |[39m  
         textLower[33m.[
39mincludes([32m'slow 
down'[39m) [33m||[39m
     [90m 40 |[39m      
     textLower[33m.[39mi
ncludes([32m'wait'[39m))
 {
    
[31m[1m>[22m[39m[90m 
41 |[39m           consol
e[33m.[39mwarn([32m'ΓÜá
 Spam warning detected, 
increasing delays...'[39m
)[33m;[39m
     [90m    |[39m      
             
[31m[1m^[22m[39m
     [90m 42 |[39m      
     [36mthis[39m[33m.
[39mspamDetected 
[33m=[39m 
[36mtrue[39m[33m;[39m
     [90m 43 |[39m      
     [36mthis[39m[33m.
[39mbackoffMultiplier 
[33m=[39m [33mMath[39m
[33m.[39mmin([36mthis[
39m[33m.[39mbackoffMulti
plier [33m*[39m 
[35m2[39m[33m,[39m 
[35m4.0[39m)[33m;[39m
     [90m 44 |[39m      
   }[0m

      at src/worldedit/exe
cutor.js:41:19
      at tests/worldedit/e
xecutor.test.js:21:51
          at 
Array.forEach 
(<anonymous>)
      at Object.emit (test
s/worldedit/executor.test.
js:21:32)
      at 
Object.<anonymous> (tests/
worldedit/executor.test.js
:284:15)

    console.warn
      ΓÜá Spam warning 
detected, increasing 
delays...

    [0m [90m 39 |[39m  
         textLower[33m.[
39mincludes([32m'slow 
down'[39m) [33m||[39m
     [90m 40 |[39m      
     textLower[33m.[39mi
ncludes([32m'wait'[39m))
 {
    
[31m[1m>[22m[39m[90m 
41 |[39m           consol
e[33m.[39mwarn([32m'ΓÜá
 Spam warning detected, 
increasing delays...'[39m
)[33m;[39m
     [90m    |[39m      
             
[31m[1m^[22m[39m
     [90m 42 |[39m      
     [36mthis[39m[33m.
[39mspamDetected 
[33m=[39m 
[36mtrue[39m[33m;[39m
     [90m 43 |[39m      
     [36mthis[39m[33m.
[39mbackoffMultiplier 
[33m=[39m [33mMath[39m
[33m.[39mmin([36mthis[
39m[33m.[39mbackoffMulti
plier [33m*[39m 
[35m2[39m[33m,[39m 
[35m4.0[39m)[33m;[39m
     [90m 44 |[39m      
   }[0m

      at src/worldedit/exe
cutor.js:41:19
      at tests/worldedit/e
xecutor.test.js:21:51
          at 
Array.forEach 
(<anonymous>)
      at Object.emit (test
s/worldedit/executor.test.
js:21:32)
      at 
Object.<anonymous> (tests/
worldedit/executor.test.js
:294:17)

    console.warn
      ΓÜá Spam warning 
detected, increasing 
delays...

    [0m [90m 39 |[39m  
         textLower[33m.[
39mincludes([32m'slow 
down'[39m) [33m||[39m
     [90m 40 |[39m      
     textLower[33m.[39mi
ncludes([32m'wait'[39m))
 {
    
[31m[1m>[22m[39m[90m 
41 |[39m           consol
e[33m.[39mwarn([32m'ΓÜá
 Spam warning detected, 
increasing delays...'[39m
)[33m;[39m
     [90m    |[39m      
             
[31m[1m^[22m[39m
     [90m 42 |[39m      
     [36mthis[39m[33m.
[39mspamDetected 
[33m=[39m 
[36mtrue[39m[33m;[39m
     [90m 43 |[39m      
     [36mthis[39m[33m.
[39mbackoffMultiplier 
[33m=[39m [33mMath[39m
[33m.[39mmin([36mthis[
39m[33m.[39mbackoffMulti
plier [33m*[39m 
[35m2[39m[33m,[39m 
[35m4.0[39m)[33m;[39m
     [90m 44 |[39m      
   }[0m

      at src/worldedit/exe
cutor.js:41:19
      at tests/worldedit/e
xecutor.test.js:21:51
          at 
Array.forEach 
(<anonymous>)
      at Object.emit (test
s/worldedit/executor.test.
js:21:32)
      at 
Object.<anonymous> (tests/
worldedit/executor.test.js
:294:17)

    console.warn
      ΓÜá Spam warning 
detected, increasing 
delays...

    [0m [90m 39 |[39m  
         textLower[33m.[
39mincludes([32m'slow 
down'[39m) [33m||[39m
     [90m 40 |[39m      
     textLower[33m.[39mi
ncludes([32m'wait'[39m))
 {
    
[31m[1m>[22m[39m[90m 
41 |[39m           consol
e[33m.[39mwarn([32m'ΓÜá
 Spam warning detected, 
increasing delays...'[39m
)[33m;[39m
     [90m    |[39m      
             
[31m[1m^[22m[39m
     [90m 42 |[39m      
     [36mthis[39m[33m.
[39mspamDetected 
[33m=[39m 
[36mtrue[39m[33m;[39m
     [90m 43 |[39m      
     [36mthis[39m[33m.
[39mbackoffMultiplier 
[33m=[39m [33mMath[39m
[33m.[39mmin([36mthis[
39m[33m.[39mbackoffMulti
plier [33m*[39m 
[35m2[39m[33m,[39m 
[35m4.0[39m)[33m;[39m
     [90m 44 |[39m      
   }[0m

      at src/worldedit/exe
cutor.js:41:19
      at tests/worldedit/e
xecutor.test.js:21:51
          at 
Array.forEach 
(<anonymous>)
      at Object.emit (test
s/worldedit/executor.test.
js:21:32)
      at 
Object.<anonymous> (tests/
worldedit/executor.test.js
:294:17)

    console.warn
      ΓÜá Spam warning 
detected, increasing 
delays...

    [0m [90m 39 |[39m  
         textLower[33m.[
39mincludes([32m'slow 
down'[39m) [33m||[39m
     [90m 40 |[39m      
     textLower[33m.[39mi
ncludes([32m'wait'[39m))
 {
    
[31m[1m>[22m[39m[90m 
41 |[39m           consol
e[33m.[39mwarn([32m'ΓÜá
 Spam warning detected, 
increasing delays...'[39m
)[33m;[39m
     [90m    |[39m      
             
[31m[1m^[22m[39m
     [90m 42 |[39m      
     [36mthis[39m[33m.
[39mspamDetected 
[33m=[39m 
[36mtrue[39m[33m;[39m
     [90m 43 |[39m      
     [36mthis[39m[33m.
[39mbackoffMultiplier 
[33m=[39m [33mMath[39m
[33m.[39mmin([36mthis[
39m[33m.[39mbackoffMulti
plier [33m*[39m 
[35m2[39m[33m,[39m 
[35m4.0[39m)[33m;[39m
     [90m 44 |[39m      
   }[0m

      at src/worldedit/exe
cutor.js:41:19
      at tests/worldedit/e
xecutor.test.js:21:51
          at 
Array.forEach 
(<anonymous>)
      at Object.emit (test
s/worldedit/executor.test.
js:21:32)
      at 
Object.<anonymous> (tests/
worldedit/executor.test.js
:294:17)

    console.warn
      ΓÜá Spam warning 
detected, increasing 
delays...

    [0m [90m 39 |[39m  
         textLower[33m.[
39mincludes([32m'slow 
down'[39m) [33m||[39m
     [90m 40 |[39m      
     textLower[33m.[39mi
ncludes([32m'wait'[39m))
 {
    
[31m[1m>[22m[39m[90m 
41 |[39m           consol
e[33m.[39mwarn([32m'ΓÜá
 Spam warning detected, 
increasing delays...'[39m
)[33m;[39m
     [90m    |[39m      
             
[31m[1m^[22m[39m
     [90m 42 |[39m      
     [36mthis[39m[33m.
[39mspamDetected 
[33m=[39m 
[36mtrue[39m[33m;[39m
     [90m 43 |[39m      
     [36mthis[39m[33m.
[39mbackoffMultiplier 
[33m=[39m [33mMath[39m
[33m.[39mmin([36mthis[
39m[33m.[39mbackoffMulti
plier [33m*[39m 
[35m2[39m[33m,[39m 
[35m4.0[39m)[33m;[39m
     [90m 44 |[39m      
   }[0m

      at src/worldedit/exe
cutor.js:41:19
      at tests/worldedit/e
xecutor.test.js:21:51
          at 
Array.forEach 
(<anonymous>)
      at Object.emit (test
s/worldedit/executor.test.
js:21:32)
      at 
Object.<anonymous> (tests/
worldedit/executor.test.js
:294:17)

    console.warn
      ΓÜá Spam warning 
detected, increasing 
delays...

    [0m [90m 39 |[39m  
         textLower[33m.[
39mincludes([32m'slow 
down'[39m) [33m||[39m
     [90m 40 |[39m      
     textLower[33m.[39mi
ncludes([32m'wait'[39m))
 {
    
[31m[1m>[22m[39m[90m 
41 |[39m           consol
e[33m.[39mwarn([32m'ΓÜá
 Spam warning detected, 
increasing delays...'[39m
)[33m;[39m
     [90m    |[39m      
             
[31m[1m^[22m[39m
     [90m 42 |[39m      
     [36mthis[39m[33m.
[39mspamDetected 
[33m=[39m 
[36mtrue[39m[33m;[39m
     [90m 43 |[39m      
     [36mthis[39m[33m.
[39mbackoffMultiplier 
[33m=[39m [33mMath[39m
[33m.[39mmin([36mthis[
39m[33m.[39mbackoffMulti
plier [33m*[39m 
[35m2[39m[33m,[39m 
[35m4.0[39m)[33m;[39m
     [90m 44 |[39m      
   }[0m

      at src/worldedit/exe
cutor.js:41:19
      at tests/worldedit/e
xecutor.test.js:21:51
          at 
Array.forEach 
(<anonymous>)
      at Object.emit (test
s/worldedit/executor.test.
js:21:32)
      at 
Object.<anonymous> (tests/
worldedit/executor.test.js
:294:17)

    console.warn
      ΓÜá Spam warning 
detected, increasing 
delays...

    [0m [90m 39 |[39m  
         textLower[33m.[
39mincludes([32m'slow 
down'[39m) [33m||[39m
     [90m 40 |[39m      
     textLower[33m.[39mi
ncludes([32m'wait'[39m))
 {
    
[31m[1m>[22m[39m[90m 
41 |[39m           consol
e[33m.[39mwarn([32m'ΓÜá
 Spam warning detected, 
increasing delays...'[39m
)[33m;[39m
     [90m    |[39m      
             
[31m[1m^[22m[39m
     [90m 42 |[39m      
     [36mthis[39m[33m.
[39mspamDetected 
[33m=[39m 
[36mtrue[39m[33m;[39m
     [90m 43 |[39m      
     [36mthis[39m[33m.
[39mbackoffMultiplier 
[33m=[39m [33mMath[39m
[33m.[39mmin([36mthis[
39m[33m.[39mbackoffMulti
plier [33m*[39m 
[35m2[39m[33m,[39m 
[35m4.0[39m)[33m;[39m
     [90m 44 |[39m      
   }[0m

      at src/worldedit/exe
cutor.js:41:19
      at tests/worldedit/e
xecutor.test.js:21:51
          at 
Array.forEach 
(<anonymous>)
      at Object.emit (test
s/worldedit/executor.test.
js:21:32)
      at 
Object.<anonymous> (tests/
worldedit/executor.test.js
:294:17)

    console.warn
      ΓÜá Spam warning 
detected, increasing 
delays...

    [0m [90m 39 |[39m  
         textLower[33m.[
39mincludes([32m'slow 
down'[39m) [33m||[39m
     [90m 40 |[39m      
     textLower[33m.[39mi
ncludes([32m'wait'[39m))
 {
    
[31m[1m>[22m[39m[90m 
41 |[39m           consol
e[33m.[39mwarn([32m'ΓÜá
 Spam warning detected, 
increasing delays...'[39m
)[33m;[39m
     [90m    |[39m      
             
[31m[1m^[22m[39m
     [90m 42 |[39m      
     [36mthis[39m[33m.
[39mspamDetected 
[33m=[39m 
[36mtrue[39m[33m;[39m
     [90m 43 |[39m      
     [36mthis[39m[33m.
[39mbackoffMultiplier 
[33m=[39m [33mMath[39m
[33m.[39mmin([36mthis[
39m[33m.[39mbackoffMulti
plier [33m*[39m 
[35m2[39m[33m,[39m 
[35m4.0[39m)[33m;[39m
     [90m 44 |[39m      
   }[0m

      at src/worldedit/exe
cutor.js:41:19
      at tests/worldedit/e
xecutor.test.js:21:51
          at 
Array.forEach 
(<anonymous>)
      at Object.emit (test
s/worldedit/executor.test.
js:21:32)
      at 
Object.<anonymous> (tests/
worldedit/executor.test.js
:294:17)

    console.warn
      ΓÜá Spam warning 
detected, increasing 
delays...

    [0m [90m 39 |[39m  
         textLower[33m.[
39mincludes([32m'slow 
down'[39m) [33m||[39m
     [90m 40 |[39m      
     textLower[33m.[39mi
ncludes([32m'wait'[39m))
 {
    
[31m[1m>[22m[39m[90m 
41 |[39m           consol
e[33m.[39mwarn([32m'ΓÜá
 Spam warning detected, 
increasing delays...'[39m
)[33m;[39m
     [90m    |[39m      
             
[31m[1m^[22m[39m
     [90m 42 |[39m      
     [36mthis[39m[33m.
[39mspamDetected 
[33m=[39m 
[36mtrue[39m[33m;[39m
     [90m 43 |[39m      
     [36mthis[39m[33m.
[39mbackoffMultiplier 
[33m=[39m [33mMath[39m
[33m.[39mmin([36mthis[
39m[33m.[39mbackoffMulti
plier [33m*[39m 
[35m2[39m[33m,[39m 
[35m4.0[39m)[33m;[39m
     [90m 44 |[39m      
   }[0m

      at src/worldedit/exe
cutor.js:41:19
      at tests/worldedit/e
xecutor.test.js:21:51
          at 
Array.forEach 
(<anonymous>)
      at Object.emit (test
s/worldedit/executor.test.
js:21:32)
      at 
Object.<anonymous> (tests/
worldedit/executor.test.js
:294:17)

    console.warn
      ΓÜá Spam warning 
detected, increasing 
delays...

    [0m [90m 39 |[39m  
         textLower[33m.[
39mincludes([32m'slow 
down'[39m) [33m||[39m
     [90m 40 |[39m      
     textLower[33m.[39mi
ncludes([32m'wait'[39m))
 {
    
[31m[1m>[22m[39m[90m 
41 |[39m           consol
e[33m.[39mwarn([32m'ΓÜá
 Spam warning detected, 
increasing delays...'[39m
)[33m;[39m
     [90m    |[39m      
             
[31m[1m^[22m[39m
     [90m 42 |[39m      
     [36mthis[39m[33m.
[39mspamDetected 
[33m=[39m 
[36mtrue[39m[33m;[39m
     [90m 43 |[39m      
     [36mthis[39m[33m.
[39mbackoffMultiplier 
[33m=[39m [33mMath[39m
[33m.[39mmin([36mthis[
39m[33m.[39mbackoffMulti
plier [33m*[39m 
[35m2[39m[33m,[39m 
[35m4.0[39m)[33m;[39m
     [90m 44 |[39m      
   }[0m

      at src/worldedit/exe
cutor.js:41:19
      at tests/worldedit/e
xecutor.test.js:21:51
          at 
Array.forEach 
(<anonymous>)
      at Object.emit (test
s/worldedit/executor.test.
js:21:32)
      at 
Object.<anonymous> (tests/
worldedit/executor.test.js
:294:17)


Test Suites: 4 failed, 9 
passed, 13 total
Tests:       5 failed, 
164 passed, 169 total
Snapshots:   0 total
Time:        15.577 s
Ran all test suites.
